[0.013s] Invoking command in '/home/liam-bouffard/Desktop/rob599_mobile_robotics/Homework_4/pioneer_ws/build/goal_target': CMAKE_PREFIX_PATH=/home/liam-bouffard/Desktop/rob599_mobile_robotics/Homework_4/pioneer_ws/install/stage_ros2:/home/liam-bouffard/Desktop/rob599_mobile_robotics/Homework_4/pioneer_ws/install/pioneer:/home/liam-bouffard/Desktop/rob599_mobile_robotics/Homework_3/pioneer_ws/install/start_robot:/home/liam-bouffard/Desktop/rob599_mobile_robotics/Homework_3/pioneer_ws/install/pioneer:/home/liam-bouffard/Desktop/rob599_mobile_robotics/Homework_3/pioneer_ws/install/pioneer_interfaces:/home/liam-bouffard/Desktop/rob599_mobile_robotics/Homework_3/pioneer_ws/install/goal_target:/opt/ros/kilted:/home/liam-bouffard/Desktop/rob599_mobile_robotics/Homework_4/pioneer_ws/install/stage:/home/liam-bouffard/Desktop/rob599_mobile_robotics/Homework_4/pioneer_ws/install/pioneer_interfaces:/home/liam-bouffard/Desktop/rob599_mobile_robotics/Homework_4/pioneer_ws/install/goal_target:/home/liam-bouffard/Desktop/rob599_mobile_robotics/Homework_3/pioneer_ws/install/stage_ros2:/home/liam-bouffard/Desktop/rob599_mobile_robotics/Homework_3/pioneer_ws/install/stage:/opt/ros/kilted/opt/gz_sim_vendor:/opt/ros/kilted/opt/gz_sensors_vendor:/opt/ros/kilted/opt/gz_physics_vendor:/opt/ros/kilted/opt/sdformat_vendor:/opt/ros/kilted/opt/gz_gui_vendor:/opt/ros/kilted/opt/gz_transport_vendor:/opt/ros/kilted/opt/gz_rendering_vendor:/opt/ros/kilted/opt/gz_plugin_vendor:/opt/ros/kilted/opt/gz_fuel_tools_vendor:/opt/ros/kilted/opt/gz_msgs_vendor:/opt/ros/kilted/opt/gz_common_vendor:/opt/ros/kilted/opt/gz_math_vendor:/opt/ros/kilted/opt/gz_utils_vendor:/opt/ros/kilted/opt/gz_tools_vendor:/opt/ros/kilted/opt/gz_ogre_next_vendor:/opt/ros/kilted/opt/gz_dartsim_vendor:/opt/ros/kilted/opt/gz_cmake_vendor DEBUGINFOD_URLS=https://debuginfod.ubuntu.com /usr/bin/cmake /home/liam-bouffard/Desktop/rob599_mobile_robotics/Homework_4/pioneer_ws/src/goal_target -DAMENT_CMAKE_SYMLINK_INSTALL=1 -DCMAKE_INSTALL_PREFIX=/home/liam-bouffard/Desktop/rob599_mobile_robotics/Homework_4/pioneer_ws/install/goal_target
[0.147s] -- The C compiler identification is GNU 13.3.0
[0.277s] -- The CXX compiler identification is GNU 13.3.0
[0.311s] -- Detecting C compiler ABI info
[0.441s] -- Detecting C compiler ABI info - done
[0.456s] -- Check for working C compiler: /usr/bin/cc - skipped
[0.457s] -- Detecting C compile features
[0.457s] -- Detecting C compile features - done
[0.471s] -- Detecting CXX compiler ABI info
[0.666s] -- Detecting CXX compiler ABI info - done
[0.690s] -- Check for working CXX compiler: /usr/bin/c++ - skipped
[0.690s] -- Detecting CXX compile features
[0.691s] -- Detecting CXX compile features - done
[0.697s] -- Found ament_cmake: 2.7.4 (/opt/ros/kilted/share/ament_cmake/cmake)
[0.983s] -- Found Python3: /usr/bin/python3 (found version "3.12.3") found components: Interpreter 
[1.146s] -- Override CMake install command with custom implementation using symlinks instead of copying resources
[1.224s] -- Found rosidl_default_generators: 1.7.1 (/opt/ros/kilted/share/rosidl_default_generators/cmake)
[1.241s] -- Using all available rosidl_typesupport_c: rosidl_typesupport_fastrtps_c;rosidl_typesupport_introspection_c
[1.304s] -- Using all available rosidl_typesupport_cpp: rosidl_typesupport_fastrtps_cpp;rosidl_typesupport_introspection_cpp
[1.368s] -- Found rosidl_adapter: 4.9.6 (/opt/ros/kilted/share/rosidl_adapter/cmake)
[1.374s] -- Found std_msgs: 5.5.1 (/opt/ros/kilted/share/std_msgs/cmake)
[1.419s] -- Found geometry_msgs: 5.5.1 (/opt/ros/kilted/share/geometry_msgs/cmake)
[2.655s] -- Found ament_cmake_ros_core: 0.14.7 (/opt/ros/kilted/share/ament_cmake_ros_core/cmake)
[3.655s] -- Using all available rosidl_typesupport_c: rosidl_typesupport_fastrtps_c;rosidl_typesupport_introspection_c
[4.993s] -- Using all available rosidl_typesupport_cpp: rosidl_typesupport_fastrtps_cpp;rosidl_typesupport_introspection_cpp
[5.858s] -- Found Python3: /usr/bin/python3 (found version "3.12.3") found components: Interpreter Development NumPy Development.Module Development.Embed 
[6.014s] -- Found ament_lint_auto: 0.19.2 (/opt/ros/kilted/share/ament_lint_auto/cmake)
[6.062s] -- Added test 'lint_cmake' to check CMake code style
[6.064s] -- Added test 'xmllint' to check XML markup files
[6.071s] -- Configuring done (6.0s)
[6.126s] -- Generating done (0.0s)
[6.141s] -- Build files have been written to: /home/liam-bouffard/Desktop/rob599_mobile_robotics/Homework_4/pioneer_ws/build/goal_target
[6.154s] Invoked command in '/home/liam-bouffard/Desktop/rob599_mobile_robotics/Homework_4/pioneer_ws/build/goal_target' returned '0': CMAKE_PREFIX_PATH=/home/liam-bouffard/Desktop/rob599_mobile_robotics/Homework_4/pioneer_ws/install/stage_ros2:/home/liam-bouffard/Desktop/rob599_mobile_robotics/Homework_4/pioneer_ws/install/pioneer:/home/liam-bouffard/Desktop/rob599_mobile_robotics/Homework_3/pioneer_ws/install/start_robot:/home/liam-bouffard/Desktop/rob599_mobile_robotics/Homework_3/pioneer_ws/install/pioneer:/home/liam-bouffard/Desktop/rob599_mobile_robotics/Homework_3/pioneer_ws/install/pioneer_interfaces:/home/liam-bouffard/Desktop/rob599_mobile_robotics/Homework_3/pioneer_ws/install/goal_target:/opt/ros/kilted:/home/liam-bouffard/Desktop/rob599_mobile_robotics/Homework_4/pioneer_ws/install/stage:/home/liam-bouffard/Desktop/rob599_mobile_robotics/Homework_4/pioneer_ws/install/pioneer_interfaces:/home/liam-bouffard/Desktop/rob599_mobile_robotics/Homework_4/pioneer_ws/install/goal_target:/home/liam-bouffard/Desktop/rob599_mobile_robotics/Homework_3/pioneer_ws/install/stage_ros2:/home/liam-bouffard/Desktop/rob599_mobile_robotics/Homework_3/pioneer_ws/install/stage:/opt/ros/kilted/opt/gz_sim_vendor:/opt/ros/kilted/opt/gz_sensors_vendor:/opt/ros/kilted/opt/gz_physics_vendor:/opt/ros/kilted/opt/sdformat_vendor:/opt/ros/kilted/opt/gz_gui_vendor:/opt/ros/kilted/opt/gz_transport_vendor:/opt/ros/kilted/opt/gz_rendering_vendor:/opt/ros/kilted/opt/gz_plugin_vendor:/opt/ros/kilted/opt/gz_fuel_tools_vendor:/opt/ros/kilted/opt/gz_msgs_vendor:/opt/ros/kilted/opt/gz_common_vendor:/opt/ros/kilted/opt/gz_math_vendor:/opt/ros/kilted/opt/gz_utils_vendor:/opt/ros/kilted/opt/gz_tools_vendor:/opt/ros/kilted/opt/gz_ogre_next_vendor:/opt/ros/kilted/opt/gz_dartsim_vendor:/opt/ros/kilted/opt/gz_cmake_vendor DEBUGINFOD_URLS=https://debuginfod.ubuntu.com /usr/bin/cmake /home/liam-bouffard/Desktop/rob599_mobile_robotics/Homework_4/pioneer_ws/src/goal_target -DAMENT_CMAKE_SYMLINK_INSTALL=1 -DCMAKE_INSTALL_PREFIX=/home/liam-bouffard/Desktop/rob599_mobile_robotics/Homework_4/pioneer_ws/install/goal_target
[6.156s] Invoking command in '/home/liam-bouffard/Desktop/rob599_mobile_robotics/Homework_4/pioneer_ws/build/goal_target': CMAKE_PREFIX_PATH=/home/liam-bouffard/Desktop/rob599_mobile_robotics/Homework_4/pioneer_ws/install/stage_ros2:/home/liam-bouffard/Desktop/rob599_mobile_robotics/Homework_4/pioneer_ws/install/pioneer:/home/liam-bouffard/Desktop/rob599_mobile_robotics/Homework_3/pioneer_ws/install/start_robot:/home/liam-bouffard/Desktop/rob599_mobile_robotics/Homework_3/pioneer_ws/install/pioneer:/home/liam-bouffard/Desktop/rob599_mobile_robotics/Homework_3/pioneer_ws/install/pioneer_interfaces:/home/liam-bouffard/Desktop/rob599_mobile_robotics/Homework_3/pioneer_ws/install/goal_target:/opt/ros/kilted:/home/liam-bouffard/Desktop/rob599_mobile_robotics/Homework_4/pioneer_ws/install/stage:/home/liam-bouffard/Desktop/rob599_mobile_robotics/Homework_4/pioneer_ws/install/pioneer_interfaces:/home/liam-bouffard/Desktop/rob599_mobile_robotics/Homework_4/pioneer_ws/install/goal_target:/home/liam-bouffard/Desktop/rob599_mobile_robotics/Homework_3/pioneer_ws/install/stage_ros2:/home/liam-bouffard/Desktop/rob599_mobile_robotics/Homework_3/pioneer_ws/install/stage:/opt/ros/kilted/opt/gz_sim_vendor:/opt/ros/kilted/opt/gz_sensors_vendor:/opt/ros/kilted/opt/gz_physics_vendor:/opt/ros/kilted/opt/sdformat_vendor:/opt/ros/kilted/opt/gz_gui_vendor:/opt/ros/kilted/opt/gz_transport_vendor:/opt/ros/kilted/opt/gz_rendering_vendor:/opt/ros/kilted/opt/gz_plugin_vendor:/opt/ros/kilted/opt/gz_fuel_tools_vendor:/opt/ros/kilted/opt/gz_msgs_vendor:/opt/ros/kilted/opt/gz_common_vendor:/opt/ros/kilted/opt/gz_math_vendor:/opt/ros/kilted/opt/gz_utils_vendor:/opt/ros/kilted/opt/gz_tools_vendor:/opt/ros/kilted/opt/gz_ogre_next_vendor:/opt/ros/kilted/opt/gz_dartsim_vendor:/opt/ros/kilted/opt/gz_cmake_vendor DEBUGINFOD_URLS=https://debuginfod.ubuntu.com /usr/bin/cmake --build /home/liam-bouffard/Desktop/rob599_mobile_robotics/Homework_4/pioneer_ws/build/goal_target -- -j32 -l32
[6.242s] [  2%] [34m[1mGenerating type hashes for ROS interfaces[0m
[6.254s] [  2%] Built target ament_cmake_python_symlink_goal_target
[6.521s] [  2%] Built target goal_target__rosidl_generator_type_description
[6.539s] [  5%] [34m[1mGenerating C code for ROS interfaces[0m
[6.561s] [  8%] [34m[1mGenerating C++ code for ROS interfaces[0m
[6.613s] running egg_info
[6.614s] creating goal_target.egg-info
[6.652s] writing goal_target.egg-info/PKG-INFO
[6.652s] writing dependency_links to goal_target.egg-info/dependency_links.txt
[6.653s] writing top-level names to goal_target.egg-info/top_level.txt
[6.653s] writing manifest file 'goal_target.egg-info/SOURCES.txt'
[6.744s] reading manifest file 'goal_target.egg-info/SOURCES.txt'
[6.745s] writing manifest file 'goal_target.egg-info/SOURCES.txt'
[6.783s] [  8%] Built target ament_cmake_python_build_goal_target_egg
[7.087s] [  8%] Built target goal_target__cpp
[7.173s] [ 11%] [32mBuilding C object CMakeFiles/goal_target__rosidl_generator_c.dir/rosidl_generator_c/goal_target/action/detail/goal_target__functions.c.o[0m
[7.175s] [ 14%] [32mBuilding C object CMakeFiles/goal_target__rosidl_generator_c.dir/rosidl_generator_c/goal_target/action/detail/goal_target__type_support.c.o[0m
[7.178s] [ 17%] [32mBuilding C object CMakeFiles/goal_target__rosidl_generator_c.dir/rosidl_generator_c/goal_target/action/detail/goal_target__description.c.o[0m
[7.401s] [ 20%] [32m[1mLinking C shared library libgoal_target__rosidl_generator_c.so[0m
[7.477s] [ 20%] Built target goal_target__rosidl_generator_c
[7.507s] [ 23%] [34m[1mGenerating C type support for eProsima Fast-RTPS[0m
[7.508s] [ 26%] [34m[1mGenerating C type support dispatch for ROS interfaces[0m
[7.509s] [ 35%] [34m[1mGenerating C introspection for ROS interfaces[0m
[7.509s] [ 35%] [34m[1mGenerating C++ type support dispatch for ROS interfaces[0m
[7.509s] [ 35%] [34m[1mGenerating C++ type support for eProsima Fast-RTPS[0m
[7.512s] [ 38%] [34m[1mGenerating C++ introspection for ROS interfaces[0m
[7.900s] [ 41%] [32mBuilding CXX object CMakeFiles/goal_target__rosidl_typesupport_cpp.dir/rosidl_typesupport_cpp/goal_target/action/goal_target__type_support.cpp.o[0m
[7.910s] [ 44%] [32mBuilding CXX object CMakeFiles/goal_target__rosidl_typesupport_c.dir/rosidl_typesupport_c/goal_target/action/goal_target__type_support.cpp.o[0m
[7.939s] [ 47%] [32mBuilding CXX object CMakeFiles/goal_target__rosidl_typesupport_introspection_cpp.dir/rosidl_typesupport_introspection_cpp/goal_target/action/detail/goal_target__type_support.cpp.o[0m
[7.977s] [ 50%] [32mBuilding C object CMakeFiles/goal_target__rosidl_typesupport_introspection_c.dir/rosidl_typesupport_introspection_c/goal_target/action/detail/goal_target__type_support.c.o[0m
[7.985s] [ 52%] [32m[1mLinking CXX shared library libgoal_target__rosidl_typesupport_c.so[0m
[8.065s] [ 55%] [32m[1mLinking C shared library libgoal_target__rosidl_typesupport_introspection_c.so[0m
[8.066s] [ 55%] Built target goal_target__rosidl_typesupport_c
[8.066s] [ 58%] [32mBuilding CXX object CMakeFiles/goal_target__rosidl_typesupport_fastrtps_cpp.dir/rosidl_typesupport_fastrtps_cpp/goal_target/action/detail/dds_fastrtps/goal_target__type_support.cpp.o[0m
[8.114s] [ 58%] Built target goal_target__rosidl_typesupport_introspection_c
[8.165s] [ 61%] [32mBuilding CXX object CMakeFiles/goal_target__rosidl_typesupport_fastrtps_c.dir/rosidl_typesupport_fastrtps_c/goal_target/action/detail/goal_target__type_support_c.cpp.o[0m
[8.640s] [ 64%] [32m[1mLinking CXX shared library libgoal_target__rosidl_typesupport_cpp.so[0m
[8.751s] [ 64%] Built target goal_target__rosidl_typesupport_cpp
[8.784s] [ 67%] [32m[1mLinking CXX shared library libgoal_target__rosidl_typesupport_introspection_cpp.so[0m
[8.891s] [ 70%] [32m[1mLinking CXX shared library libgoal_target__rosidl_typesupport_fastrtps_c.so[0m
[8.903s] [ 70%] Built target goal_target__rosidl_typesupport_introspection_cpp
[8.962s] [ 70%] Built target goal_target__rosidl_typesupport_fastrtps_c
[9.162s] [ 73%] [32m[1mLinking CXX shared library libgoal_target__rosidl_typesupport_fastrtps_cpp.so[0m
[9.303s] [ 73%] Built target goal_target__rosidl_typesupport_fastrtps_cpp
[9.339s] [ 73%] Built target goal_target
[9.375s] [ 76%] [34m[1mGenerating Python code for ROS interfaces[0m
[10.185s] [ 76%] Built target goal_target__py
[10.239s] [ 79%] [32mBuilding C object CMakeFiles/goal_target__rosidl_generator_py.dir/rosidl_generator_py/goal_target/action/_goal_target_s.c.o[0m
[10.503s] [ 82%] [32m[1mLinking C shared library libgoal_target__rosidl_generator_py.so[0m
[10.568s] [ 82%] Built target goal_target__rosidl_generator_py
[10.615s] [ 85%] [32mBuilding C object CMakeFiles/goal_target_s__rosidl_typesupport_fastrtps_c.dir/rosidl_generator_py/goal_target/_goal_target_s.ep.rosidl_typesupport_fastrtps_c.c.o[0m
[10.616s] [ 88%] [32mBuilding C object CMakeFiles/goal_target_s__rosidl_typesupport_c.dir/rosidl_generator_py/goal_target/_goal_target_s.ep.rosidl_typesupport_c.c.o[0m
[10.620s] [ 91%] [32mBuilding C object CMakeFiles/goal_target_s__rosidl_typesupport_introspection_c.dir/rosidl_generator_py/goal_target/_goal_target_s.ep.rosidl_typesupport_introspection_c.c.o[0m
[10.797s] [ 94%] [32m[1mLinking C shared module rosidl_generator_py/goal_target/goal_target_s__rosidl_typesupport_introspection_c.so[0m
[10.798s] [ 97%] [32m[1mLinking C shared module rosidl_generator_py/goal_target/goal_target_s__rosidl_typesupport_c.so[0m
[10.802s] [100%] [32m[1mLinking C shared module rosidl_generator_py/goal_target/goal_target_s__rosidl_typesupport_fastrtps_c.so[0m
[10.844s] [100%] Built target goal_target_s__rosidl_typesupport_introspection_c
[10.847s] [100%] Built target goal_target_s__rosidl_typesupport_c
[10.853s] [100%] Built target goal_target_s__rosidl_typesupport_fastrtps_c
[10.881s] Invoked command in '/home/liam-bouffard/Desktop/rob599_mobile_robotics/Homework_4/pioneer_ws/build/goal_target' returned '0': CMAKE_PREFIX_PATH=/home/liam-bouffard/Desktop/rob599_mobile_robotics/Homework_4/pioneer_ws/install/stage_ros2:/home/liam-bouffard/Desktop/rob599_mobile_robotics/Homework_4/pioneer_ws/install/pioneer:/home/liam-bouffard/Desktop/rob599_mobile_robotics/Homework_3/pioneer_ws/install/start_robot:/home/liam-bouffard/Desktop/rob599_mobile_robotics/Homework_3/pioneer_ws/install/pioneer:/home/liam-bouffard/Desktop/rob599_mobile_robotics/Homework_3/pioneer_ws/install/pioneer_interfaces:/home/liam-bouffard/Desktop/rob599_mobile_robotics/Homework_3/pioneer_ws/install/goal_target:/opt/ros/kilted:/home/liam-bouffard/Desktop/rob599_mobile_robotics/Homework_4/pioneer_ws/install/stage:/home/liam-bouffard/Desktop/rob599_mobile_robotics/Homework_4/pioneer_ws/install/pioneer_interfaces:/home/liam-bouffard/Desktop/rob599_mobile_robotics/Homework_4/pioneer_ws/install/goal_target:/home/liam-bouffard/Desktop/rob599_mobile_robotics/Homework_3/pioneer_ws/install/stage_ros2:/home/liam-bouffard/Desktop/rob599_mobile_robotics/Homework_3/pioneer_ws/install/stage:/opt/ros/kilted/opt/gz_sim_vendor:/opt/ros/kilted/opt/gz_sensors_vendor:/opt/ros/kilted/opt/gz_physics_vendor:/opt/ros/kilted/opt/sdformat_vendor:/opt/ros/kilted/opt/gz_gui_vendor:/opt/ros/kilted/opt/gz_transport_vendor:/opt/ros/kilted/opt/gz_rendering_vendor:/opt/ros/kilted/opt/gz_plugin_vendor:/opt/ros/kilted/opt/gz_fuel_tools_vendor:/opt/ros/kilted/opt/gz_msgs_vendor:/opt/ros/kilted/opt/gz_common_vendor:/opt/ros/kilted/opt/gz_math_vendor:/opt/ros/kilted/opt/gz_utils_vendor:/opt/ros/kilted/opt/gz_tools_vendor:/opt/ros/kilted/opt/gz_ogre_next_vendor:/opt/ros/kilted/opt/gz_dartsim_vendor:/opt/ros/kilted/opt/gz_cmake_vendor DEBUGINFOD_URLS=https://debuginfod.ubuntu.com /usr/bin/cmake --build /home/liam-bouffard/Desktop/rob599_mobile_robotics/Homework_4/pioneer_ws/build/goal_target -- -j32 -l32
[10.905s] Invoking command in '/home/liam-bouffard/Desktop/rob599_mobile_robotics/Homework_4/pioneer_ws/build/goal_target': CMAKE_PREFIX_PATH=/home/liam-bouffard/Desktop/rob599_mobile_robotics/Homework_4/pioneer_ws/install/stage_ros2:/home/liam-bouffard/Desktop/rob599_mobile_robotics/Homework_4/pioneer_ws/install/pioneer:/home/liam-bouffard/Desktop/rob599_mobile_robotics/Homework_3/pioneer_ws/install/start_robot:/home/liam-bouffard/Desktop/rob599_mobile_robotics/Homework_3/pioneer_ws/install/pioneer:/home/liam-bouffard/Desktop/rob599_mobile_robotics/Homework_3/pioneer_ws/install/pioneer_interfaces:/home/liam-bouffard/Desktop/rob599_mobile_robotics/Homework_3/pioneer_ws/install/goal_target:/opt/ros/kilted:/home/liam-bouffard/Desktop/rob599_mobile_robotics/Homework_4/pioneer_ws/install/stage:/home/liam-bouffard/Desktop/rob599_mobile_robotics/Homework_4/pioneer_ws/install/pioneer_interfaces:/home/liam-bouffard/Desktop/rob599_mobile_robotics/Homework_4/pioneer_ws/install/goal_target:/home/liam-bouffard/Desktop/rob599_mobile_robotics/Homework_3/pioneer_ws/install/stage_ros2:/home/liam-bouffard/Desktop/rob599_mobile_robotics/Homework_3/pioneer_ws/install/stage:/opt/ros/kilted/opt/gz_sim_vendor:/opt/ros/kilted/opt/gz_sensors_vendor:/opt/ros/kilted/opt/gz_physics_vendor:/opt/ros/kilted/opt/sdformat_vendor:/opt/ros/kilted/opt/gz_gui_vendor:/opt/ros/kilted/opt/gz_transport_vendor:/opt/ros/kilted/opt/gz_rendering_vendor:/opt/ros/kilted/opt/gz_plugin_vendor:/opt/ros/kilted/opt/gz_fuel_tools_vendor:/opt/ros/kilted/opt/gz_msgs_vendor:/opt/ros/kilted/opt/gz_common_vendor:/opt/ros/kilted/opt/gz_math_vendor:/opt/ros/kilted/opt/gz_utils_vendor:/opt/ros/kilted/opt/gz_tools_vendor:/opt/ros/kilted/opt/gz_ogre_next_vendor:/opt/ros/kilted/opt/gz_dartsim_vendor:/opt/ros/kilted/opt/gz_cmake_vendor DEBUGINFOD_URLS=https://debuginfod.ubuntu.com /usr/bin/cmake --install /home/liam-bouffard/Desktop/rob599_mobile_robotics/Homework_4/pioneer_ws/build/goal_target
[10.921s] -- Install configuration: ""
[10.922s] -- Execute custom install script
[10.922s] -- Symlinking: /home/liam-bouffard/Desktop/rob599_mobile_robotics/Homework_4/pioneer_ws/install/goal_target/share/ament_index/resource_index/rosidl_interfaces/goal_target
[10.938s] -- Symlinking: /home/liam-bouffard/Desktop/rob599_mobile_robotics/Homework_4/pioneer_ws/install/goal_target/share/goal_target/action/GoalTarget.json
[10.958s] -- Symlinking: /home/liam-bouffard/Desktop/rob599_mobile_robotics/Homework_4/pioneer_ws/install/goal_target/include/goal_target/goal_target/action/detail/goal_target__functions.h
[10.972s] -- Symlinking: /home/liam-bouffard/Desktop/rob599_mobile_robotics/Homework_4/pioneer_ws/install/goal_target/include/goal_target/goal_target/action/detail/goal_target__struct.h
[10.983s] -- Symlinking: /home/liam-bouffard/Desktop/rob599_mobile_robotics/Homework_4/pioneer_ws/install/goal_target/include/goal_target/goal_target/action/detail/goal_target__type_support.h
[10.997s] -- Symlinking: /home/liam-bouffard/Desktop/rob599_mobile_robotics/Homework_4/pioneer_ws/install/goal_target/include/goal_target/goal_target/action/goal_target.h
[11.011s] -- Symlinking: /home/liam-bouffard/Desktop/rob599_mobile_robotics/Homework_4/pioneer_ws/install/goal_target/include/goal_target/goal_target/msg/rosidl_generator_c__visibility_control.h
[11.026s] -- Symlinking: /home/liam-bouffard/Desktop/rob599_mobile_robotics/Homework_4/pioneer_ws/install/goal_target/share/goal_target/environment/library_path.sh
[11.039s] -- Symlinking: /home/liam-bouffard/Desktop/rob599_mobile_robotics/Homework_4/pioneer_ws/install/goal_target/share/goal_target/environment/library_path.dsv
[11.056s] -- Symlinking: /home/liam-bouffard/Desktop/rob599_mobile_robotics/Homework_4/pioneer_ws/install/goal_target/include/goal_target/goal_target/action/detail/goal_target__rosidl_typesupport_fastrtps_c.h
[11.072s] -- Symlinking: /home/liam-bouffard/Desktop/rob599_mobile_robotics/Homework_4/pioneer_ws/install/goal_target/include/goal_target/goal_target/msg/rosidl_typesupport_fastrtps_c__visibility_control.h
[11.084s] -- Symlinking: /home/liam-bouffard/Desktop/rob599_mobile_robotics/Homework_4/pioneer_ws/install/goal_target/include/goal_target/goal_target/action/detail/goal_target__rosidl_typesupport_introspection_c.h
[11.104s] -- Symlinking: /home/liam-bouffard/Desktop/rob599_mobile_robotics/Homework_4/pioneer_ws/install/goal_target/include/goal_target/goal_target/msg/rosidl_typesupport_introspection_c__visibility_control.h
[11.122s] -- Symlinking: /home/liam-bouffard/Desktop/rob599_mobile_robotics/Homework_4/pioneer_ws/install/goal_target/include/goal_target/goal_target/action/detail/goal_target__builder.hpp
[11.137s] -- Symlinking: /home/liam-bouffard/Desktop/rob599_mobile_robotics/Homework_4/pioneer_ws/install/goal_target/include/goal_target/goal_target/action/detail/goal_target__struct.hpp
[11.152s] -- Symlinking: /home/liam-bouffard/Desktop/rob599_mobile_robotics/Homework_4/pioneer_ws/install/goal_target/include/goal_target/goal_target/action/detail/goal_target__traits.hpp
[11.174s] -- Symlinking: /home/liam-bouffard/Desktop/rob599_mobile_robotics/Homework_4/pioneer_ws/install/goal_target/include/goal_target/goal_target/action/detail/goal_target__type_support.hpp
[11.196s] -- Symlinking: /home/liam-bouffard/Desktop/rob599_mobile_robotics/Homework_4/pioneer_ws/install/goal_target/include/goal_target/goal_target/action/goal_target.hpp
[11.210s] -- Symlinking: /home/liam-bouffard/Desktop/rob599_mobile_robotics/Homework_4/pioneer_ws/install/goal_target/include/goal_target/goal_target/msg/rosidl_generator_cpp__visibility_control.hpp
[11.223s] -- Symlinking: /home/liam-bouffard/Desktop/rob599_mobile_robotics/Homework_4/pioneer_ws/install/goal_target/include/goal_target/goal_target/action/detail/goal_target__rosidl_typesupport_fastrtps_cpp.hpp
[11.237s] -- Symlinking: /home/liam-bouffard/Desktop/rob599_mobile_robotics/Homework_4/pioneer_ws/install/goal_target/include/goal_target/goal_target/msg/rosidl_typesupport_fastrtps_cpp__visibility_control.h
[11.253s] -- Symlinking: /home/liam-bouffard/Desktop/rob599_mobile_robotics/Homework_4/pioneer_ws/install/goal_target/include/goal_target/goal_target/action/detail/goal_target__rosidl_typesupport_introspection_cpp.hpp
[11.265s] -- Symlinking: /home/liam-bouffard/Desktop/rob599_mobile_robotics/Homework_4/pioneer_ws/install/goal_target/share/goal_target/environment/pythonpath.sh
[11.280s] -- Symlinking: /home/liam-bouffard/Desktop/rob599_mobile_robotics/Homework_4/pioneer_ws/install/goal_target/share/goal_target/environment/pythonpath.dsv
[11.298s] -- Symlinking: /home/liam-bouffard/Desktop/rob599_mobile_robotics/Homework_4/pioneer_ws/install/goal_target/lib/python3.12/site-packages/goal_target-0.0.0-py3.12.egg-info/PKG-INFO
[11.312s] -- Symlinking: /home/liam-bouffard/Desktop/rob599_mobile_robotics/Homework_4/pioneer_ws/install/goal_target/lib/python3.12/site-packages/goal_target-0.0.0-py3.12.egg-info/SOURCES.txt
[11.331s] -- Symlinking: /home/liam-bouffard/Desktop/rob599_mobile_robotics/Homework_4/pioneer_ws/install/goal_target/lib/python3.12/site-packages/goal_target-0.0.0-py3.12.egg-info/dependency_links.txt
[11.353s] -- Symlinking: /home/liam-bouffard/Desktop/rob599_mobile_robotics/Homework_4/pioneer_ws/install/goal_target/lib/python3.12/site-packages/goal_target-0.0.0-py3.12.egg-info/top_level.txt
[11.375s] -- Symlinking: /home/liam-bouffard/Desktop/rob599_mobile_robotics/Homework_4/pioneer_ws/install/goal_target/lib/python3.12/site-packages/goal_target/__init__.py
[11.393s] -- Symlinking: /home/liam-bouffard/Desktop/rob599_mobile_robotics/Homework_4/pioneer_ws/install/goal_target/lib/python3.12/site-packages/goal_target/_goal_target_s.ep.rosidl_typesupport_c.c
[11.406s] -- Symlinking: /home/liam-bouffard/Desktop/rob599_mobile_robotics/Homework_4/pioneer_ws/install/goal_target/lib/python3.12/site-packages/goal_target/_goal_target_s.ep.rosidl_typesupport_fastrtps_c.c
[11.422s] -- Symlinking: /home/liam-bouffard/Desktop/rob599_mobile_robotics/Homework_4/pioneer_ws/install/goal_target/lib/python3.12/site-packages/goal_target/_goal_target_s.ep.rosidl_typesupport_introspection_c.c
[11.445s] -- Symlinking: /home/liam-bouffard/Desktop/rob599_mobile_robotics/Homework_4/pioneer_ws/install/goal_target/lib/python3.12/site-packages/goal_target/action/__init__.py
[11.466s] -- Symlinking: /home/liam-bouffard/Desktop/rob599_mobile_robotics/Homework_4/pioneer_ws/install/goal_target/lib/python3.12/site-packages/goal_target/action/_goal_target.py
[11.479s] -- Symlinking: /home/liam-bouffard/Desktop/rob599_mobile_robotics/Homework_4/pioneer_ws/install/goal_target/lib/python3.12/site-packages/goal_target/action/_goal_target_s.c
[11.490s] -- Symlinking: /home/liam-bouffard/Desktop/rob599_mobile_robotics/Homework_4/pioneer_ws/install/goal_target/lib/python3.12/site-packages/goal_target/goal_target_s__rosidl_typesupport_c.so
[11.501s] -- Symlinking: /home/liam-bouffard/Desktop/rob599_mobile_robotics/Homework_4/pioneer_ws/install/goal_target/lib/python3.12/site-packages/goal_target/goal_target_s__rosidl_typesupport_fastrtps_c.so
[11.519s] -- Symlinking: /home/liam-bouffard/Desktop/rob599_mobile_robotics/Homework_4/pioneer_ws/install/goal_target/lib/python3.12/site-packages/goal_target/goal_target_s__rosidl_typesupport_introspection_c.so
[11.542s] -- Up-to-date symlink: /home/liam-bouffard/Desktop/rob599_mobile_robotics/Homework_4/pioneer_ws/install/goal_target/lib/python3.12/site-packages/goal_target/goal_target_s__rosidl_typesupport_fastrtps_c.so
[11.543s] -- Up-to-date symlink: /home/liam-bouffard/Desktop/rob599_mobile_robotics/Homework_4/pioneer_ws/install/goal_target/lib/python3.12/site-packages/goal_target/goal_target_s__rosidl_typesupport_introspection_c.so
[11.543s] -- Up-to-date symlink: /home/liam-bouffard/Desktop/rob599_mobile_robotics/Homework_4/pioneer_ws/install/goal_target/lib/python3.12/site-packages/goal_target/goal_target_s__rosidl_typesupport_c.so
[11.543s] -- Symlinking: /home/liam-bouffard/Desktop/rob599_mobile_robotics/Homework_4/pioneer_ws/install/goal_target/share/goal_target/action/GoalTarget.idl
[11.568s] -- Symlinking: /home/liam-bouffard/Desktop/rob599_mobile_robotics/Homework_4/pioneer_ws/install/goal_target/share/goal_target/action/GoalTarget.action
[11.589s] -- Symlinking: /home/liam-bouffard/Desktop/rob599_mobile_robotics/Homework_4/pioneer_ws/install/goal_target/share/ament_index/resource_index/package_run_dependencies/goal_target
[11.612s] -- Symlinking: /home/liam-bouffard/Desktop/rob599_mobile_robotics/Homework_4/pioneer_ws/install/goal_target/share/ament_index/resource_index/parent_prefix_path/goal_target
[11.636s] -- Symlinking: /home/liam-bouffard/Desktop/rob599_mobile_robotics/Homework_4/pioneer_ws/install/goal_target/share/goal_target/environment/ament_prefix_path.sh
[11.657s] -- Symlinking: /home/liam-bouffard/Desktop/rob599_mobile_robotics/Homework_4/pioneer_ws/install/goal_target/share/goal_target/environment/ament_prefix_path.dsv
[11.682s] -- Symlinking: /home/liam-bouffard/Desktop/rob599_mobile_robotics/Homework_4/pioneer_ws/install/goal_target/share/goal_target/environment/path.sh
[11.705s] -- Symlinking: /home/liam-bouffard/Desktop/rob599_mobile_robotics/Homework_4/pioneer_ws/install/goal_target/share/goal_target/environment/path.dsv
[11.729s] -- Symlinking: /home/liam-bouffard/Desktop/rob599_mobile_robotics/Homework_4/pioneer_ws/install/goal_target/share/goal_target/local_setup.bash
[11.751s] -- Symlinking: /home/liam-bouffard/Desktop/rob599_mobile_robotics/Homework_4/pioneer_ws/install/goal_target/share/goal_target/local_setup.sh
[11.772s] -- Symlinking: /home/liam-bouffard/Desktop/rob599_mobile_robotics/Homework_4/pioneer_ws/install/goal_target/share/goal_target/local_setup.zsh
[11.788s] -- Symlinking: /home/liam-bouffard/Desktop/rob599_mobile_robotics/Homework_4/pioneer_ws/install/goal_target/share/goal_target/local_setup.dsv
[11.803s] -- Symlinking: /home/liam-bouffard/Desktop/rob599_mobile_robotics/Homework_4/pioneer_ws/install/goal_target/share/goal_target/package.dsv
[11.827s] -- Symlinking: /home/liam-bouffard/Desktop/rob599_mobile_robotics/Homework_4/pioneer_ws/install/goal_target/share/ament_index/resource_index/packages/goal_target
[11.854s] -- Symlinking: /home/liam-bouffard/Desktop/rob599_mobile_robotics/Homework_4/pioneer_ws/install/goal_target/share/goal_target/cmake/rosidl_cmake-extras.cmake
[11.873s] -- Symlinking: /home/liam-bouffard/Desktop/rob599_mobile_robotics/Homework_4/pioneer_ws/install/goal_target/share/goal_target/cmake/ament_cmake_export_dependencies-extras.cmake
[11.889s] -- Symlinking: /home/liam-bouffard/Desktop/rob599_mobile_robotics/Homework_4/pioneer_ws/install/goal_target/share/goal_target/cmake/ament_cmake_export_include_directories-extras.cmake
[11.904s] -- Symlinking: /home/liam-bouffard/Desktop/rob599_mobile_robotics/Homework_4/pioneer_ws/install/goal_target/share/goal_target/cmake/ament_cmake_export_libraries-extras.cmake
[11.916s] -- Symlinking: /home/liam-bouffard/Desktop/rob599_mobile_robotics/Homework_4/pioneer_ws/install/goal_target/share/goal_target/cmake/ament_cmake_export_targets-extras.cmake
[11.933s] -- Symlinking: /home/liam-bouffard/Desktop/rob599_mobile_robotics/Homework_4/pioneer_ws/install/goal_target/share/goal_target/cmake/rosidl_cmake_export_typesupport_targets-extras.cmake
[11.953s] -- Symlinking: /home/liam-bouffard/Desktop/rob599_mobile_robotics/Homework_4/pioneer_ws/install/goal_target/share/goal_target/cmake/rosidl_cmake_export_typesupport_libraries-extras.cmake
[11.968s] -- Symlinking: /home/liam-bouffard/Desktop/rob599_mobile_robotics/Homework_4/pioneer_ws/install/goal_target/share/goal_target/cmake/goal_targetConfig.cmake
[11.985s] -- Symlinking: /home/liam-bouffard/Desktop/rob599_mobile_robotics/Homework_4/pioneer_ws/install/goal_target/share/goal_target/cmake/goal_targetConfig-version.cmake
[12.000s] -- Symlinking: /home/liam-bouffard/Desktop/rob599_mobile_robotics/Homework_4/pioneer_ws/install/goal_target/share/goal_target/package.xml
[12.021s] -- Installing: /home/liam-bouffard/Desktop/rob599_mobile_robotics/Homework_4/pioneer_ws/install/goal_target/lib/libgoal_target__rosidl_generator_c.so
[12.022s] -- Set non-toolchain portion of runtime path of "/home/liam-bouffard/Desktop/rob599_mobile_robotics/Homework_4/pioneer_ws/install/goal_target/lib/libgoal_target__rosidl_generator_c.so" to ""
[12.022s] -- Installing: /home/liam-bouffard/Desktop/rob599_mobile_robotics/Homework_4/pioneer_ws/install/goal_target/lib/libgoal_target__rosidl_typesupport_fastrtps_c.so
[12.023s] -- Set non-toolchain portion of runtime path of "/home/liam-bouffard/Desktop/rob599_mobile_robotics/Homework_4/pioneer_ws/install/goal_target/lib/libgoal_target__rosidl_typesupport_fastrtps_c.so" to ""
[12.023s] -- Installing: /home/liam-bouffard/Desktop/rob599_mobile_robotics/Homework_4/pioneer_ws/install/goal_target/lib/libgoal_target__rosidl_typesupport_introspection_c.so
[12.023s] -- Set non-toolchain portion of runtime path of "/home/liam-bouffard/Desktop/rob599_mobile_robotics/Homework_4/pioneer_ws/install/goal_target/lib/libgoal_target__rosidl_typesupport_introspection_c.so" to ""
[12.024s] -- Installing: /home/liam-bouffard/Desktop/rob599_mobile_robotics/Homework_4/pioneer_ws/install/goal_target/lib/libgoal_target__rosidl_typesupport_c.so
[12.024s] -- Set non-toolchain portion of runtime path of "/home/liam-bouffard/Desktop/rob599_mobile_robotics/Homework_4/pioneer_ws/install/goal_target/lib/libgoal_target__rosidl_typesupport_c.so" to ""
[12.024s] -- Installing: /home/liam-bouffard/Desktop/rob599_mobile_robotics/Homework_4/pioneer_ws/install/goal_target/lib/libgoal_target__rosidl_typesupport_fastrtps_cpp.so
[12.024s] -- Set non-toolchain portion of runtime path of "/home/liam-bouffard/Desktop/rob599_mobile_robotics/Homework_4/pioneer_ws/install/goal_target/lib/libgoal_target__rosidl_typesupport_fastrtps_cpp.so" to ""
[12.024s] -- Installing: /home/liam-bouffard/Desktop/rob599_mobile_robotics/Homework_4/pioneer_ws/install/goal_target/lib/libgoal_target__rosidl_typesupport_introspection_cpp.so
[12.025s] -- Set non-toolchain portion of runtime path of "/home/liam-bouffard/Desktop/rob599_mobile_robotics/Homework_4/pioneer_ws/install/goal_target/lib/libgoal_target__rosidl_typesupport_introspection_cpp.so" to ""
[12.025s] -- Installing: /home/liam-bouffard/Desktop/rob599_mobile_robotics/Homework_4/pioneer_ws/install/goal_target/lib/libgoal_target__rosidl_typesupport_cpp.so
[12.025s] -- Set non-toolchain portion of runtime path of "/home/liam-bouffard/Desktop/rob599_mobile_robotics/Homework_4/pioneer_ws/install/goal_target/lib/libgoal_target__rosidl_typesupport_cpp.so" to ""
[12.110s] Listing '/home/liam-bouffard/Desktop/rob599_mobile_robotics/Homework_4/pioneer_ws/install/goal_target/lib/python3.12/site-packages/goal_target'...
[12.110s] Compiling '/home/liam-bouffard/Desktop/rob599_mobile_robotics/Homework_4/pioneer_ws/install/goal_target/lib/python3.12/site-packages/goal_target/__init__.py'...
[12.110s] Listing '/home/liam-bouffard/Desktop/rob599_mobile_robotics/Homework_4/pioneer_ws/install/goal_target/lib/python3.12/site-packages/goal_target/action'...
[12.110s] Compiling '/home/liam-bouffard/Desktop/rob599_mobile_robotics/Homework_4/pioneer_ws/install/goal_target/lib/python3.12/site-packages/goal_target/action/__init__.py'...
[12.110s] Compiling '/home/liam-bouffard/Desktop/rob599_mobile_robotics/Homework_4/pioneer_ws/install/goal_target/lib/python3.12/site-packages/goal_target/action/_goal_target.py'...
[12.119s] -- Installing: /home/liam-bouffard/Desktop/rob599_mobile_robotics/Homework_4/pioneer_ws/install/goal_target/lib/libgoal_target__rosidl_generator_py.so
[12.119s] -- Set non-toolchain portion of runtime path of "/home/liam-bouffard/Desktop/rob599_mobile_robotics/Homework_4/pioneer_ws/install/goal_target/lib/libgoal_target__rosidl_generator_py.so" to ""
[12.119s] -- Installing: /home/liam-bouffard/Desktop/rob599_mobile_robotics/Homework_4/pioneer_ws/install/goal_target/share/goal_target/cmake/export_goal_target__rosidl_generator_cExport.cmake
[12.119s] -- Installing: /home/liam-bouffard/Desktop/rob599_mobile_robotics/Homework_4/pioneer_ws/install/goal_target/share/goal_target/cmake/export_goal_target__rosidl_generator_cExport-noconfig.cmake
[12.120s] -- Installing: /home/liam-bouffard/Desktop/rob599_mobile_robotics/Homework_4/pioneer_ws/install/goal_target/share/goal_target/cmake/export_goal_target__rosidl_typesupport_fastrtps_cExport.cmake
[12.120s] -- Installing: /home/liam-bouffard/Desktop/rob599_mobile_robotics/Homework_4/pioneer_ws/install/goal_target/share/goal_target/cmake/export_goal_target__rosidl_typesupport_fastrtps_cExport-noconfig.cmake
[12.120s] -- Installing: /home/liam-bouffard/Desktop/rob599_mobile_robotics/Homework_4/pioneer_ws/install/goal_target/share/goal_target/cmake/goal_target__rosidl_typesupport_introspection_cExport.cmake
[12.121s] -- Installing: /home/liam-bouffard/Desktop/rob599_mobile_robotics/Homework_4/pioneer_ws/install/goal_target/share/goal_target/cmake/goal_target__rosidl_typesupport_introspection_cExport-noconfig.cmake
[12.122s] -- Installing: /home/liam-bouffard/Desktop/rob599_mobile_robotics/Homework_4/pioneer_ws/install/goal_target/share/goal_target/cmake/goal_target__rosidl_typesupport_cExport.cmake
[12.122s] -- Installing: /home/liam-bouffard/Desktop/rob599_mobile_robotics/Homework_4/pioneer_ws/install/goal_target/share/goal_target/cmake/goal_target__rosidl_typesupport_cExport-noconfig.cmake
[12.123s] -- Installing: /home/liam-bouffard/Desktop/rob599_mobile_robotics/Homework_4/pioneer_ws/install/goal_target/share/goal_target/cmake/export_goal_target__rosidl_generator_cppExport.cmake
[12.123s] -- Installing: /home/liam-bouffard/Desktop/rob599_mobile_robotics/Homework_4/pioneer_ws/install/goal_target/share/goal_target/cmake/export_goal_target__rosidl_typesupport_fastrtps_cppExport.cmake
[12.123s] -- Installing: /home/liam-bouffard/Desktop/rob599_mobile_robotics/Homework_4/pioneer_ws/install/goal_target/share/goal_target/cmake/export_goal_target__rosidl_typesupport_fastrtps_cppExport-noconfig.cmake
[12.124s] -- Installing: /home/liam-bouffard/Desktop/rob599_mobile_robotics/Homework_4/pioneer_ws/install/goal_target/share/goal_target/cmake/goal_target__rosidl_typesupport_introspection_cppExport.cmake
[12.124s] -- Installing: /home/liam-bouffard/Desktop/rob599_mobile_robotics/Homework_4/pioneer_ws/install/goal_target/share/goal_target/cmake/goal_target__rosidl_typesupport_introspection_cppExport-noconfig.cmake
[12.124s] -- Installing: /home/liam-bouffard/Desktop/rob599_mobile_robotics/Homework_4/pioneer_ws/install/goal_target/share/goal_target/cmake/goal_target__rosidl_typesupport_cppExport.cmake
[12.125s] -- Installing: /home/liam-bouffard/Desktop/rob599_mobile_robotics/Homework_4/pioneer_ws/install/goal_target/share/goal_target/cmake/goal_target__rosidl_typesupport_cppExport-noconfig.cmake
[12.125s] -- Installing: /home/liam-bouffard/Desktop/rob599_mobile_robotics/Homework_4/pioneer_ws/install/goal_target/share/goal_target/cmake/export_goal_target__rosidl_generator_pyExport.cmake
[12.127s] -- Installing: /home/liam-bouffard/Desktop/rob599_mobile_robotics/Homework_4/pioneer_ws/install/goal_target/share/goal_target/cmake/export_goal_target__rosidl_generator_pyExport-noconfig.cmake
[12.127s] Invoked command in '/home/liam-bouffard/Desktop/rob599_mobile_robotics/Homework_4/pioneer_ws/build/goal_target' returned '0': CMAKE_PREFIX_PATH=/home/liam-bouffard/Desktop/rob599_mobile_robotics/Homework_4/pioneer_ws/install/stage_ros2:/home/liam-bouffard/Desktop/rob599_mobile_robotics/Homework_4/pioneer_ws/install/pioneer:/home/liam-bouffard/Desktop/rob599_mobile_robotics/Homework_3/pioneer_ws/install/start_robot:/home/liam-bouffard/Desktop/rob599_mobile_robotics/Homework_3/pioneer_ws/install/pioneer:/home/liam-bouffard/Desktop/rob599_mobile_robotics/Homework_3/pioneer_ws/install/pioneer_interfaces:/home/liam-bouffard/Desktop/rob599_mobile_robotics/Homework_3/pioneer_ws/install/goal_target:/opt/ros/kilted:/home/liam-bouffard/Desktop/rob599_mobile_robotics/Homework_4/pioneer_ws/install/stage:/home/liam-bouffard/Desktop/rob599_mobile_robotics/Homework_4/pioneer_ws/install/pioneer_interfaces:/home/liam-bouffard/Desktop/rob599_mobile_robotics/Homework_4/pioneer_ws/install/goal_target:/home/liam-bouffard/Desktop/rob599_mobile_robotics/Homework_3/pioneer_ws/install/stage_ros2:/home/liam-bouffard/Desktop/rob599_mobile_robotics/Homework_3/pioneer_ws/install/stage:/opt/ros/kilted/opt/gz_sim_vendor:/opt/ros/kilted/opt/gz_sensors_vendor:/opt/ros/kilted/opt/gz_physics_vendor:/opt/ros/kilted/opt/sdformat_vendor:/opt/ros/kilted/opt/gz_gui_vendor:/opt/ros/kilted/opt/gz_transport_vendor:/opt/ros/kilted/opt/gz_rendering_vendor:/opt/ros/kilted/opt/gz_plugin_vendor:/opt/ros/kilted/opt/gz_fuel_tools_vendor:/opt/ros/kilted/opt/gz_msgs_vendor:/opt/ros/kilted/opt/gz_common_vendor:/opt/ros/kilted/opt/gz_math_vendor:/opt/ros/kilted/opt/gz_utils_vendor:/opt/ros/kilted/opt/gz_tools_vendor:/opt/ros/kilted/opt/gz_ogre_next_vendor:/opt/ros/kilted/opt/gz_dartsim_vendor:/opt/ros/kilted/opt/gz_cmake_vendor DEBUGINFOD_URLS=https://debuginfod.ubuntu.com /usr/bin/cmake --install /home/liam-bouffard/Desktop/rob599_mobile_robotics/Homework_4/pioneer_ws/build/goal_target
