running develop
running egg_info
writing hw5.egg-info/PKG-INFO
writing dependency_links to hw5.egg-info/dependency_links.txt
writing entry points to hw5.egg-info/entry_points.txt
writing requirements to hw5.egg-info/requires.txt
writing top-level names to hw5.egg-info/top_level.txt
reading manifest file 'hw5.egg-info/SOURCES.txt'
writing manifest file 'hw5.egg-info/SOURCES.txt'
running build_ext
Creating /home/liam-bouffard/Desktop/rob599_mobile_robotics/Homework_5/ros_ws/install/hw5/lib/python3.12/site-packages/hw5.egg-link (link to .)
Installing path_planning script to /home/liam-bouffard/Desktop/rob599_mobile_robotics/Homework_5/ros_ws/install/hw5/lib/hw5

Installed /home/liam-bouffard/Desktop/rob599_mobile_robotics/Homework_5/ros_ws/build/hw5
running symlink_data
symbolically linking /home/liam-bouffard/Desktop/rob599_mobile_robotics/Homework_5/ros_ws/build/hw5/resource/hw5 -> /home/liam-bouffard/Desktop/rob599_mobile_robotics/Homework_5/ros_ws/install/hw5/share/ament_index/resource_index/packages
symbolically linking /home/liam-bouffard/Desktop/rob599_mobile_robotics/Homework_5/ros_ws/build/hw5/package.xml -> /home/liam-bouffard/Desktop/rob599_mobile_robotics/Homework_5/ros_ws/install/hw5/share/hw5
symbolically linking /home/liam-bouffard/Desktop/rob599_mobile_robotics/Homework_5/ros_ws/build/hw5/launch/ex_launch.py -> /home/liam-bouffard/Desktop/rob599_mobile_robotics/Homework_5/ros_ws/install/hw5/share/hw5/launch
symbolically linking /home/liam-bouffard/Desktop/rob599_mobile_robotics/Homework_5/ros_ws/build/hw5/launch/tb3_cimulation_launch.py -> /home/liam-bouffard/Desktop/rob599_mobile_robotics/Homework_5/ros_ws/install/hw5/share/hw5/launch
symbolically linking /home/liam-bouffard/Desktop/rob599_mobile_robotics/Homework_5/ros_ws/build/hw5/launch/hw5.launch.py -> /home/liam-bouffard/Desktop/rob599_mobile_robotics/Homework_5/ros_ws/install/hw5/share/hw5/launch
symbolically linking /home/liam-bouffard/Desktop/rob599_mobile_robotics/Homework_5/ros_ws/build/hw5/maps/map.yaml -> /home/liam-bouffard/Desktop/rob599_mobile_robotics/Homework_5/ros_ws/install/hw5/share/hw5/maps
symbolically linking /home/liam-bouffard/Desktop/rob599_mobile_robotics/Homework_5/ros_ws/build/hw5/maps/map.pgm -> /home/liam-bouffard/Desktop/rob599_mobile_robotics/Homework_5/ros_ws/install/hw5/share/hw5/maps
