[0.011s] Invoking command in '/home/liam-bouffard/Desktop/rob599_mobile_robotics/Homework_4/pioneer_ws/build/pioneer_interfaces': CMAKE_PREFIX_PATH=/home/liam-bouffard/Desktop/rob599_mobile_robotics/Homework_4/pioneer_ws/install/stage_ros2:/home/liam-bouffard/Desktop/rob599_mobile_robotics/Homework_4/pioneer_ws/install/pioneer:/home/liam-bouffard/Desktop/rob599_mobile_robotics/Homework_3/pioneer_ws/install/start_robot:/home/liam-bouffard/Desktop/rob599_mobile_robotics/Homework_3/pioneer_ws/install/pioneer:/home/liam-bouffard/Desktop/rob599_mobile_robotics/Homework_3/pioneer_ws/install/pioneer_interfaces:/home/liam-bouffard/Desktop/rob599_mobile_robotics/Homework_3/pioneer_ws/install/goal_target:/opt/ros/kilted:/home/liam-bouffard/Desktop/rob599_mobile_robotics/Homework_4/pioneer_ws/install/stage:/home/liam-bouffard/Desktop/rob599_mobile_robotics/Homework_4/pioneer_ws/install/pioneer_interfaces:/home/liam-bouffard/Desktop/rob599_mobile_robotics/Homework_4/pioneer_ws/install/goal_target:/home/liam-bouffard/Desktop/rob599_mobile_robotics/Homework_3/pioneer_ws/install/stage_ros2:/home/liam-bouffard/Desktop/rob599_mobile_robotics/Homework_3/pioneer_ws/install/stage:/opt/ros/kilted/opt/gz_sim_vendor:/opt/ros/kilted/opt/gz_sensors_vendor:/opt/ros/kilted/opt/gz_physics_vendor:/opt/ros/kilted/opt/sdformat_vendor:/opt/ros/kilted/opt/gz_gui_vendor:/opt/ros/kilted/opt/gz_transport_vendor:/opt/ros/kilted/opt/gz_rendering_vendor:/opt/ros/kilted/opt/gz_plugin_vendor:/opt/ros/kilted/opt/gz_fuel_tools_vendor:/opt/ros/kilted/opt/gz_msgs_vendor:/opt/ros/kilted/opt/gz_common_vendor:/opt/ros/kilted/opt/gz_math_vendor:/opt/ros/kilted/opt/gz_utils_vendor:/opt/ros/kilted/opt/gz_tools_vendor:/opt/ros/kilted/opt/gz_ogre_next_vendor:/opt/ros/kilted/opt/gz_dartsim_vendor:/opt/ros/kilted/opt/gz_cmake_vendor DEBUGINFOD_URLS=https://debuginfod.ubuntu.com /usr/bin/cmake /home/liam-bouffard/Desktop/rob599_mobile_robotics/Homework_4/pioneer_ws/src/pioneer_interfaces -DCMAKE_INSTALL_PREFIX=/home/liam-bouffard/Desktop/rob599_mobile_robotics/Homework_4/pioneer_ws/install/pioneer_interfaces
[0.027s] -- Found ament_cmake: 2.7.4 (/opt/ros/kilted/share/ament_cmake/cmake)
[0.049s] -- Found Python3: /usr/bin/python3 (found version "3.12.3") found components: Interpreter 
[0.119s] -- Override CMake install command with custom implementation using symlinks instead of copying resources
[0.124s] -- Found rosidl_default_generators: 1.7.1 (/opt/ros/kilted/share/rosidl_default_generators/cmake)
[0.127s] -- Using all available rosidl_typesupport_c: rosidl_typesupport_fastrtps_c;rosidl_typesupport_introspection_c
[0.157s] -- Using all available rosidl_typesupport_cpp: rosidl_typesupport_fastrtps_cpp;rosidl_typesupport_introspection_cpp
[0.184s] -- Found rosidl_adapter: 4.9.6 (/opt/ros/kilted/share/rosidl_adapter/cmake)
[0.186s] -- Found rosidl_default_runtime: 1.7.1 (/opt/ros/kilted/share/rosidl_default_runtime/cmake)
[0.189s] -- Found nav_msgs: 5.5.1 (/opt/ros/kilted/share/nav_msgs/cmake)
[0.510s] -- Found ament_cmake_ros_core: 0.14.7 (/opt/ros/kilted/share/ament_cmake_ros_core/cmake)
[0.660s] -- Using all available rosidl_typesupport_c: rosidl_typesupport_fastrtps_c;rosidl_typesupport_introspection_c
[0.862s] -- Using all available rosidl_typesupport_cpp: rosidl_typesupport_fastrtps_cpp;rosidl_typesupport_introspection_cpp
[1.056s] -- Found Python3: /usr/bin/python3 (found version "3.12.3") found components: Interpreter Development NumPy Development.Module Development.Embed 
[1.090s] -- Configuring done (1.1s)
[1.131s] -- Generating done (0.0s)
[1.141s] -- Build files have been written to: /home/liam-bouffard/Desktop/rob599_mobile_robotics/Homework_4/pioneer_ws/build/pioneer_interfaces
[1.147s] Invoked command in '/home/liam-bouffard/Desktop/rob599_mobile_robotics/Homework_4/pioneer_ws/build/pioneer_interfaces' returned '0': CMAKE_PREFIX_PATH=/home/liam-bouffard/Desktop/rob599_mobile_robotics/Homework_4/pioneer_ws/install/stage_ros2:/home/liam-bouffard/Desktop/rob599_mobile_robotics/Homework_4/pioneer_ws/install/pioneer:/home/liam-bouffard/Desktop/rob599_mobile_robotics/Homework_3/pioneer_ws/install/start_robot:/home/liam-bouffard/Desktop/rob599_mobile_robotics/Homework_3/pioneer_ws/install/pioneer:/home/liam-bouffard/Desktop/rob599_mobile_robotics/Homework_3/pioneer_ws/install/pioneer_interfaces:/home/liam-bouffard/Desktop/rob599_mobile_robotics/Homework_3/pioneer_ws/install/goal_target:/opt/ros/kilted:/home/liam-bouffard/Desktop/rob599_mobile_robotics/Homework_4/pioneer_ws/install/stage:/home/liam-bouffard/Desktop/rob599_mobile_robotics/Homework_4/pioneer_ws/install/pioneer_interfaces:/home/liam-bouffard/Desktop/rob599_mobile_robotics/Homework_4/pioneer_ws/install/goal_target:/home/liam-bouffard/Desktop/rob599_mobile_robotics/Homework_3/pioneer_ws/install/stage_ros2:/home/liam-bouffard/Desktop/rob599_mobile_robotics/Homework_3/pioneer_ws/install/stage:/opt/ros/kilted/opt/gz_sim_vendor:/opt/ros/kilted/opt/gz_sensors_vendor:/opt/ros/kilted/opt/gz_physics_vendor:/opt/ros/kilted/opt/sdformat_vendor:/opt/ros/kilted/opt/gz_gui_vendor:/opt/ros/kilted/opt/gz_transport_vendor:/opt/ros/kilted/opt/gz_rendering_vendor:/opt/ros/kilted/opt/gz_plugin_vendor:/opt/ros/kilted/opt/gz_fuel_tools_vendor:/opt/ros/kilted/opt/gz_msgs_vendor:/opt/ros/kilted/opt/gz_common_vendor:/opt/ros/kilted/opt/gz_math_vendor:/opt/ros/kilted/opt/gz_utils_vendor:/opt/ros/kilted/opt/gz_tools_vendor:/opt/ros/kilted/opt/gz_ogre_next_vendor:/opt/ros/kilted/opt/gz_dartsim_vendor:/opt/ros/kilted/opt/gz_cmake_vendor DEBUGINFOD_URLS=https://debuginfod.ubuntu.com /usr/bin/cmake /home/liam-bouffard/Desktop/rob599_mobile_robotics/Homework_4/pioneer_ws/src/pioneer_interfaces -DCMAKE_INSTALL_PREFIX=/home/liam-bouffard/Desktop/rob599_mobile_robotics/Homework_4/pioneer_ws/install/pioneer_interfaces
[1.147s] Invoking command in '/home/liam-bouffard/Desktop/rob599_mobile_robotics/Homework_4/pioneer_ws/build/pioneer_interfaces': CMAKE_PREFIX_PATH=/home/liam-bouffard/Desktop/rob599_mobile_robotics/Homework_4/pioneer_ws/install/stage_ros2:/home/liam-bouffard/Desktop/rob599_mobile_robotics/Homework_4/pioneer_ws/install/pioneer:/home/liam-bouffard/Desktop/rob599_mobile_robotics/Homework_3/pioneer_ws/install/start_robot:/home/liam-bouffard/Desktop/rob599_mobile_robotics/Homework_3/pioneer_ws/install/pioneer:/home/liam-bouffard/Desktop/rob599_mobile_robotics/Homework_3/pioneer_ws/install/pioneer_interfaces:/home/liam-bouffard/Desktop/rob599_mobile_robotics/Homework_3/pioneer_ws/install/goal_target:/opt/ros/kilted:/home/liam-bouffard/Desktop/rob599_mobile_robotics/Homework_4/pioneer_ws/install/stage:/home/liam-bouffard/Desktop/rob599_mobile_robotics/Homework_4/pioneer_ws/install/pioneer_interfaces:/home/liam-bouffard/Desktop/rob599_mobile_robotics/Homework_4/pioneer_ws/install/goal_target:/home/liam-bouffard/Desktop/rob599_mobile_robotics/Homework_3/pioneer_ws/install/stage_ros2:/home/liam-bouffard/Desktop/rob599_mobile_robotics/Homework_3/pioneer_ws/install/stage:/opt/ros/kilted/opt/gz_sim_vendor:/opt/ros/kilted/opt/gz_sensors_vendor:/opt/ros/kilted/opt/gz_physics_vendor:/opt/ros/kilted/opt/sdformat_vendor:/opt/ros/kilted/opt/gz_gui_vendor:/opt/ros/kilted/opt/gz_transport_vendor:/opt/ros/kilted/opt/gz_rendering_vendor:/opt/ros/kilted/opt/gz_plugin_vendor:/opt/ros/kilted/opt/gz_fuel_tools_vendor:/opt/ros/kilted/opt/gz_msgs_vendor:/opt/ros/kilted/opt/gz_common_vendor:/opt/ros/kilted/opt/gz_math_vendor:/opt/ros/kilted/opt/gz_utils_vendor:/opt/ros/kilted/opt/gz_tools_vendor:/opt/ros/kilted/opt/gz_ogre_next_vendor:/opt/ros/kilted/opt/gz_dartsim_vendor:/opt/ros/kilted/opt/gz_cmake_vendor DEBUGINFOD_URLS=https://debuginfod.ubuntu.com /usr/bin/cmake --build /home/liam-bouffard/Desktop/rob599_mobile_robotics/Homework_4/pioneer_ws/build/pioneer_interfaces -- -j32 -l32
[1.194s] [  2%] Built target pioneer_interfaces__rosidl_generator_type_description
[1.199s] [  2%] Built target ament_cmake_python_symlink_pioneer_interfaces
[1.213s] [  4%] Built target pioneer_interfaces__cpp
[1.218s] [ 22%] Built target pioneer_interfaces__rosidl_generator_c
[1.242s] [ 31%] Built target pioneer_interfaces__rosidl_typesupport_fastrtps_c
[1.242s] [ 50%] Built target pioneer_interfaces__rosidl_typesupport_c
[1.242s] [ 50%] Built target pioneer_interfaces__rosidl_typesupport_introspection_c
[1.245s] [ 59%] Built target pioneer_interfaces__rosidl_typesupport_cpp
[1.246s] [ 68%] Built target pioneer_interfaces__rosidl_typesupport_introspection_cpp
[1.247s] [ 77%] Built target pioneer_interfaces__rosidl_typesupport_fastrtps_cpp
[1.266s] [ 77%] Built target pioneer_interfaces
[1.284s] [ 79%] Built target pioneer_interfaces__py
[1.305s] [ 86%] Built target pioneer_interfaces__rosidl_generator_py
[1.328s] [ 90%] Built target pioneer_interfaces_s__rosidl_typesupport_fastrtps_c
[1.330s] [ 95%] Built target pioneer_interfaces_s__rosidl_typesupport_c
[1.331s] [100%] Built target pioneer_interfaces_s__rosidl_typesupport_introspection_c
[1.386s] running egg_info
[1.403s] writing pioneer_interfaces.egg-info/PKG-INFO
[1.403s] writing dependency_links to pioneer_interfaces.egg-info/dependency_links.txt
[1.403s] writing top-level names to pioneer_interfaces.egg-info/top_level.txt
[1.453s] reading manifest file 'pioneer_interfaces.egg-info/SOURCES.txt'
[1.453s] writing manifest file 'pioneer_interfaces.egg-info/SOURCES.txt'
[1.475s] [100%] Built target ament_cmake_python_build_pioneer_interfaces_egg
[1.484s] Invoked command in '/home/liam-bouffard/Desktop/rob599_mobile_robotics/Homework_4/pioneer_ws/build/pioneer_interfaces' returned '0': CMAKE_PREFIX_PATH=/home/liam-bouffard/Desktop/rob599_mobile_robotics/Homework_4/pioneer_ws/install/stage_ros2:/home/liam-bouffard/Desktop/rob599_mobile_robotics/Homework_4/pioneer_ws/install/pioneer:/home/liam-bouffard/Desktop/rob599_mobile_robotics/Homework_3/pioneer_ws/install/start_robot:/home/liam-bouffard/Desktop/rob599_mobile_robotics/Homework_3/pioneer_ws/install/pioneer:/home/liam-bouffard/Desktop/rob599_mobile_robotics/Homework_3/pioneer_ws/install/pioneer_interfaces:/home/liam-bouffard/Desktop/rob599_mobile_robotics/Homework_3/pioneer_ws/install/goal_target:/opt/ros/kilted:/home/liam-bouffard/Desktop/rob599_mobile_robotics/Homework_4/pioneer_ws/install/stage:/home/liam-bouffard/Desktop/rob599_mobile_robotics/Homework_4/pioneer_ws/install/pioneer_interfaces:/home/liam-bouffard/Desktop/rob599_mobile_robotics/Homework_4/pioneer_ws/install/goal_target:/home/liam-bouffard/Desktop/rob599_mobile_robotics/Homework_3/pioneer_ws/install/stage_ros2:/home/liam-bouffard/Desktop/rob599_mobile_robotics/Homework_3/pioneer_ws/install/stage:/opt/ros/kilted/opt/gz_sim_vendor:/opt/ros/kilted/opt/gz_sensors_vendor:/opt/ros/kilted/opt/gz_physics_vendor:/opt/ros/kilted/opt/sdformat_vendor:/opt/ros/kilted/opt/gz_gui_vendor:/opt/ros/kilted/opt/gz_transport_vendor:/opt/ros/kilted/opt/gz_rendering_vendor:/opt/ros/kilted/opt/gz_plugin_vendor:/opt/ros/kilted/opt/gz_fuel_tools_vendor:/opt/ros/kilted/opt/gz_msgs_vendor:/opt/ros/kilted/opt/gz_common_vendor:/opt/ros/kilted/opt/gz_math_vendor:/opt/ros/kilted/opt/gz_utils_vendor:/opt/ros/kilted/opt/gz_tools_vendor:/opt/ros/kilted/opt/gz_ogre_next_vendor:/opt/ros/kilted/opt/gz_dartsim_vendor:/opt/ros/kilted/opt/gz_cmake_vendor DEBUGINFOD_URLS=https://debuginfod.ubuntu.com /usr/bin/cmake --build /home/liam-bouffard/Desktop/rob599_mobile_robotics/Homework_4/pioneer_ws/build/pioneer_interfaces -- -j32 -l32
[1.485s] Invoking command in '/home/liam-bouffard/Desktop/rob599_mobile_robotics/Homework_4/pioneer_ws/build/pioneer_interfaces': CMAKE_PREFIX_PATH=/home/liam-bouffard/Desktop/rob599_mobile_robotics/Homework_4/pioneer_ws/install/stage_ros2:/home/liam-bouffard/Desktop/rob599_mobile_robotics/Homework_4/pioneer_ws/install/pioneer:/home/liam-bouffard/Desktop/rob599_mobile_robotics/Homework_3/pioneer_ws/install/start_robot:/home/liam-bouffard/Desktop/rob599_mobile_robotics/Homework_3/pioneer_ws/install/pioneer:/home/liam-bouffard/Desktop/rob599_mobile_robotics/Homework_3/pioneer_ws/install/pioneer_interfaces:/home/liam-bouffard/Desktop/rob599_mobile_robotics/Homework_3/pioneer_ws/install/goal_target:/opt/ros/kilted:/home/liam-bouffard/Desktop/rob599_mobile_robotics/Homework_4/pioneer_ws/install/stage:/home/liam-bouffard/Desktop/rob599_mobile_robotics/Homework_4/pioneer_ws/install/pioneer_interfaces:/home/liam-bouffard/Desktop/rob599_mobile_robotics/Homework_4/pioneer_ws/install/goal_target:/home/liam-bouffard/Desktop/rob599_mobile_robotics/Homework_3/pioneer_ws/install/stage_ros2:/home/liam-bouffard/Desktop/rob599_mobile_robotics/Homework_3/pioneer_ws/install/stage:/opt/ros/kilted/opt/gz_sim_vendor:/opt/ros/kilted/opt/gz_sensors_vendor:/opt/ros/kilted/opt/gz_physics_vendor:/opt/ros/kilted/opt/sdformat_vendor:/opt/ros/kilted/opt/gz_gui_vendor:/opt/ros/kilted/opt/gz_transport_vendor:/opt/ros/kilted/opt/gz_rendering_vendor:/opt/ros/kilted/opt/gz_plugin_vendor:/opt/ros/kilted/opt/gz_fuel_tools_vendor:/opt/ros/kilted/opt/gz_msgs_vendor:/opt/ros/kilted/opt/gz_common_vendor:/opt/ros/kilted/opt/gz_math_vendor:/opt/ros/kilted/opt/gz_utils_vendor:/opt/ros/kilted/opt/gz_tools_vendor:/opt/ros/kilted/opt/gz_ogre_next_vendor:/opt/ros/kilted/opt/gz_dartsim_vendor:/opt/ros/kilted/opt/gz_cmake_vendor DEBUGINFOD_URLS=https://debuginfod.ubuntu.com /usr/bin/cmake --install /home/liam-bouffard/Desktop/rob599_mobile_robotics/Homework_4/pioneer_ws/build/pioneer_interfaces
[1.491s] -- Install configuration: ""
[1.491s] -- Execute custom install script
[1.492s] -- Up-to-date symlink: /home/liam-bouffard/Desktop/rob599_mobile_robotics/Homework_4/pioneer_ws/install/pioneer_interfaces/share/ament_index/resource_index/rosidl_interfaces/pioneer_interfaces
[1.492s] -- Up-to-date symlink: /home/liam-bouffard/Desktop/rob599_mobile_robotics/Homework_4/pioneer_ws/install/pioneer_interfaces/share/pioneer_interfaces/srv/Savemap.json
[1.492s] -- Up-to-date symlink: /home/liam-bouffard/Desktop/rob599_mobile_robotics/Homework_4/pioneer_ws/install/pioneer_interfaces/share/pioneer_interfaces/srv/Getpoints.json
[1.492s] -- Up-to-date symlink: /home/liam-bouffard/Desktop/rob599_mobile_robotics/Homework_4/pioneer_ws/install/pioneer_interfaces/include/pioneer_interfaces/pioneer_interfaces/msg/rosidl_generator_c__visibility_control.h
[1.492s] -- Up-to-date symlink: /home/liam-bouffard/Desktop/rob599_mobile_robotics/Homework_4/pioneer_ws/install/pioneer_interfaces/include/pioneer_interfaces/pioneer_interfaces/srv/detail/getpoints__functions.h
[1.492s] -- Up-to-date symlink: /home/liam-bouffard/Desktop/rob599_mobile_robotics/Homework_4/pioneer_ws/install/pioneer_interfaces/include/pioneer_interfaces/pioneer_interfaces/srv/detail/getpoints__struct.h
[1.492s] -- Up-to-date symlink: /home/liam-bouffard/Desktop/rob599_mobile_robotics/Homework_4/pioneer_ws/install/pioneer_interfaces/include/pioneer_interfaces/pioneer_interfaces/srv/detail/getpoints__type_support.h
[1.492s] -- Up-to-date symlink: /home/liam-bouffard/Desktop/rob599_mobile_robotics/Homework_4/pioneer_ws/install/pioneer_interfaces/include/pioneer_interfaces/pioneer_interfaces/srv/detail/savemap__functions.h
[1.493s] -- Up-to-date symlink: /home/liam-bouffard/Desktop/rob599_mobile_robotics/Homework_4/pioneer_ws/install/pioneer_interfaces/include/pioneer_interfaces/pioneer_interfaces/srv/detail/savemap__struct.h
[1.493s] -- Up-to-date symlink: /home/liam-bouffard/Desktop/rob599_mobile_robotics/Homework_4/pioneer_ws/install/pioneer_interfaces/include/pioneer_interfaces/pioneer_interfaces/srv/detail/savemap__type_support.h
[1.493s] -- Up-to-date symlink: /home/liam-bouffard/Desktop/rob599_mobile_robotics/Homework_4/pioneer_ws/install/pioneer_interfaces/include/pioneer_interfaces/pioneer_interfaces/srv/getpoints.h
[1.493s] -- Up-to-date symlink: /home/liam-bouffard/Desktop/rob599_mobile_robotics/Homework_4/pioneer_ws/install/pioneer_interfaces/include/pioneer_interfaces/pioneer_interfaces/srv/savemap.h
[1.493s] -- Up-to-date symlink: /home/liam-bouffard/Desktop/rob599_mobile_robotics/Homework_4/pioneer_ws/install/pioneer_interfaces/share/pioneer_interfaces/environment/library_path.sh
[1.493s] -- Up-to-date symlink: /home/liam-bouffard/Desktop/rob599_mobile_robotics/Homework_4/pioneer_ws/install/pioneer_interfaces/share/pioneer_interfaces/environment/library_path.dsv
[1.493s] -- Up-to-date symlink: /home/liam-bouffard/Desktop/rob599_mobile_robotics/Homework_4/pioneer_ws/install/pioneer_interfaces/include/pioneer_interfaces/pioneer_interfaces/msg/rosidl_typesupport_fastrtps_c__visibility_control.h
[1.493s] -- Up-to-date symlink: /home/liam-bouffard/Desktop/rob599_mobile_robotics/Homework_4/pioneer_ws/install/pioneer_interfaces/include/pioneer_interfaces/pioneer_interfaces/srv/detail/getpoints__rosidl_typesupport_fastrtps_c.h
[1.493s] -- Up-to-date symlink: /home/liam-bouffard/Desktop/rob599_mobile_robotics/Homework_4/pioneer_ws/install/pioneer_interfaces/include/pioneer_interfaces/pioneer_interfaces/srv/detail/savemap__rosidl_typesupport_fastrtps_c.h
[1.493s] -- Up-to-date symlink: /home/liam-bouffard/Desktop/rob599_mobile_robotics/Homework_4/pioneer_ws/install/pioneer_interfaces/include/pioneer_interfaces/pioneer_interfaces/msg/rosidl_typesupport_introspection_c__visibility_control.h
[1.493s] -- Up-to-date symlink: /home/liam-bouffard/Desktop/rob599_mobile_robotics/Homework_4/pioneer_ws/install/pioneer_interfaces/include/pioneer_interfaces/pioneer_interfaces/srv/detail/getpoints__rosidl_typesupport_introspection_c.h
[1.494s] -- Up-to-date symlink: /home/liam-bouffard/Desktop/rob599_mobile_robotics/Homework_4/pioneer_ws/install/pioneer_interfaces/include/pioneer_interfaces/pioneer_interfaces/srv/detail/savemap__rosidl_typesupport_introspection_c.h
[1.494s] -- Up-to-date symlink: /home/liam-bouffard/Desktop/rob599_mobile_robotics/Homework_4/pioneer_ws/install/pioneer_interfaces/include/pioneer_interfaces/pioneer_interfaces/msg/rosidl_generator_cpp__visibility_control.hpp
[1.494s] -- Up-to-date symlink: /home/liam-bouffard/Desktop/rob599_mobile_robotics/Homework_4/pioneer_ws/install/pioneer_interfaces/include/pioneer_interfaces/pioneer_interfaces/srv/detail/getpoints__builder.hpp
[1.494s] -- Up-to-date symlink: /home/liam-bouffard/Desktop/rob599_mobile_robotics/Homework_4/pioneer_ws/install/pioneer_interfaces/include/pioneer_interfaces/pioneer_interfaces/srv/detail/getpoints__struct.hpp
[1.494s] -- Up-to-date symlink: /home/liam-bouffard/Desktop/rob599_mobile_robotics/Homework_4/pioneer_ws/install/pioneer_interfaces/include/pioneer_interfaces/pioneer_interfaces/srv/detail/getpoints__traits.hpp
[1.494s] -- Up-to-date symlink: /home/liam-bouffard/Desktop/rob599_mobile_robotics/Homework_4/pioneer_ws/install/pioneer_interfaces/include/pioneer_interfaces/pioneer_interfaces/srv/detail/getpoints__type_support.hpp
[1.494s] -- Up-to-date symlink: /home/liam-bouffard/Desktop/rob599_mobile_robotics/Homework_4/pioneer_ws/install/pioneer_interfaces/include/pioneer_interfaces/pioneer_interfaces/srv/detail/savemap__builder.hpp
[1.494s] -- Up-to-date symlink: /home/liam-bouffard/Desktop/rob599_mobile_robotics/Homework_4/pioneer_ws/install/pioneer_interfaces/include/pioneer_interfaces/pioneer_interfaces/srv/detail/savemap__struct.hpp
[1.494s] -- Up-to-date symlink: /home/liam-bouffard/Desktop/rob599_mobile_robotics/Homework_4/pioneer_ws/install/pioneer_interfaces/include/pioneer_interfaces/pioneer_interfaces/srv/detail/savemap__traits.hpp
[1.495s] -- Up-to-date symlink: /home/liam-bouffard/Desktop/rob599_mobile_robotics/Homework_4/pioneer_ws/install/pioneer_interfaces/include/pioneer_interfaces/pioneer_interfaces/srv/detail/savemap__type_support.hpp
[1.495s] -- Up-to-date symlink: /home/liam-bouffard/Desktop/rob599_mobile_robotics/Homework_4/pioneer_ws/install/pioneer_interfaces/include/pioneer_interfaces/pioneer_interfaces/srv/getpoints.hpp
[1.495s] -- Up-to-date symlink: /home/liam-bouffard/Desktop/rob599_mobile_robotics/Homework_4/pioneer_ws/install/pioneer_interfaces/include/pioneer_interfaces/pioneer_interfaces/srv/savemap.hpp
[1.495s] -- Up-to-date symlink: /home/liam-bouffard/Desktop/rob599_mobile_robotics/Homework_4/pioneer_ws/install/pioneer_interfaces/include/pioneer_interfaces/pioneer_interfaces/msg/rosidl_typesupport_fastrtps_cpp__visibility_control.h
[1.495s] -- Up-to-date symlink: /home/liam-bouffard/Desktop/rob599_mobile_robotics/Homework_4/pioneer_ws/install/pioneer_interfaces/include/pioneer_interfaces/pioneer_interfaces/srv/detail/getpoints__rosidl_typesupport_fastrtps_cpp.hpp
[1.495s] -- Up-to-date symlink: /home/liam-bouffard/Desktop/rob599_mobile_robotics/Homework_4/pioneer_ws/install/pioneer_interfaces/include/pioneer_interfaces/pioneer_interfaces/srv/detail/savemap__rosidl_typesupport_fastrtps_cpp.hpp
[1.495s] -- Up-to-date symlink: /home/liam-bouffard/Desktop/rob599_mobile_robotics/Homework_4/pioneer_ws/install/pioneer_interfaces/include/pioneer_interfaces/pioneer_interfaces/srv/detail/getpoints__rosidl_typesupport_introspection_cpp.hpp
[1.495s] -- Up-to-date symlink: /home/liam-bouffard/Desktop/rob599_mobile_robotics/Homework_4/pioneer_ws/install/pioneer_interfaces/include/pioneer_interfaces/pioneer_interfaces/srv/detail/savemap__rosidl_typesupport_introspection_cpp.hpp
[1.495s] -- Up-to-date symlink: /home/liam-bouffard/Desktop/rob599_mobile_robotics/Homework_4/pioneer_ws/install/pioneer_interfaces/share/pioneer_interfaces/environment/pythonpath.sh
[1.495s] -- Up-to-date symlink: /home/liam-bouffard/Desktop/rob599_mobile_robotics/Homework_4/pioneer_ws/install/pioneer_interfaces/share/pioneer_interfaces/environment/pythonpath.dsv
[1.496s] -- Up-to-date symlink: /home/liam-bouffard/Desktop/rob599_mobile_robotics/Homework_4/pioneer_ws/install/pioneer_interfaces/lib/python3.12/site-packages/pioneer_interfaces-0.0.0-py3.12.egg-info/PKG-INFO
[1.496s] -- Up-to-date symlink: /home/liam-bouffard/Desktop/rob599_mobile_robotics/Homework_4/pioneer_ws/install/pioneer_interfaces/lib/python3.12/site-packages/pioneer_interfaces-0.0.0-py3.12.egg-info/SOURCES.txt
[1.496s] -- Up-to-date symlink: /home/liam-bouffard/Desktop/rob599_mobile_robotics/Homework_4/pioneer_ws/install/pioneer_interfaces/lib/python3.12/site-packages/pioneer_interfaces-0.0.0-py3.12.egg-info/dependency_links.txt
[1.496s] -- Up-to-date symlink: /home/liam-bouffard/Desktop/rob599_mobile_robotics/Homework_4/pioneer_ws/install/pioneer_interfaces/lib/python3.12/site-packages/pioneer_interfaces-0.0.0-py3.12.egg-info/top_level.txt
[1.496s] -- Up-to-date symlink: /home/liam-bouffard/Desktop/rob599_mobile_robotics/Homework_4/pioneer_ws/install/pioneer_interfaces/lib/python3.12/site-packages/pioneer_interfaces/__init__.py
[1.496s] -- Up-to-date symlink: /home/liam-bouffard/Desktop/rob599_mobile_robotics/Homework_4/pioneer_ws/install/pioneer_interfaces/lib/python3.12/site-packages/pioneer_interfaces/_pioneer_interfaces_s.ep.rosidl_typesupport_c.c
[1.496s] -- Up-to-date symlink: /home/liam-bouffard/Desktop/rob599_mobile_robotics/Homework_4/pioneer_ws/install/pioneer_interfaces/lib/python3.12/site-packages/pioneer_interfaces/_pioneer_interfaces_s.ep.rosidl_typesupport_fastrtps_c.c
[1.496s] -- Up-to-date symlink: /home/liam-bouffard/Desktop/rob599_mobile_robotics/Homework_4/pioneer_ws/install/pioneer_interfaces/lib/python3.12/site-packages/pioneer_interfaces/_pioneer_interfaces_s.ep.rosidl_typesupport_introspection_c.c
[1.496s] -- Up-to-date symlink: /home/liam-bouffard/Desktop/rob599_mobile_robotics/Homework_4/pioneer_ws/install/pioneer_interfaces/lib/python3.12/site-packages/pioneer_interfaces/pioneer_interfaces_s__rosidl_typesupport_c.so
[1.496s] -- Up-to-date symlink: /home/liam-bouffard/Desktop/rob599_mobile_robotics/Homework_4/pioneer_ws/install/pioneer_interfaces/lib/python3.12/site-packages/pioneer_interfaces/pioneer_interfaces_s__rosidl_typesupport_fastrtps_c.so
[1.496s] -- Up-to-date symlink: /home/liam-bouffard/Desktop/rob599_mobile_robotics/Homework_4/pioneer_ws/install/pioneer_interfaces/lib/python3.12/site-packages/pioneer_interfaces/pioneer_interfaces_s__rosidl_typesupport_introspection_c.so
[1.496s] -- Up-to-date symlink: /home/liam-bouffard/Desktop/rob599_mobile_robotics/Homework_4/pioneer_ws/install/pioneer_interfaces/lib/python3.12/site-packages/pioneer_interfaces/srv/__init__.py
[1.496s] -- Up-to-date symlink: /home/liam-bouffard/Desktop/rob599_mobile_robotics/Homework_4/pioneer_ws/install/pioneer_interfaces/lib/python3.12/site-packages/pioneer_interfaces/srv/_getpoints.py
[1.497s] -- Up-to-date symlink: /home/liam-bouffard/Desktop/rob599_mobile_robotics/Homework_4/pioneer_ws/install/pioneer_interfaces/lib/python3.12/site-packages/pioneer_interfaces/srv/_getpoints_s.c
[1.497s] -- Up-to-date symlink: /home/liam-bouffard/Desktop/rob599_mobile_robotics/Homework_4/pioneer_ws/install/pioneer_interfaces/lib/python3.12/site-packages/pioneer_interfaces/srv/_savemap.py
[1.497s] -- Up-to-date symlink: /home/liam-bouffard/Desktop/rob599_mobile_robotics/Homework_4/pioneer_ws/install/pioneer_interfaces/lib/python3.12/site-packages/pioneer_interfaces/srv/_savemap_s.c
[1.497s] -- Up-to-date symlink: /home/liam-bouffard/Desktop/rob599_mobile_robotics/Homework_4/pioneer_ws/install/pioneer_interfaces/lib/python3.12/site-packages/pioneer_interfaces/pioneer_interfaces_s__rosidl_typesupport_fastrtps_c.so
[1.497s] -- Up-to-date symlink: /home/liam-bouffard/Desktop/rob599_mobile_robotics/Homework_4/pioneer_ws/install/pioneer_interfaces/lib/python3.12/site-packages/pioneer_interfaces/pioneer_interfaces_s__rosidl_typesupport_introspection_c.so
[1.497s] -- Up-to-date symlink: /home/liam-bouffard/Desktop/rob599_mobile_robotics/Homework_4/pioneer_ws/install/pioneer_interfaces/lib/python3.12/site-packages/pioneer_interfaces/pioneer_interfaces_s__rosidl_typesupport_c.so
[1.497s] -- Up-to-date symlink: /home/liam-bouffard/Desktop/rob599_mobile_robotics/Homework_4/pioneer_ws/install/pioneer_interfaces/share/pioneer_interfaces/srv/Savemap.idl
[1.497s] -- Up-to-date symlink: /home/liam-bouffard/Desktop/rob599_mobile_robotics/Homework_4/pioneer_ws/install/pioneer_interfaces/share/pioneer_interfaces/srv/Getpoints.idl
[1.497s] -- Up-to-date symlink: /home/liam-bouffard/Desktop/rob599_mobile_robotics/Homework_4/pioneer_ws/install/pioneer_interfaces/share/pioneer_interfaces/srv/Savemap.srv
[1.497s] -- Up-to-date symlink: /home/liam-bouffard/Desktop/rob599_mobile_robotics/Homework_4/pioneer_ws/install/pioneer_interfaces/share/pioneer_interfaces/srv/Getpoints.srv
[1.498s] -- Up-to-date symlink: /home/liam-bouffard/Desktop/rob599_mobile_robotics/Homework_4/pioneer_ws/install/pioneer_interfaces/share/ament_index/resource_index/package_run_dependencies/pioneer_interfaces
[1.498s] -- Up-to-date symlink: /home/liam-bouffard/Desktop/rob599_mobile_robotics/Homework_4/pioneer_ws/install/pioneer_interfaces/share/ament_index/resource_index/parent_prefix_path/pioneer_interfaces
[1.498s] -- Up-to-date symlink: /home/liam-bouffard/Desktop/rob599_mobile_robotics/Homework_4/pioneer_ws/install/pioneer_interfaces/share/pioneer_interfaces/environment/ament_prefix_path.sh
[1.498s] -- Up-to-date symlink: /home/liam-bouffard/Desktop/rob599_mobile_robotics/Homework_4/pioneer_ws/install/pioneer_interfaces/share/pioneer_interfaces/environment/ament_prefix_path.dsv
[1.498s] -- Up-to-date symlink: /home/liam-bouffard/Desktop/rob599_mobile_robotics/Homework_4/pioneer_ws/install/pioneer_interfaces/share/pioneer_interfaces/environment/path.sh
[1.498s] -- Up-to-date symlink: /home/liam-bouffard/Desktop/rob599_mobile_robotics/Homework_4/pioneer_ws/install/pioneer_interfaces/share/pioneer_interfaces/environment/path.dsv
[1.498s] -- Up-to-date symlink: /home/liam-bouffard/Desktop/rob599_mobile_robotics/Homework_4/pioneer_ws/install/pioneer_interfaces/share/pioneer_interfaces/local_setup.bash
[1.498s] -- Up-to-date symlink: /home/liam-bouffard/Desktop/rob599_mobile_robotics/Homework_4/pioneer_ws/install/pioneer_interfaces/share/pioneer_interfaces/local_setup.sh
[1.498s] -- Up-to-date symlink: /home/liam-bouffard/Desktop/rob599_mobile_robotics/Homework_4/pioneer_ws/install/pioneer_interfaces/share/pioneer_interfaces/local_setup.zsh
[1.499s] -- Up-to-date symlink: /home/liam-bouffard/Desktop/rob599_mobile_robotics/Homework_4/pioneer_ws/install/pioneer_interfaces/share/pioneer_interfaces/local_setup.dsv
[1.499s] -- Symlinking: /home/liam-bouffard/Desktop/rob599_mobile_robotics/Homework_4/pioneer_ws/install/pioneer_interfaces/share/pioneer_interfaces/package.dsv
[1.505s] -- Up-to-date symlink: /home/liam-bouffard/Desktop/rob599_mobile_robotics/Homework_4/pioneer_ws/install/pioneer_interfaces/share/ament_index/resource_index/packages/pioneer_interfaces
[1.505s] -- Up-to-date symlink: /home/liam-bouffard/Desktop/rob599_mobile_robotics/Homework_4/pioneer_ws/install/pioneer_interfaces/share/pioneer_interfaces/cmake/rosidl_cmake-extras.cmake
[1.505s] -- Up-to-date symlink: /home/liam-bouffard/Desktop/rob599_mobile_robotics/Homework_4/pioneer_ws/install/pioneer_interfaces/share/pioneer_interfaces/cmake/ament_cmake_export_dependencies-extras.cmake
[1.505s] -- Up-to-date symlink: /home/liam-bouffard/Desktop/rob599_mobile_robotics/Homework_4/pioneer_ws/install/pioneer_interfaces/share/pioneer_interfaces/cmake/ament_cmake_export_include_directories-extras.cmake
[1.506s] -- Up-to-date symlink: /home/liam-bouffard/Desktop/rob599_mobile_robotics/Homework_4/pioneer_ws/install/pioneer_interfaces/share/pioneer_interfaces/cmake/ament_cmake_export_libraries-extras.cmake
[1.506s] -- Up-to-date symlink: /home/liam-bouffard/Desktop/rob599_mobile_robotics/Homework_4/pioneer_ws/install/pioneer_interfaces/share/pioneer_interfaces/cmake/ament_cmake_export_targets-extras.cmake
[1.507s] -- Up-to-date symlink: /home/liam-bouffard/Desktop/rob599_mobile_robotics/Homework_4/pioneer_ws/install/pioneer_interfaces/share/pioneer_interfaces/cmake/rosidl_cmake_export_typesupport_targets-extras.cmake
[1.507s] -- Up-to-date symlink: /home/liam-bouffard/Desktop/rob599_mobile_robotics/Homework_4/pioneer_ws/install/pioneer_interfaces/share/pioneer_interfaces/cmake/rosidl_cmake_export_typesupport_libraries-extras.cmake
[1.507s] -- Up-to-date symlink: /home/liam-bouffard/Desktop/rob599_mobile_robotics/Homework_4/pioneer_ws/install/pioneer_interfaces/share/pioneer_interfaces/cmake/pioneer_interfacesConfig.cmake
[1.507s] -- Up-to-date symlink: /home/liam-bouffard/Desktop/rob599_mobile_robotics/Homework_4/pioneer_ws/install/pioneer_interfaces/share/pioneer_interfaces/cmake/pioneer_interfacesConfig-version.cmake
[1.507s] -- Up-to-date symlink: /home/liam-bouffard/Desktop/rob599_mobile_robotics/Homework_4/pioneer_ws/install/pioneer_interfaces/share/pioneer_interfaces/package.xml
[1.507s] -- Up-to-date: /home/liam-bouffard/Desktop/rob599_mobile_robotics/Homework_4/pioneer_ws/install/pioneer_interfaces/lib/libpioneer_interfaces__rosidl_generator_c.so
[1.507s] -- Up-to-date: /home/liam-bouffard/Desktop/rob599_mobile_robotics/Homework_4/pioneer_ws/install/pioneer_interfaces/lib/libpioneer_interfaces__rosidl_typesupport_fastrtps_c.so
[1.507s] -- Up-to-date: /home/liam-bouffard/Desktop/rob599_mobile_robotics/Homework_4/pioneer_ws/install/pioneer_interfaces/lib/libpioneer_interfaces__rosidl_typesupport_introspection_c.so
[1.508s] -- Up-to-date: /home/liam-bouffard/Desktop/rob599_mobile_robotics/Homework_4/pioneer_ws/install/pioneer_interfaces/lib/libpioneer_interfaces__rosidl_typesupport_c.so
[1.508s] -- Up-to-date: /home/liam-bouffard/Desktop/rob599_mobile_robotics/Homework_4/pioneer_ws/install/pioneer_interfaces/lib/libpioneer_interfaces__rosidl_typesupport_fastrtps_cpp.so
[1.509s] -- Up-to-date: /home/liam-bouffard/Desktop/rob599_mobile_robotics/Homework_4/pioneer_ws/install/pioneer_interfaces/lib/libpioneer_interfaces__rosidl_typesupport_introspection_cpp.so
[1.509s] -- Up-to-date: /home/liam-bouffard/Desktop/rob599_mobile_robotics/Homework_4/pioneer_ws/install/pioneer_interfaces/lib/libpioneer_interfaces__rosidl_typesupport_cpp.so
[1.538s] Listing '/home/liam-bouffard/Desktop/rob599_mobile_robotics/Homework_4/pioneer_ws/install/pioneer_interfaces/lib/python3.12/site-packages/pioneer_interfaces'...
[1.539s] Compiling '/home/liam-bouffard/Desktop/rob599_mobile_robotics/Homework_4/pioneer_ws/install/pioneer_interfaces/lib/python3.12/site-packages/pioneer_interfaces/__init__.py'...
[1.539s] Listing '/home/liam-bouffard/Desktop/rob599_mobile_robotics/Homework_4/pioneer_ws/install/pioneer_interfaces/lib/python3.12/site-packages/pioneer_interfaces/srv'...
[1.543s] -- Up-to-date: /home/liam-bouffard/Desktop/rob599_mobile_robotics/Homework_4/pioneer_ws/install/pioneer_interfaces/lib/libpioneer_interfaces__rosidl_generator_py.so
[1.543s] -- Up-to-date: /home/liam-bouffard/Desktop/rob599_mobile_robotics/Homework_4/pioneer_ws/install/pioneer_interfaces/share/pioneer_interfaces/cmake/export_pioneer_interfaces__rosidl_generator_cExport.cmake
[1.543s] -- Up-to-date: /home/liam-bouffard/Desktop/rob599_mobile_robotics/Homework_4/pioneer_ws/install/pioneer_interfaces/share/pioneer_interfaces/cmake/export_pioneer_interfaces__rosidl_generator_cExport-noconfig.cmake
[1.543s] -- Up-to-date: /home/liam-bouffard/Desktop/rob599_mobile_robotics/Homework_4/pioneer_ws/install/pioneer_interfaces/share/pioneer_interfaces/cmake/export_pioneer_interfaces__rosidl_typesupport_fastrtps_cExport.cmake
[1.543s] -- Up-to-date: /home/liam-bouffard/Desktop/rob599_mobile_robotics/Homework_4/pioneer_ws/install/pioneer_interfaces/share/pioneer_interfaces/cmake/export_pioneer_interfaces__rosidl_typesupport_fastrtps_cExport-noconfig.cmake
[1.543s] -- Up-to-date: /home/liam-bouffard/Desktop/rob599_mobile_robotics/Homework_4/pioneer_ws/install/pioneer_interfaces/share/pioneer_interfaces/cmake/pioneer_interfaces__rosidl_typesupport_introspection_cExport.cmake
[1.543s] -- Up-to-date: /home/liam-bouffard/Desktop/rob599_mobile_robotics/Homework_4/pioneer_ws/install/pioneer_interfaces/share/pioneer_interfaces/cmake/pioneer_interfaces__rosidl_typesupport_introspection_cExport-noconfig.cmake
[1.543s] -- Up-to-date: /home/liam-bouffard/Desktop/rob599_mobile_robotics/Homework_4/pioneer_ws/install/pioneer_interfaces/share/pioneer_interfaces/cmake/pioneer_interfaces__rosidl_typesupport_cExport.cmake
[1.543s] -- Up-to-date: /home/liam-bouffard/Desktop/rob599_mobile_robotics/Homework_4/pioneer_ws/install/pioneer_interfaces/share/pioneer_interfaces/cmake/pioneer_interfaces__rosidl_typesupport_cExport-noconfig.cmake
[1.543s] -- Up-to-date: /home/liam-bouffard/Desktop/rob599_mobile_robotics/Homework_4/pioneer_ws/install/pioneer_interfaces/share/pioneer_interfaces/cmake/export_pioneer_interfaces__rosidl_generator_cppExport.cmake
[1.544s] -- Up-to-date: /home/liam-bouffard/Desktop/rob599_mobile_robotics/Homework_4/pioneer_ws/install/pioneer_interfaces/share/pioneer_interfaces/cmake/export_pioneer_interfaces__rosidl_typesupport_fastrtps_cppExport.cmake
[1.544s] -- Up-to-date: /home/liam-bouffard/Desktop/rob599_mobile_robotics/Homework_4/pioneer_ws/install/pioneer_interfaces/share/pioneer_interfaces/cmake/export_pioneer_interfaces__rosidl_typesupport_fastrtps_cppExport-noconfig.cmake
[1.544s] -- Up-to-date: /home/liam-bouffard/Desktop/rob599_mobile_robotics/Homework_4/pioneer_ws/install/pioneer_interfaces/share/pioneer_interfaces/cmake/pioneer_interfaces__rosidl_typesupport_introspection_cppExport.cmake
[1.544s] -- Up-to-date: /home/liam-bouffard/Desktop/rob599_mobile_robotics/Homework_4/pioneer_ws/install/pioneer_interfaces/share/pioneer_interfaces/cmake/pioneer_interfaces__rosidl_typesupport_introspection_cppExport-noconfig.cmake
[1.544s] -- Up-to-date: /home/liam-bouffard/Desktop/rob599_mobile_robotics/Homework_4/pioneer_ws/install/pioneer_interfaces/share/pioneer_interfaces/cmake/pioneer_interfaces__rosidl_typesupport_cppExport.cmake
[1.544s] -- Up-to-date: /home/liam-bouffard/Desktop/rob599_mobile_robotics/Homework_4/pioneer_ws/install/pioneer_interfaces/share/pioneer_interfaces/cmake/pioneer_interfaces__rosidl_typesupport_cppExport-noconfig.cmake
[1.544s] -- Up-to-date: /home/liam-bouffard/Desktop/rob599_mobile_robotics/Homework_4/pioneer_ws/install/pioneer_interfaces/share/pioneer_interfaces/cmake/export_pioneer_interfaces__rosidl_generator_pyExport.cmake
[1.544s] -- Up-to-date: /home/liam-bouffard/Desktop/rob599_mobile_robotics/Homework_4/pioneer_ws/install/pioneer_interfaces/share/pioneer_interfaces/cmake/export_pioneer_interfaces__rosidl_generator_pyExport-noconfig.cmake
[1.545s] Invoked command in '/home/liam-bouffard/Desktop/rob599_mobile_robotics/Homework_4/pioneer_ws/build/pioneer_interfaces' returned '0': CMAKE_PREFIX_PATH=/home/liam-bouffard/Desktop/rob599_mobile_robotics/Homework_4/pioneer_ws/install/stage_ros2:/home/liam-bouffard/Desktop/rob599_mobile_robotics/Homework_4/pioneer_ws/install/pioneer:/home/liam-bouffard/Desktop/rob599_mobile_robotics/Homework_3/pioneer_ws/install/start_robot:/home/liam-bouffard/Desktop/rob599_mobile_robotics/Homework_3/pioneer_ws/install/pioneer:/home/liam-bouffard/Desktop/rob599_mobile_robotics/Homework_3/pioneer_ws/install/pioneer_interfaces:/home/liam-bouffard/Desktop/rob599_mobile_robotics/Homework_3/pioneer_ws/install/goal_target:/opt/ros/kilted:/home/liam-bouffard/Desktop/rob599_mobile_robotics/Homework_4/pioneer_ws/install/stage:/home/liam-bouffard/Desktop/rob599_mobile_robotics/Homework_4/pioneer_ws/install/pioneer_interfaces:/home/liam-bouffard/Desktop/rob599_mobile_robotics/Homework_4/pioneer_ws/install/goal_target:/home/liam-bouffard/Desktop/rob599_mobile_robotics/Homework_3/pioneer_ws/install/stage_ros2:/home/liam-bouffard/Desktop/rob599_mobile_robotics/Homework_3/pioneer_ws/install/stage:/opt/ros/kilted/opt/gz_sim_vendor:/opt/ros/kilted/opt/gz_sensors_vendor:/opt/ros/kilted/opt/gz_physics_vendor:/opt/ros/kilted/opt/sdformat_vendor:/opt/ros/kilted/opt/gz_gui_vendor:/opt/ros/kilted/opt/gz_transport_vendor:/opt/ros/kilted/opt/gz_rendering_vendor:/opt/ros/kilted/opt/gz_plugin_vendor:/opt/ros/kilted/opt/gz_fuel_tools_vendor:/opt/ros/kilted/opt/gz_msgs_vendor:/opt/ros/kilted/opt/gz_common_vendor:/opt/ros/kilted/opt/gz_math_vendor:/opt/ros/kilted/opt/gz_utils_vendor:/opt/ros/kilted/opt/gz_tools_vendor:/opt/ros/kilted/opt/gz_ogre_next_vendor:/opt/ros/kilted/opt/gz_dartsim_vendor:/opt/ros/kilted/opt/gz_cmake_vendor DEBUGINFOD_URLS=https://debuginfod.ubuntu.com /usr/bin/cmake --install /home/liam-bouffard/Desktop/rob599_mobile_robotics/Homework_4/pioneer_ws/build/pioneer_interfaces
