running egg_info
creating ../../build/hw5/hw5.egg-info
writing ../../build/hw5/hw5.egg-info/PKG-INFO
writing dependency_links to ../../build/hw5/hw5.egg-info/dependency_links.txt
writing entry points to ../../build/hw5/hw5.egg-info/entry_points.txt
writing requirements to ../../build/hw5/hw5.egg-info/requires.txt
writing top-level names to ../../build/hw5/hw5.egg-info/top_level.txt
writing manifest file '../../build/hw5/hw5.egg-info/SOURCES.txt'
reading manifest file '../../build/hw5/hw5.egg-info/SOURCES.txt'
adding license file 'LICENSE'
writing manifest file '../../build/hw5/hw5.egg-info/SOURCES.txt'
running build
running build_py
creating /home/liam-bouffard/Desktop/rob599_mobile_robotics/Homework_5/ros_ws/build/hw5/build
creating /home/liam-bouffard/Desktop/rob599_mobile_robotics/Homework_5/ros_ws/build/hw5/build/lib
creating /home/liam-bouffard/Desktop/rob599_mobile_robotics/Homework_5/ros_ws/build/hw5/build/lib/hw5
copying hw5/path_planning.py -> /home/liam-bouffard/Desktop/rob599_mobile_robotics/Homework_5/ros_ws/build/hw5/build/lib/hw5
copying hw5/__init__.py -> /home/liam-bouffard/Desktop/rob599_mobile_robotics/Homework_5/ros_ws/build/hw5/build/lib/hw5
copying hw5/py.typed -> /home/liam-bouffard/Desktop/rob599_mobile_robotics/Homework_5/ros_ws/build/hw5/build/lib/hw5
running install
running install_lib
creating /home/liam-bouffard/Desktop/rob599_mobile_robotics/Homework_5/ros_ws/install/hw5/lib/python3.12/site-packages/hw5
copying /home/liam-bouffard/Desktop/rob599_mobile_robotics/Homework_5/ros_ws/build/hw5/build/lib/hw5/path_planning.py -> /home/liam-bouffard/Desktop/rob599_mobile_robotics/Homework_5/ros_ws/install/hw5/lib/python3.12/site-packages/hw5
copying /home/liam-bouffard/Desktop/rob599_mobile_robotics/Homework_5/ros_ws/build/hw5/build/lib/hw5/py.typed -> /home/liam-bouffard/Desktop/rob599_mobile_robotics/Homework_5/ros_ws/install/hw5/lib/python3.12/site-packages/hw5
copying /home/liam-bouffard/Desktop/rob599_mobile_robotics/Homework_5/ros_ws/build/hw5/build/lib/hw5/__init__.py -> /home/liam-bouffard/Desktop/rob599_mobile_robotics/Homework_5/ros_ws/install/hw5/lib/python3.12/site-packages/hw5
byte-compiling /home/liam-bouffard/Desktop/rob599_mobile_robotics/Homework_5/ros_ws/install/hw5/lib/python3.12/site-packages/hw5/path_planning.py to path_planning.cpython-312.pyc
byte-compiling /home/liam-bouffard/Desktop/rob599_mobile_robotics/Homework_5/ros_ws/install/hw5/lib/python3.12/site-packages/hw5/__init__.py to __init__.cpython-312.pyc
running install_data
creating /home/liam-bouffard/Desktop/rob599_mobile_robotics/Homework_5/ros_ws/install/hw5/share/ament_index
creating /home/liam-bouffard/Desktop/rob599_mobile_robotics/Homework_5/ros_ws/install/hw5/share/ament_index/resource_index
creating /home/liam-bouffard/Desktop/rob599_mobile_robotics/Homework_5/ros_ws/install/hw5/share/ament_index/resource_index/packages
copying resource/hw5 -> /home/liam-bouffard/Desktop/rob599_mobile_robotics/Homework_5/ros_ws/install/hw5/share/ament_index/resource_index/packages
copying package.xml -> /home/liam-bouffard/Desktop/rob599_mobile_robotics/Homework_5/ros_ws/install/hw5/share/hw5
creating /home/liam-bouffard/Desktop/rob599_mobile_robotics/Homework_5/ros_ws/install/hw5/share/hw5/launch
copying launch/ex_launch.py -> /home/liam-bouffard/Desktop/rob599_mobile_robotics/Homework_5/ros_ws/install/hw5/share/hw5/launch
copying launch/tb3_cimulation_launch.py -> /home/liam-bouffard/Desktop/rob599_mobile_robotics/Homework_5/ros_ws/install/hw5/share/hw5/launch
copying launch/hw5.launch.py -> /home/liam-bouffard/Desktop/rob599_mobile_robotics/Homework_5/ros_ws/install/hw5/share/hw5/launch
creating /home/liam-bouffard/Desktop/rob599_mobile_robotics/Homework_5/ros_ws/install/hw5/share/hw5/maps
copying maps/map.yaml -> /home/liam-bouffard/Desktop/rob599_mobile_robotics/Homework_5/ros_ws/install/hw5/share/hw5/maps
copying maps/map.pgm -> /home/liam-bouffard/Desktop/rob599_mobile_robotics/Homework_5/ros_ws/install/hw5/share/hw5/maps
running install_egg_info
Copying ../../build/hw5/hw5.egg-info to /home/liam-bouffard/Desktop/rob599_mobile_robotics/Homework_5/ros_ws/install/hw5/lib/python3.12/site-packages/hw5-0.0.0-py3.12.egg-info
running install_scripts
Installing path_planning script to /home/liam-bouffard/Desktop/rob599_mobile_robotics/Homework_5/ros_ws/install/hw5/lib/hw5
writing list of installed files to '/home/liam-bouffard/Desktop/rob599_mobile_robotics/Homework_5/ros_ws/build/hw5/install.log'
