[0.642s] Invoking command in '/home/liam-bouffard/Desktop/rob599_mobile_robotics/Homework_5/ros_ws/src/hw5': DEBUGINFOD_URLS=https://debuginfod.ubuntu.com PYTHONPATH=/home/liam-bouffard/Desktop/rob599_mobile_robotics/Homework_5/ros_ws/build/hw5/prefix_override:/usr/lib/python3/dist-packages/colcon_core/task/python/colcon_distutils_commands:/home/liam-bouffard/Desktop/rob599_mobile_robotics/Homework_5/ros_ws/install/hw5/lib/python3.12/site-packages:${PYTHONPATH} /usr/bin/python3 -W ignore:setup.py install is deprecated -W ignore:easy_install command is deprecated setup.py egg_info --egg-base ../../build/hw5 build --build-base /home/liam-bouffard/Desktop/rob599_mobile_robotics/Homework_5/ros_ws/build/hw5/build install --record /home/liam-bouffard/Desktop/rob599_mobile_robotics/Homework_5/ros_ws/build/hw5/install.log --single-version-externally-managed install_data
[0.863s] running egg_info
[0.863s] creating ../../build/hw5/hw5.egg-info
[0.880s] writing ../../build/hw5/hw5.egg-info/PKG-INFO
[0.881s] writing dependency_links to ../../build/hw5/hw5.egg-info/dependency_links.txt
[0.881s] writing entry points to ../../build/hw5/hw5.egg-info/entry_points.txt
[0.881s] writing requirements to ../../build/hw5/hw5.egg-info/requires.txt
[0.881s] writing top-level names to ../../build/hw5/hw5.egg-info/top_level.txt
[0.881s] writing manifest file '../../build/hw5/hw5.egg-info/SOURCES.txt'
[0.916s] reading manifest file '../../build/hw5/hw5.egg-info/SOURCES.txt'
[0.916s] adding license file 'LICENSE'
[0.916s] writing manifest file '../../build/hw5/hw5.egg-info/SOURCES.txt'
[0.916s] running build
[0.916s] running build_py
[0.916s] creating /home/liam-bouffard/Desktop/rob599_mobile_robotics/Homework_5/ros_ws/build/hw5/build
[0.916s] creating /home/liam-bouffard/Desktop/rob599_mobile_robotics/Homework_5/ros_ws/build/hw5/build/lib
[0.916s] creating /home/liam-bouffard/Desktop/rob599_mobile_robotics/Homework_5/ros_ws/build/hw5/build/lib/hw5
[0.916s] copying hw5/path_planning.py -> /home/liam-bouffard/Desktop/rob599_mobile_robotics/Homework_5/ros_ws/build/hw5/build/lib/hw5
[0.916s] copying hw5/__init__.py -> /home/liam-bouffard/Desktop/rob599_mobile_robotics/Homework_5/ros_ws/build/hw5/build/lib/hw5
[0.917s] copying hw5/py.typed -> /home/liam-bouffard/Desktop/rob599_mobile_robotics/Homework_5/ros_ws/build/hw5/build/lib/hw5
[0.917s] running install
[0.921s] running install_lib
[0.939s] creating /home/liam-bouffard/Desktop/rob599_mobile_robotics/Homework_5/ros_ws/install/hw5/lib/python3.12/site-packages/hw5
[0.939s] copying /home/liam-bouffard/Desktop/rob599_mobile_robotics/Homework_5/ros_ws/build/hw5/build/lib/hw5/path_planning.py -> /home/liam-bouffard/Desktop/rob599_mobile_robotics/Homework_5/ros_ws/install/hw5/lib/python3.12/site-packages/hw5
[0.939s] copying /home/liam-bouffard/Desktop/rob599_mobile_robotics/Homework_5/ros_ws/build/hw5/build/lib/hw5/py.typed -> /home/liam-bouffard/Desktop/rob599_mobile_robotics/Homework_5/ros_ws/install/hw5/lib/python3.12/site-packages/hw5
[0.939s] copying /home/liam-bouffard/Desktop/rob599_mobile_robotics/Homework_5/ros_ws/build/hw5/build/lib/hw5/__init__.py -> /home/liam-bouffard/Desktop/rob599_mobile_robotics/Homework_5/ros_ws/install/hw5/lib/python3.12/site-packages/hw5
[0.939s] byte-compiling /home/liam-bouffard/Desktop/rob599_mobile_robotics/Homework_5/ros_ws/install/hw5/lib/python3.12/site-packages/hw5/path_planning.py to path_planning.cpython-312.pyc
[0.940s] byte-compiling /home/liam-bouffard/Desktop/rob599_mobile_robotics/Homework_5/ros_ws/install/hw5/lib/python3.12/site-packages/hw5/__init__.py to __init__.cpython-312.pyc
[0.940s] running install_data
[0.940s] creating /home/liam-bouffard/Desktop/rob599_mobile_robotics/Homework_5/ros_ws/install/hw5/share/ament_index
[0.940s] creating /home/liam-bouffard/Desktop/rob599_mobile_robotics/Homework_5/ros_ws/install/hw5/share/ament_index/resource_index
[0.940s] creating /home/liam-bouffard/Desktop/rob599_mobile_robotics/Homework_5/ros_ws/install/hw5/share/ament_index/resource_index/packages
[0.940s] copying resource/hw5 -> /home/liam-bouffard/Desktop/rob599_mobile_robotics/Homework_5/ros_ws/install/hw5/share/ament_index/resource_index/packages
[0.940s] copying package.xml -> /home/liam-bouffard/Desktop/rob599_mobile_robotics/Homework_5/ros_ws/install/hw5/share/hw5
[0.940s] creating /home/liam-bouffard/Desktop/rob599_mobile_robotics/Homework_5/ros_ws/install/hw5/share/hw5/launch
[0.940s] copying launch/ex_launch.py -> /home/liam-bouffard/Desktop/rob599_mobile_robotics/Homework_5/ros_ws/install/hw5/share/hw5/launch
[0.940s] copying launch/tb3_cimulation_launch.py -> /home/liam-bouffard/Desktop/rob599_mobile_robotics/Homework_5/ros_ws/install/hw5/share/hw5/launch
[0.940s] copying launch/hw5.launch.py -> /home/liam-bouffard/Desktop/rob599_mobile_robotics/Homework_5/ros_ws/install/hw5/share/hw5/launch
[0.940s] creating /home/liam-bouffard/Desktop/rob599_mobile_robotics/Homework_5/ros_ws/install/hw5/share/hw5/maps
[0.940s] copying maps/map.yaml -> /home/liam-bouffard/Desktop/rob599_mobile_robotics/Homework_5/ros_ws/install/hw5/share/hw5/maps
[0.940s] copying maps/map.pgm -> /home/liam-bouffard/Desktop/rob599_mobile_robotics/Homework_5/ros_ws/install/hw5/share/hw5/maps
[0.940s] running install_egg_info
[0.958s] Copying ../../build/hw5/hw5.egg-info to /home/liam-bouffard/Desktop/rob599_mobile_robotics/Homework_5/ros_ws/install/hw5/lib/python3.12/site-packages/hw5-0.0.0-py3.12.egg-info
[0.959s] running install_scripts
[1.068s] Installing path_planning script to /home/liam-bouffard/Desktop/rob599_mobile_robotics/Homework_5/ros_ws/install/hw5/lib/hw5
[1.069s] writing list of installed files to '/home/liam-bouffard/Desktop/rob599_mobile_robotics/Homework_5/ros_ws/build/hw5/install.log'
[1.089s] Invoked command in '/home/liam-bouffard/Desktop/rob599_mobile_robotics/Homework_5/ros_ws/src/hw5' returned '0': DEBUGINFOD_URLS=https://debuginfod.ubuntu.com PYTHONPATH=/home/liam-bouffard/Desktop/rob599_mobile_robotics/Homework_5/ros_ws/build/hw5/prefix_override:/usr/lib/python3/dist-packages/colcon_core/task/python/colcon_distutils_commands:/home/liam-bouffard/Desktop/rob599_mobile_robotics/Homework_5/ros_ws/install/hw5/lib/python3.12/site-packages:${PYTHONPATH} /usr/bin/python3 -W ignore:setup.py install is deprecated -W ignore:easy_install command is deprecated setup.py egg_info --egg-base ../../build/hw5 build --build-base /home/liam-bouffard/Desktop/rob599_mobile_robotics/Homework_5/ros_ws/build/hw5/build install --record /home/liam-bouffard/Desktop/rob599_mobile_robotics/Homework_5/ros_ws/build/hw5/install.log --single-version-externally-managed install_data
