running develop
Removing /home/liam-bouffard/Desktop/rob599_mobile_robotics/Homework_4/pioneer_ws/install/pioneer/lib/python3.12/site-packages/pioneer.egg-link (link to .)
running egg_info
writing ../../build/pioneer/pioneer.egg-info/PKG-INFO
writing dependency_links to ../../build/pioneer/pioneer.egg-info/dependency_links.txt
writing entry points to ../../build/pioneer/pioneer.egg-info/entry_points.txt
writing requirements to ../../build/pioneer/pioneer.egg-info/requires.txt
writing top-level names to ../../build/pioneer/pioneer.egg-info/top_level.txt
reading manifest file '../../build/pioneer/pioneer.egg-info/SOURCES.txt'
adding license file 'LICENSE'
writing manifest file '../../build/pioneer/pioneer.egg-info/SOURCES.txt'
running build
running build_py
creating /home/liam-bouffard/Desktop/rob599_mobile_robotics/Homework_4/pioneer_ws/build/pioneer/build
creating /home/liam-bouffard/Desktop/rob599_mobile_robotics/Homework_4/pioneer_ws/build/pioneer/build/lib
creating /home/liam-bouffard/Desktop/rob599_mobile_robotics/Homework_4/pioneer_ws/build/pioneer/build/lib/pioneer
copying pioneer/world_tf.py -> /home/liam-bouffard/Desktop/rob599_mobile_robotics/Homework_4/pioneer_ws/build/pioneer/build/lib/pioneer
copying pioneer/path_planning.py -> /home/liam-bouffard/Desktop/rob599_mobile_robotics/Homework_4/pioneer_ws/build/pioneer/build/lib/pioneer
copying pioneer/localization.py -> /home/liam-bouffard/Desktop/rob599_mobile_robotics/Homework_4/pioneer_ws/build/pioneer/build/lib/pioneer
copying pioneer/mapping.py -> /home/liam-bouffard/Desktop/rob599_mobile_robotics/Homework_4/pioneer_ws/build/pioneer/build/lib/pioneer
copying pioneer/test_vfh.py -> /home/liam-bouffard/Desktop/rob599_mobile_robotics/Homework_4/pioneer_ws/build/pioneer/build/lib/pioneer
copying pioneer/__init__.py -> /home/liam-bouffard/Desktop/rob599_mobile_robotics/Homework_4/pioneer_ws/build/pioneer/build/lib/pioneer
copying pioneer/driver.py -> /home/liam-bouffard/Desktop/rob599_mobile_robotics/Homework_4/pioneer_ws/build/pioneer/build/lib/pioneer
copying pioneer/savemap.py -> /home/liam-bouffard/Desktop/rob599_mobile_robotics/Homework_4/pioneer_ws/build/pioneer/build/lib/pioneer
running install
running install_lib
creating /home/liam-bouffard/Desktop/rob599_mobile_robotics/Homework_4/pioneer_ws/install/pioneer/lib/python3.12/site-packages/pioneer
copying /home/liam-bouffard/Desktop/rob599_mobile_robotics/Homework_4/pioneer_ws/build/pioneer/build/lib/pioneer/world_tf.py -> /home/liam-bouffard/Desktop/rob599_mobile_robotics/Homework_4/pioneer_ws/install/pioneer/lib/python3.12/site-packages/pioneer
copying /home/liam-bouffard/Desktop/rob599_mobile_robotics/Homework_4/pioneer_ws/build/pioneer/build/lib/pioneer/path_planning.py -> /home/liam-bouffard/Desktop/rob599_mobile_robotics/Homework_4/pioneer_ws/install/pioneer/lib/python3.12/site-packages/pioneer
copying /home/liam-bouffard/Desktop/rob599_mobile_robotics/Homework_4/pioneer_ws/build/pioneer/build/lib/pioneer/localization.py -> /home/liam-bouffard/Desktop/rob599_mobile_robotics/Homework_4/pioneer_ws/install/pioneer/lib/python3.12/site-packages/pioneer
copying /home/liam-bouffard/Desktop/rob599_mobile_robotics/Homework_4/pioneer_ws/build/pioneer/build/lib/pioneer/mapping.py -> /home/liam-bouffard/Desktop/rob599_mobile_robotics/Homework_4/pioneer_ws/install/pioneer/lib/python3.12/site-packages/pioneer
copying /home/liam-bouffard/Desktop/rob599_mobile_robotics/Homework_4/pioneer_ws/build/pioneer/build/lib/pioneer/test_vfh.py -> /home/liam-bouffard/Desktop/rob599_mobile_robotics/Homework_4/pioneer_ws/install/pioneer/lib/python3.12/site-packages/pioneer
copying /home/liam-bouffard/Desktop/rob599_mobile_robotics/Homework_4/pioneer_ws/build/pioneer/build/lib/pioneer/__init__.py -> /home/liam-bouffard/Desktop/rob599_mobile_robotics/Homework_4/pioneer_ws/install/pioneer/lib/python3.12/site-packages/pioneer
copying /home/liam-bouffard/Desktop/rob599_mobile_robotics/Homework_4/pioneer_ws/build/pioneer/build/lib/pioneer/driver.py -> /home/liam-bouffard/Desktop/rob599_mobile_robotics/Homework_4/pioneer_ws/install/pioneer/lib/python3.12/site-packages/pioneer
copying /home/liam-bouffard/Desktop/rob599_mobile_robotics/Homework_4/pioneer_ws/build/pioneer/build/lib/pioneer/savemap.py -> /home/liam-bouffard/Desktop/rob599_mobile_robotics/Homework_4/pioneer_ws/install/pioneer/lib/python3.12/site-packages/pioneer
byte-compiling /home/liam-bouffard/Desktop/rob599_mobile_robotics/Homework_4/pioneer_ws/install/pioneer/lib/python3.12/site-packages/pioneer/world_tf.py to world_tf.cpython-312.pyc
byte-compiling /home/liam-bouffard/Desktop/rob599_mobile_robotics/Homework_4/pioneer_ws/install/pioneer/lib/python3.12/site-packages/pioneer/path_planning.py to path_planning.cpython-312.pyc
byte-compiling /home/liam-bouffard/Desktop/rob599_mobile_robotics/Homework_4/pioneer_ws/install/pioneer/lib/python3.12/site-packages/pioneer/localization.py to localization.cpython-312.pyc
byte-compiling /home/liam-bouffard/Desktop/rob599_mobile_robotics/Homework_4/pioneer_ws/install/pioneer/lib/python3.12/site-packages/pioneer/mapping.py to mapping.cpython-312.pyc
byte-compiling /home/liam-bouffard/Desktop/rob599_mobile_robotics/Homework_4/pioneer_ws/install/pioneer/lib/python3.12/site-packages/pioneer/test_vfh.py to test_vfh.cpython-312.pyc
byte-compiling /home/liam-bouffard/Desktop/rob599_mobile_robotics/Homework_4/pioneer_ws/install/pioneer/lib/python3.12/site-packages/pioneer/__init__.py to __init__.cpython-312.pyc
byte-compiling /home/liam-bouffard/Desktop/rob599_mobile_robotics/Homework_4/pioneer_ws/install/pioneer/lib/python3.12/site-packages/pioneer/driver.py to driver.cpython-312.pyc
byte-compiling /home/liam-bouffard/Desktop/rob599_mobile_robotics/Homework_4/pioneer_ws/install/pioneer/lib/python3.12/site-packages/pioneer/savemap.py to savemap.cpython-312.pyc
running install_data
copying resource/pioneer -> /home/liam-bouffard/Desktop/rob599_mobile_robotics/Homework_4/pioneer_ws/install/pioneer/share/ament_index/resource_index/packages
copying package.xml -> /home/liam-bouffard/Desktop/rob599_mobile_robotics/Homework_4/pioneer_ws/install/pioneer/share/pioneer
copying launch/robot_launch.py -> /home/liam-bouffard/Desktop/rob599_mobile_robotics/Homework_4/pioneer_ws/install/pioneer/share/pioneer/launch
copying pioneer/saved_maps/rink.png -> /home/liam-bouffard/Desktop/rob599_mobile_robotics/Homework_4/pioneer_ws/install/pioneer/share/pioneer/saved_maps
copying pioneer/saved_maps/warehouse.png -> /home/liam-bouffard/Desktop/rob599_mobile_robotics/Homework_4/pioneer_ws/install/pioneer/share/pioneer/saved_maps
copying pioneer/saved_maps/office_easy.png -> /home/liam-bouffard/Desktop/rob599_mobile_robotics/Homework_4/pioneer_ws/install/pioneer/share/pioneer/saved_maps
copying pioneer/saved_maps/cave.png -> /home/liam-bouffard/Desktop/rob599_mobile_robotics/Homework_4/pioneer_ws/install/pioneer/share/pioneer/saved_maps
copying pioneer/saved_maps/map.png -> /home/liam-bouffard/Desktop/rob599_mobile_robotics/Homework_4/pioneer_ws/install/pioneer/share/pioneer/saved_maps
copying pioneer/saved_maps/buffed_occ_grid.png -> /home/liam-bouffard/Desktop/rob599_mobile_robotics/Homework_4/pioneer_ws/install/pioneer/share/pioneer/saved_maps
copying pioneer/saved_maps/occ_grid.png -> /home/liam-bouffard/Desktop/rob599_mobile_robotics/Homework_4/pioneer_ws/install/pioneer/share/pioneer/saved_maps
copying pioneer/saved_maps/path_planned.png -> /home/liam-bouffard/Desktop/rob599_mobile_robotics/Homework_4/pioneer_ws/install/pioneer/share/pioneer/saved_maps
copying pioneer/saved_maps/table.png -> /home/liam-bouffard/Desktop/rob599_mobile_robotics/Homework_4/pioneer_ws/install/pioneer/share/pioneer/saved_maps
copying pioneer/saved_maps/office_cropped.png -> /home/liam-bouffard/Desktop/rob599_mobile_robotics/Homework_4/pioneer_ws/install/pioneer/share/pioneer/saved_maps
copying pioneer/saved_maps/simple_rooms.png -> /home/liam-bouffard/Desktop/rob599_mobile_robotics/Homework_4/pioneer_ws/install/pioneer/share/pioneer/saved_maps
copying pioneer/saved_maps/autolab.png -> /home/liam-bouffard/Desktop/rob599_mobile_robotics/Homework_4/pioneer_ws/install/pioneer/share/pioneer/saved_maps
copying pioneer/saved_maps/office_hard.png -> /home/liam-bouffard/Desktop/rob599_mobile_robotics/Homework_4/pioneer_ws/install/pioneer/share/pioneer/saved_maps
copying pioneer/saved_maps/warehouse_obstacle.png -> /home/liam-bouffard/Desktop/rob599_mobile_robotics/Homework_4/pioneer_ws/install/pioneer/share/pioneer/saved_maps
copying pioneer/saved_maps/office.png -> /home/liam-bouffard/Desktop/rob599_mobile_robotics/Homework_4/pioneer_ws/install/pioneer/share/pioneer/saved_maps
running install_egg_info
Copying ../../build/pioneer/pioneer.egg-info to /home/liam-bouffard/Desktop/rob599_mobile_robotics/Homework_4/pioneer_ws/install/pioneer/lib/python3.12/site-packages/pioneer-0.0.0-py3.12.egg-info
running install_scripts
Installing driver script to /home/liam-bouffard/Desktop/rob599_mobile_robotics/Homework_4/pioneer_ws/install/pioneer/lib/pioneer
Installing localization script to /home/liam-bouffard/Desktop/rob599_mobile_robotics/Homework_4/pioneer_ws/install/pioneer/lib/pioneer
Installing mapping script to /home/liam-bouffard/Desktop/rob599_mobile_robotics/Homework_4/pioneer_ws/install/pioneer/lib/pioneer
Installing path_planning script to /home/liam-bouffard/Desktop/rob599_mobile_robotics/Homework_4/pioneer_ws/install/pioneer/lib/pioneer
Installing savemap script to /home/liam-bouffard/Desktop/rob599_mobile_robotics/Homework_4/pioneer_ws/install/pioneer/lib/pioneer
Installing world_tf script to /home/liam-bouffard/Desktop/rob599_mobile_robotics/Homework_4/pioneer_ws/install/pioneer/lib/pioneer
writing list of installed files to '/home/liam-bouffard/Desktop/rob599_mobile_robotics/Homework_4/pioneer_ws/build/pioneer/install.log'
