[  2%] Built target pioneer_interfaces__rosidl_generator_type_description
[  2%] Built target ament_cmake_python_symlink_pioneer_interfaces
[ 20%] Built target pioneer_interfaces__rosidl_generator_c
[ 22%] Built target pioneer_interfaces__cpp
[ 31%] Built target pioneer_interfaces__rosidl_typesupport_cpp
[ 47%] Built target pioneer_interfaces__rosidl_typesupport_fastrtps_c
[ 50%] Built target pioneer_interfaces__rosidl_typesupport_fastrtps_cpp
[ 59%] Built target pioneer_interfaces__rosidl_typesupport_c
[ 68%] Built target pioneer_interfaces__rosidl_typesupport_introspection_c
[ 77%] Built target pioneer_interfaces__rosidl_typesupport_introspection_cpp
[ 77%] Built target pioneer_interfaces
[ 79%] Built target pioneer_interfaces__py
[ 86%] Built target pioneer_interfaces__rosidl_generator_py
[ 95%] Built target pioneer_interfaces_s__rosidl_typesupport_fastrtps_c
[ 95%] Built target pioneer_interfaces_s__rosidl_typesupport_c
[100%] Built target pioneer_interfaces_s__rosidl_typesupport_introspection_c
running egg_info
writing pioneer_interfaces.egg-info/PKG-INFO
writing dependency_links to pioneer_interfaces.egg-info/dependency_links.txt
writing top-level names to pioneer_interfaces.egg-info/top_level.txt
reading manifest file 'pioneer_interfaces.egg-info/SOURCES.txt'
writing manifest file 'pioneer_interfaces.egg-info/SOURCES.txt'
[100%] Built target ament_cmake_python_build_pioneer_interfaces_egg
-- Install configuration: ""
-- Execute custom install script
-- Up-to-date symlink: /home/liam-bouffard/Desktop/rob599_mobile_robotics/Homework_4/pioneer_ws/install/pioneer_interfaces/share/ament_index/resource_index/rosidl_interfaces/pioneer_interfaces
-- Up-to-date symlink: /home/liam-bouffard/Desktop/rob599_mobile_robotics/Homework_4/pioneer_ws/install/pioneer_interfaces/share/pioneer_interfaces/srv/Savemap.json
-- Up-to-date symlink: /home/liam-bouffard/Desktop/rob599_mobile_robotics/Homework_4/pioneer_ws/install/pioneer_interfaces/share/pioneer_interfaces/srv/Getpoints.json
-- Up-to-date symlink: /home/liam-bouffard/Desktop/rob599_mobile_robotics/Homework_4/pioneer_ws/install/pioneer_interfaces/include/pioneer_interfaces/pioneer_interfaces/msg/rosidl_generator_c__visibility_control.h
-- Up-to-date symlink: /home/liam-bouffard/Desktop/rob599_mobile_robotics/Homework_4/pioneer_ws/install/pioneer_interfaces/include/pioneer_interfaces/pioneer_interfaces/srv/detail/getpoints__functions.h
-- Up-to-date symlink: /home/liam-bouffard/Desktop/rob599_mobile_robotics/Homework_4/pioneer_ws/install/pioneer_interfaces/include/pioneer_interfaces/pioneer_interfaces/srv/detail/getpoints__struct.h
-- Up-to-date symlink: /home/liam-bouffard/Desktop/rob599_mobile_robotics/Homework_4/pioneer_ws/install/pioneer_interfaces/include/pioneer_interfaces/pioneer_interfaces/srv/detail/getpoints__type_support.h
-- Up-to-date symlink: /home/liam-bouffard/Desktop/rob599_mobile_robotics/Homework_4/pioneer_ws/install/pioneer_interfaces/include/pioneer_interfaces/pioneer_interfaces/srv/detail/savemap__functions.h
-- Up-to-date symlink: /home/liam-bouffard/Desktop/rob599_mobile_robotics/Homework_4/pioneer_ws/install/pioneer_interfaces/include/pioneer_interfaces/pioneer_interfaces/srv/detail/savemap__struct.h
-- Up-to-date symlink: /home/liam-bouffard/Desktop/rob599_mobile_robotics/Homework_4/pioneer_ws/install/pioneer_interfaces/include/pioneer_interfaces/pioneer_interfaces/srv/detail/savemap__type_support.h
-- Up-to-date symlink: /home/liam-bouffard/Desktop/rob599_mobile_robotics/Homework_4/pioneer_ws/install/pioneer_interfaces/include/pioneer_interfaces/pioneer_interfaces/srv/getpoints.h
-- Up-to-date symlink: /home/liam-bouffard/Desktop/rob599_mobile_robotics/Homework_4/pioneer_ws/install/pioneer_interfaces/include/pioneer_interfaces/pioneer_interfaces/srv/savemap.h
-- Up-to-date symlink: /home/liam-bouffard/Desktop/rob599_mobile_robotics/Homework_4/pioneer_ws/install/pioneer_interfaces/share/pioneer_interfaces/environment/library_path.sh
-- Up-to-date symlink: /home/liam-bouffard/Desktop/rob599_mobile_robotics/Homework_4/pioneer_ws/install/pioneer_interfaces/share/pioneer_interfaces/environment/library_path.dsv
-- Up-to-date symlink: /home/liam-bouffard/Desktop/rob599_mobile_robotics/Homework_4/pioneer_ws/install/pioneer_interfaces/include/pioneer_interfaces/pioneer_interfaces/msg/rosidl_typesupport_fastrtps_c__visibility_control.h
-- Up-to-date symlink: /home/liam-bouffard/Desktop/rob599_mobile_robotics/Homework_4/pioneer_ws/install/pioneer_interfaces/include/pioneer_interfaces/pioneer_interfaces/srv/detail/getpoints__rosidl_typesupport_fastrtps_c.h
-- Up-to-date symlink: /home/liam-bouffard/Desktop/rob599_mobile_robotics/Homework_4/pioneer_ws/install/pioneer_interfaces/include/pioneer_interfaces/pioneer_interfaces/srv/detail/savemap__rosidl_typesupport_fastrtps_c.h
-- Up-to-date symlink: /home/liam-bouffard/Desktop/rob599_mobile_robotics/Homework_4/pioneer_ws/install/pioneer_interfaces/include/pioneer_interfaces/pioneer_interfaces/msg/rosidl_typesupport_introspection_c__visibility_control.h
-- Up-to-date symlink: /home/liam-bouffard/Desktop/rob599_mobile_robotics/Homework_4/pioneer_ws/install/pioneer_interfaces/include/pioneer_interfaces/pioneer_interfaces/srv/detail/getpoints__rosidl_typesupport_introspection_c.h
-- Up-to-date symlink: /home/liam-bouffard/Desktop/rob599_mobile_robotics/Homework_4/pioneer_ws/install/pioneer_interfaces/include/pioneer_interfaces/pioneer_interfaces/srv/detail/savemap__rosidl_typesupport_introspection_c.h
-- Up-to-date symlink: /home/liam-bouffard/Desktop/rob599_mobile_robotics/Homework_4/pioneer_ws/install/pioneer_interfaces/include/pioneer_interfaces/pioneer_interfaces/msg/rosidl_generator_cpp__visibility_control.hpp
-- Up-to-date symlink: /home/liam-bouffard/Desktop/rob599_mobile_robotics/Homework_4/pioneer_ws/install/pioneer_interfaces/include/pioneer_interfaces/pioneer_interfaces/srv/detail/getpoints__builder.hpp
-- Up-to-date symlink: /home/liam-bouffard/Desktop/rob599_mobile_robotics/Homework_4/pioneer_ws/install/pioneer_interfaces/include/pioneer_interfaces/pioneer_interfaces/srv/detail/getpoints__struct.hpp
-- Up-to-date symlink: /home/liam-bouffard/Desktop/rob599_mobile_robotics/Homework_4/pioneer_ws/install/pioneer_interfaces/include/pioneer_interfaces/pioneer_interfaces/srv/detail/getpoints__traits.hpp
-- Up-to-date symlink: /home/liam-bouffard/Desktop/rob599_mobile_robotics/Homework_4/pioneer_ws/install/pioneer_interfaces/include/pioneer_interfaces/pioneer_interfaces/srv/detail/getpoints__type_support.hpp
-- Up-to-date symlink: /home/liam-bouffard/Desktop/rob599_mobile_robotics/Homework_4/pioneer_ws/install/pioneer_interfaces/include/pioneer_interfaces/pioneer_interfaces/srv/detail/savemap__builder.hpp
-- Up-to-date symlink: /home/liam-bouffard/Desktop/rob599_mobile_robotics/Homework_4/pioneer_ws/install/pioneer_interfaces/include/pioneer_interfaces/pioneer_interfaces/srv/detail/savemap__struct.hpp
-- Up-to-date symlink: /home/liam-bouffard/Desktop/rob599_mobile_robotics/Homework_4/pioneer_ws/install/pioneer_interfaces/include/pioneer_interfaces/pioneer_interfaces/srv/detail/savemap__traits.hpp
-- Up-to-date symlink: /home/liam-bouffard/Desktop/rob599_mobile_robotics/Homework_4/pioneer_ws/install/pioneer_interfaces/include/pioneer_interfaces/pioneer_interfaces/srv/detail/savemap__type_support.hpp
-- Up-to-date symlink: /home/liam-bouffard/Desktop/rob599_mobile_robotics/Homework_4/pioneer_ws/install/pioneer_interfaces/include/pioneer_interfaces/pioneer_interfaces/srv/getpoints.hpp
-- Up-to-date symlink: /home/liam-bouffard/Desktop/rob599_mobile_robotics/Homework_4/pioneer_ws/install/pioneer_interfaces/include/pioneer_interfaces/pioneer_interfaces/srv/savemap.hpp
-- Up-to-date symlink: /home/liam-bouffard/Desktop/rob599_mobile_robotics/Homework_4/pioneer_ws/install/pioneer_interfaces/include/pioneer_interfaces/pioneer_interfaces/msg/rosidl_typesupport_fastrtps_cpp__visibility_control.h
-- Up-to-date symlink: /home/liam-bouffard/Desktop/rob599_mobile_robotics/Homework_4/pioneer_ws/install/pioneer_interfaces/include/pioneer_interfaces/pioneer_interfaces/srv/detail/getpoints__rosidl_typesupport_fastrtps_cpp.hpp
-- Up-to-date symlink: /home/liam-bouffard/Desktop/rob599_mobile_robotics/Homework_4/pioneer_ws/install/pioneer_interfaces/include/pioneer_interfaces/pioneer_interfaces/srv/detail/savemap__rosidl_typesupport_fastrtps_cpp.hpp
-- Up-to-date symlink: /home/liam-bouffard/Desktop/rob599_mobile_robotics/Homework_4/pioneer_ws/install/pioneer_interfaces/include/pioneer_interfaces/pioneer_interfaces/srv/detail/getpoints__rosidl_typesupport_introspection_cpp.hpp
-- Up-to-date symlink: /home/liam-bouffard/Desktop/rob599_mobile_robotics/Homework_4/pioneer_ws/install/pioneer_interfaces/include/pioneer_interfaces/pioneer_interfaces/srv/detail/savemap__rosidl_typesupport_introspection_cpp.hpp
-- Up-to-date symlink: /home/liam-bouffard/Desktop/rob599_mobile_robotics/Homework_4/pioneer_ws/install/pioneer_interfaces/share/pioneer_interfaces/environment/pythonpath.sh
-- Up-to-date symlink: /home/liam-bouffard/Desktop/rob599_mobile_robotics/Homework_4/pioneer_ws/install/pioneer_interfaces/share/pioneer_interfaces/environment/pythonpath.dsv
-- Up-to-date symlink: /home/liam-bouffard/Desktop/rob599_mobile_robotics/Homework_4/pioneer_ws/install/pioneer_interfaces/lib/python3.12/site-packages/pioneer_interfaces-0.0.0-py3.12.egg-info/PKG-INFO
-- Up-to-date symlink: /home/liam-bouffard/Desktop/rob599_mobile_robotics/Homework_4/pioneer_ws/install/pioneer_interfaces/lib/python3.12/site-packages/pioneer_interfaces-0.0.0-py3.12.egg-info/SOURCES.txt
-- Up-to-date symlink: /home/liam-bouffard/Desktop/rob599_mobile_robotics/Homework_4/pioneer_ws/install/pioneer_interfaces/lib/python3.12/site-packages/pioneer_interfaces-0.0.0-py3.12.egg-info/dependency_links.txt
-- Up-to-date symlink: /home/liam-bouffard/Desktop/rob599_mobile_robotics/Homework_4/pioneer_ws/install/pioneer_interfaces/lib/python3.12/site-packages/pioneer_interfaces-0.0.0-py3.12.egg-info/top_level.txt
-- Up-to-date symlink: /home/liam-bouffard/Desktop/rob599_mobile_robotics/Homework_4/pioneer_ws/install/pioneer_interfaces/lib/python3.12/site-packages/pioneer_interfaces/__init__.py
-- Up-to-date symlink: /home/liam-bouffard/Desktop/rob599_mobile_robotics/Homework_4/pioneer_ws/install/pioneer_interfaces/lib/python3.12/site-packages/pioneer_interfaces/_pioneer_interfaces_s.ep.rosidl_typesupport_c.c
-- Up-to-date symlink: /home/liam-bouffard/Desktop/rob599_mobile_robotics/Homework_4/pioneer_ws/install/pioneer_interfaces/lib/python3.12/site-packages/pioneer_interfaces/_pioneer_interfaces_s.ep.rosidl_typesupport_fastrtps_c.c
-- Up-to-date symlink: /home/liam-bouffard/Desktop/rob599_mobile_robotics/Homework_4/pioneer_ws/install/pioneer_interfaces/lib/python3.12/site-packages/pioneer_interfaces/_pioneer_interfaces_s.ep.rosidl_typesupport_introspection_c.c
-- Up-to-date symlink: /home/liam-bouffard/Desktop/rob599_mobile_robotics/Homework_4/pioneer_ws/install/pioneer_interfaces/lib/python3.12/site-packages/pioneer_interfaces/pioneer_interfaces_s__rosidl_typesupport_c.so
-- Up-to-date symlink: /home/liam-bouffard/Desktop/rob599_mobile_robotics/Homework_4/pioneer_ws/install/pioneer_interfaces/lib/python3.12/site-packages/pioneer_interfaces/pioneer_interfaces_s__rosidl_typesupport_fastrtps_c.so
-- Up-to-date symlink: /home/liam-bouffard/Desktop/rob599_mobile_robotics/Homework_4/pioneer_ws/install/pioneer_interfaces/lib/python3.12/site-packages/pioneer_interfaces/pioneer_interfaces_s__rosidl_typesupport_introspection_c.so
-- Up-to-date symlink: /home/liam-bouffard/Desktop/rob599_mobile_robotics/Homework_4/pioneer_ws/install/pioneer_interfaces/lib/python3.12/site-packages/pioneer_interfaces/srv/__init__.py
-- Up-to-date symlink: /home/liam-bouffard/Desktop/rob599_mobile_robotics/Homework_4/pioneer_ws/install/pioneer_interfaces/lib/python3.12/site-packages/pioneer_interfaces/srv/_getpoints.py
-- Up-to-date symlink: /home/liam-bouffard/Desktop/rob599_mobile_robotics/Homework_4/pioneer_ws/install/pioneer_interfaces/lib/python3.12/site-packages/pioneer_interfaces/srv/_getpoints_s.c
-- Up-to-date symlink: /home/liam-bouffard/Desktop/rob599_mobile_robotics/Homework_4/pioneer_ws/install/pioneer_interfaces/lib/python3.12/site-packages/pioneer_interfaces/srv/_savemap.py
-- Up-to-date symlink: /home/liam-bouffard/Desktop/rob599_mobile_robotics/Homework_4/pioneer_ws/install/pioneer_interfaces/lib/python3.12/site-packages/pioneer_interfaces/srv/_savemap_s.c
-- Up-to-date symlink: /home/liam-bouffard/Desktop/rob599_mobile_robotics/Homework_4/pioneer_ws/install/pioneer_interfaces/lib/python3.12/site-packages/pioneer_interfaces/pioneer_interfaces_s__rosidl_typesupport_fastrtps_c.so
-- Up-to-date symlink: /home/liam-bouffard/Desktop/rob599_mobile_robotics/Homework_4/pioneer_ws/install/pioneer_interfaces/lib/python3.12/site-packages/pioneer_interfaces/pioneer_interfaces_s__rosidl_typesupport_introspection_c.so
-- Up-to-date symlink: /home/liam-bouffard/Desktop/rob599_mobile_robotics/Homework_4/pioneer_ws/install/pioneer_interfaces/lib/python3.12/site-packages/pioneer_interfaces/pioneer_interfaces_s__rosidl_typesupport_c.so
-- Up-to-date symlink: /home/liam-bouffard/Desktop/rob599_mobile_robotics/Homework_4/pioneer_ws/install/pioneer_interfaces/share/pioneer_interfaces/srv/Savemap.idl
-- Up-to-date symlink: /home/liam-bouffard/Desktop/rob599_mobile_robotics/Homework_4/pioneer_ws/install/pioneer_interfaces/share/pioneer_interfaces/srv/Getpoints.idl
-- Up-to-date symlink: /home/liam-bouffard/Desktop/rob599_mobile_robotics/Homework_4/pioneer_ws/install/pioneer_interfaces/share/pioneer_interfaces/srv/Savemap.srv
-- Up-to-date symlink: /home/liam-bouffard/Desktop/rob599_mobile_robotics/Homework_4/pioneer_ws/install/pioneer_interfaces/share/pioneer_interfaces/srv/Getpoints.srv
-- Up-to-date symlink: /home/liam-bouffard/Desktop/rob599_mobile_robotics/Homework_4/pioneer_ws/install/pioneer_interfaces/share/ament_index/resource_index/package_run_dependencies/pioneer_interfaces
-- Up-to-date symlink: /home/liam-bouffard/Desktop/rob599_mobile_robotics/Homework_4/pioneer_ws/install/pioneer_interfaces/share/ament_index/resource_index/parent_prefix_path/pioneer_interfaces
-- Up-to-date symlink: /home/liam-bouffard/Desktop/rob599_mobile_robotics/Homework_4/pioneer_ws/install/pioneer_interfaces/share/pioneer_interfaces/environment/ament_prefix_path.sh
-- Up-to-date symlink: /home/liam-bouffard/Desktop/rob599_mobile_robotics/Homework_4/pioneer_ws/install/pioneer_interfaces/share/pioneer_interfaces/environment/ament_prefix_path.dsv
-- Up-to-date symlink: /home/liam-bouffard/Desktop/rob599_mobile_robotics/Homework_4/pioneer_ws/install/pioneer_interfaces/share/pioneer_interfaces/environment/path.sh
-- Up-to-date symlink: /home/liam-bouffard/Desktop/rob599_mobile_robotics/Homework_4/pioneer_ws/install/pioneer_interfaces/share/pioneer_interfaces/environment/path.dsv
-- Up-to-date symlink: /home/liam-bouffard/Desktop/rob599_mobile_robotics/Homework_4/pioneer_ws/install/pioneer_interfaces/share/pioneer_interfaces/local_setup.bash
-- Up-to-date symlink: /home/liam-bouffard/Desktop/rob599_mobile_robotics/Homework_4/pioneer_ws/install/pioneer_interfaces/share/pioneer_interfaces/local_setup.sh
-- Up-to-date symlink: /home/liam-bouffard/Desktop/rob599_mobile_robotics/Homework_4/pioneer_ws/install/pioneer_interfaces/share/pioneer_interfaces/local_setup.zsh
-- Up-to-date symlink: /home/liam-bouffard/Desktop/rob599_mobile_robotics/Homework_4/pioneer_ws/install/pioneer_interfaces/share/pioneer_interfaces/local_setup.dsv
-- Symlinking: /home/liam-bouffard/Desktop/rob599_mobile_robotics/Homework_4/pioneer_ws/install/pioneer_interfaces/share/pioneer_interfaces/package.dsv
-- Up-to-date symlink: /home/liam-bouffard/Desktop/rob599_mobile_robotics/Homework_4/pioneer_ws/install/pioneer_interfaces/share/ament_index/resource_index/packages/pioneer_interfaces
-- Up-to-date symlink: /home/liam-bouffard/Desktop/rob599_mobile_robotics/Homework_4/pioneer_ws/install/pioneer_interfaces/share/pioneer_interfaces/cmake/rosidl_cmake-extras.cmake
-- Up-to-date symlink: /home/liam-bouffard/Desktop/rob599_mobile_robotics/Homework_4/pioneer_ws/install/pioneer_interfaces/share/pioneer_interfaces/cmake/ament_cmake_export_dependencies-extras.cmake
-- Up-to-date symlink: /home/liam-bouffard/Desktop/rob599_mobile_robotics/Homework_4/pioneer_ws/install/pioneer_interfaces/share/pioneer_interfaces/cmake/ament_cmake_export_include_directories-extras.cmake
-- Up-to-date symlink: /home/liam-bouffard/Desktop/rob599_mobile_robotics/Homework_4/pioneer_ws/install/pioneer_interfaces/share/pioneer_interfaces/cmake/ament_cmake_export_libraries-extras.cmake
-- Up-to-date symlink: /home/liam-bouffard/Desktop/rob599_mobile_robotics/Homework_4/pioneer_ws/install/pioneer_interfaces/share/pioneer_interfaces/cmake/ament_cmake_export_targets-extras.cmake
-- Up-to-date symlink: /home/liam-bouffard/Desktop/rob599_mobile_robotics/Homework_4/pioneer_ws/install/pioneer_interfaces/share/pioneer_interfaces/cmake/rosidl_cmake_export_typesupport_targets-extras.cmake
-- Up-to-date symlink: /home/liam-bouffard/Desktop/rob599_mobile_robotics/Homework_4/pioneer_ws/install/pioneer_interfaces/share/pioneer_interfaces/cmake/rosidl_cmake_export_typesupport_libraries-extras.cmake
-- Up-to-date symlink: /home/liam-bouffard/Desktop/rob599_mobile_robotics/Homework_4/pioneer_ws/install/pioneer_interfaces/share/pioneer_interfaces/cmake/pioneer_interfacesConfig.cmake
-- Up-to-date symlink: /home/liam-bouffard/Desktop/rob599_mobile_robotics/Homework_4/pioneer_ws/install/pioneer_interfaces/share/pioneer_interfaces/cmake/pioneer_interfacesConfig-version.cmake
-- Up-to-date symlink: /home/liam-bouffard/Desktop/rob599_mobile_robotics/Homework_4/pioneer_ws/install/pioneer_interfaces/share/pioneer_interfaces/package.xml
-- Up-to-date: /home/liam-bouffard/Desktop/rob599_mobile_robotics/Homework_4/pioneer_ws/install/pioneer_interfaces/lib/libpioneer_interfaces__rosidl_generator_c.so
-- Up-to-date: /home/liam-bouffard/Desktop/rob599_mobile_robotics/Homework_4/pioneer_ws/install/pioneer_interfaces/lib/libpioneer_interfaces__rosidl_typesupport_fastrtps_c.so
-- Up-to-date: /home/liam-bouffard/Desktop/rob599_mobile_robotics/Homework_4/pioneer_ws/install/pioneer_interfaces/lib/libpioneer_interfaces__rosidl_typesupport_introspection_c.so
-- Up-to-date: /home/liam-bouffard/Desktop/rob599_mobile_robotics/Homework_4/pioneer_ws/install/pioneer_interfaces/lib/libpioneer_interfaces__rosidl_typesupport_c.so
-- Up-to-date: /home/liam-bouffard/Desktop/rob599_mobile_robotics/Homework_4/pioneer_ws/install/pioneer_interfaces/lib/libpioneer_interfaces__rosidl_typesupport_fastrtps_cpp.so
-- Up-to-date: /home/liam-bouffard/Desktop/rob599_mobile_robotics/Homework_4/pioneer_ws/install/pioneer_interfaces/lib/libpioneer_interfaces__rosidl_typesupport_introspection_cpp.so
-- Up-to-date: /home/liam-bouffard/Desktop/rob599_mobile_robotics/Homework_4/pioneer_ws/install/pioneer_interfaces/lib/libpioneer_interfaces__rosidl_typesupport_cpp.so
Listing '/home/liam-bouffard/Desktop/rob599_mobile_robotics/Homework_4/pioneer_ws/install/pioneer_interfaces/lib/python3.12/site-packages/pioneer_interfaces'...
Listing '/home/liam-bouffard/Desktop/rob599_mobile_robotics/Homework_4/pioneer_ws/install/pioneer_interfaces/lib/python3.12/site-packages/pioneer_interfaces/srv'...
-- Up-to-date: /home/liam-bouffard/Desktop/rob599_mobile_robotics/Homework_4/pioneer_ws/install/pioneer_interfaces/lib/libpioneer_interfaces__rosidl_generator_py.so
-- Up-to-date: /home/liam-bouffard/Desktop/rob599_mobile_robotics/Homework_4/pioneer_ws/install/pioneer_interfaces/share/pioneer_interfaces/cmake/export_pioneer_interfaces__rosidl_generator_cExport.cmake
-- Up-to-date: /home/liam-bouffard/Desktop/rob599_mobile_robotics/Homework_4/pioneer_ws/install/pioneer_interfaces/share/pioneer_interfaces/cmake/export_pioneer_interfaces__rosidl_generator_cExport-noconfig.cmake
-- Up-to-date: /home/liam-bouffard/Desktop/rob599_mobile_robotics/Homework_4/pioneer_ws/install/pioneer_interfaces/share/pioneer_interfaces/cmake/export_pioneer_interfaces__rosidl_typesupport_fastrtps_cExport.cmake
-- Up-to-date: /home/liam-bouffard/Desktop/rob599_mobile_robotics/Homework_4/pioneer_ws/install/pioneer_interfaces/share/pioneer_interfaces/cmake/export_pioneer_interfaces__rosidl_typesupport_fastrtps_cExport-noconfig.cmake
-- Up-to-date: /home/liam-bouffard/Desktop/rob599_mobile_robotics/Homework_4/pioneer_ws/install/pioneer_interfaces/share/pioneer_interfaces/cmake/pioneer_interfaces__rosidl_typesupport_introspection_cExport.cmake
-- Up-to-date: /home/liam-bouffard/Desktop/rob599_mobile_robotics/Homework_4/pioneer_ws/install/pioneer_interfaces/share/pioneer_interfaces/cmake/pioneer_interfaces__rosidl_typesupport_introspection_cExport-noconfig.cmake
-- Up-to-date: /home/liam-bouffard/Desktop/rob599_mobile_robotics/Homework_4/pioneer_ws/install/pioneer_interfaces/share/pioneer_interfaces/cmake/pioneer_interfaces__rosidl_typesupport_cExport.cmake
-- Up-to-date: /home/liam-bouffard/Desktop/rob599_mobile_robotics/Homework_4/pioneer_ws/install/pioneer_interfaces/share/pioneer_interfaces/cmake/pioneer_interfaces__rosidl_typesupport_cExport-noconfig.cmake
-- Up-to-date: /home/liam-bouffard/Desktop/rob599_mobile_robotics/Homework_4/pioneer_ws/install/pioneer_interfaces/share/pioneer_interfaces/cmake/export_pioneer_interfaces__rosidl_generator_cppExport.cmake
-- Up-to-date: /home/liam-bouffard/Desktop/rob599_mobile_robotics/Homework_4/pioneer_ws/install/pioneer_interfaces/share/pioneer_interfaces/cmake/export_pioneer_interfaces__rosidl_typesupport_fastrtps_cppExport.cmake
-- Up-to-date: /home/liam-bouffard/Desktop/rob599_mobile_robotics/Homework_4/pioneer_ws/install/pioneer_interfaces/share/pioneer_interfaces/cmake/export_pioneer_interfaces__rosidl_typesupport_fastrtps_cppExport-noconfig.cmake
-- Up-to-date: /home/liam-bouffard/Desktop/rob599_mobile_robotics/Homework_4/pioneer_ws/install/pioneer_interfaces/share/pioneer_interfaces/cmake/pioneer_interfaces__rosidl_typesupport_introspection_cppExport.cmake
-- Up-to-date: /home/liam-bouffard/Desktop/rob599_mobile_robotics/Homework_4/pioneer_ws/install/pioneer_interfaces/share/pioneer_interfaces/cmake/pioneer_interfaces__rosidl_typesupport_introspection_cppExport-noconfig.cmake
-- Up-to-date: /home/liam-bouffard/Desktop/rob599_mobile_robotics/Homework_4/pioneer_ws/install/pioneer_interfaces/share/pioneer_interfaces/cmake/pioneer_interfaces__rosidl_typesupport_cppExport.cmake
-- Up-to-date: /home/liam-bouffard/Desktop/rob599_mobile_robotics/Homework_4/pioneer_ws/install/pioneer_interfaces/share/pioneer_interfaces/cmake/pioneer_interfaces__rosidl_typesupport_cppExport-noconfig.cmake
-- Up-to-date: /home/liam-bouffard/Desktop/rob599_mobile_robotics/Homework_4/pioneer_ws/install/pioneer_interfaces/share/pioneer_interfaces/cmake/export_pioneer_interfaces__rosidl_generator_pyExport.cmake
-- Up-to-date: /home/liam-bouffard/Desktop/rob599_mobile_robotics/Homework_4/pioneer_ws/install/pioneer_interfaces/share/pioneer_interfaces/cmake/export_pioneer_interfaces__rosidl_generator_pyExport-noconfig.cmake
