[0.012s] Invoking command in '/home/liam-bouffard/Desktop/rob599_mobile_robotics/Homework_4/pioneer_ws/build/pioneer_interfaces': CMAKE_PREFIX_PATH=/home/liam-bouffard/Desktop/rob599_mobile_robotics/Homework_4/pioneer_ws/install/stage_ros2:/home/liam-bouffard/Desktop/rob599_mobile_robotics/Homework_4/pioneer_ws/install/pioneer:/home/liam-bouffard/Desktop/rob599_mobile_robotics/Homework_3/pioneer_ws/install/start_robot:/home/liam-bouffard/Desktop/rob599_mobile_robotics/Homework_3/pioneer_ws/install/pioneer:/home/liam-bouffard/Desktop/rob599_mobile_robotics/Homework_3/pioneer_ws/install/pioneer_interfaces:/home/liam-bouffard/Desktop/rob599_mobile_robotics/Homework_3/pioneer_ws/install/goal_target:/opt/ros/kilted:/home/liam-bouffard/Desktop/rob599_mobile_robotics/Homework_4/pioneer_ws/install/stage:/home/liam-bouffard/Desktop/rob599_mobile_robotics/Homework_4/pioneer_ws/install/pioneer_interfaces:/home/liam-bouffard/Desktop/rob599_mobile_robotics/Homework_4/pioneer_ws/install/goal_target:/home/liam-bouffard/Desktop/rob599_mobile_robotics/Homework_3/pioneer_ws/install/stage_ros2:/home/liam-bouffard/Desktop/rob599_mobile_robotics/Homework_3/pioneer_ws/install/stage:/opt/ros/kilted/opt/gz_sim_vendor:/opt/ros/kilted/opt/gz_sensors_vendor:/opt/ros/kilted/opt/gz_physics_vendor:/opt/ros/kilted/opt/sdformat_vendor:/opt/ros/kilted/opt/gz_gui_vendor:/opt/ros/kilted/opt/gz_transport_vendor:/opt/ros/kilted/opt/gz_rendering_vendor:/opt/ros/kilted/opt/gz_plugin_vendor:/opt/ros/kilted/opt/gz_fuel_tools_vendor:/opt/ros/kilted/opt/gz_msgs_vendor:/opt/ros/kilted/opt/gz_common_vendor:/opt/ros/kilted/opt/gz_math_vendor:/opt/ros/kilted/opt/gz_utils_vendor:/opt/ros/kilted/opt/gz_tools_vendor:/opt/ros/kilted/opt/gz_ogre_next_vendor:/opt/ros/kilted/opt/gz_dartsim_vendor:/opt/ros/kilted/opt/gz_cmake_vendor DEBUGINFOD_URLS=https://debuginfod.ubuntu.com /usr/bin/cmake --build /home/liam-bouffard/Desktop/rob599_mobile_robotics/Homework_4/pioneer_ws/build/pioneer_interfaces -- -j32 -l32
[0.062s] [  2%] Built target pioneer_interfaces__rosidl_generator_type_description
[0.071s] [  2%] Built target ament_cmake_python_symlink_pioneer_interfaces
[0.089s] [ 20%] Built target pioneer_interfaces__rosidl_generator_c
[0.089s] [ 22%] Built target pioneer_interfaces__cpp
[0.108s] [ 31%] Built target pioneer_interfaces__rosidl_typesupport_cpp
[0.111s] [ 47%] Built target pioneer_interfaces__rosidl_typesupport_fastrtps_c
[0.111s] [ 50%] Built target pioneer_interfaces__rosidl_typesupport_fastrtps_cpp
[0.113s] [ 59%] Built target pioneer_interfaces__rosidl_typesupport_c
[0.114s] [ 68%] Built target pioneer_interfaces__rosidl_typesupport_introspection_c
[0.114s] [ 77%] Built target pioneer_interfaces__rosidl_typesupport_introspection_cpp
[0.133s] [ 77%] Built target pioneer_interfaces
[0.152s] [ 79%] Built target pioneer_interfaces__py
[0.175s] [ 86%] Built target pioneer_interfaces__rosidl_generator_py
[0.199s] [ 95%] Built target pioneer_interfaces_s__rosidl_typesupport_fastrtps_c
[0.199s] [ 95%] Built target pioneer_interfaces_s__rosidl_typesupport_c
[0.199s] [100%] Built target pioneer_interfaces_s__rosidl_typesupport_introspection_c
[0.271s] running egg_info
[0.289s] writing pioneer_interfaces.egg-info/PKG-INFO
[0.289s] writing dependency_links to pioneer_interfaces.egg-info/dependency_links.txt
[0.289s] writing top-level names to pioneer_interfaces.egg-info/top_level.txt
[0.341s] reading manifest file 'pioneer_interfaces.egg-info/SOURCES.txt'
[0.342s] writing manifest file 'pioneer_interfaces.egg-info/SOURCES.txt'
[0.362s] [100%] Built target ament_cmake_python_build_pioneer_interfaces_egg
[0.372s] Invoked command in '/home/liam-bouffard/Desktop/rob599_mobile_robotics/Homework_4/pioneer_ws/build/pioneer_interfaces' returned '0': CMAKE_PREFIX_PATH=/home/liam-bouffard/Desktop/rob599_mobile_robotics/Homework_4/pioneer_ws/install/stage_ros2:/home/liam-bouffard/Desktop/rob599_mobile_robotics/Homework_4/pioneer_ws/install/pioneer:/home/liam-bouffard/Desktop/rob599_mobile_robotics/Homework_3/pioneer_ws/install/start_robot:/home/liam-bouffard/Desktop/rob599_mobile_robotics/Homework_3/pioneer_ws/install/pioneer:/home/liam-bouffard/Desktop/rob599_mobile_robotics/Homework_3/pioneer_ws/install/pioneer_interfaces:/home/liam-bouffard/Desktop/rob599_mobile_robotics/Homework_3/pioneer_ws/install/goal_target:/opt/ros/kilted:/home/liam-bouffard/Desktop/rob599_mobile_robotics/Homework_4/pioneer_ws/install/stage:/home/liam-bouffard/Desktop/rob599_mobile_robotics/Homework_4/pioneer_ws/install/pioneer_interfaces:/home/liam-bouffard/Desktop/rob599_mobile_robotics/Homework_4/pioneer_ws/install/goal_target:/home/liam-bouffard/Desktop/rob599_mobile_robotics/Homework_3/pioneer_ws/install/stage_ros2:/home/liam-bouffard/Desktop/rob599_mobile_robotics/Homework_3/pioneer_ws/install/stage:/opt/ros/kilted/opt/gz_sim_vendor:/opt/ros/kilted/opt/gz_sensors_vendor:/opt/ros/kilted/opt/gz_physics_vendor:/opt/ros/kilted/opt/sdformat_vendor:/opt/ros/kilted/opt/gz_gui_vendor:/opt/ros/kilted/opt/gz_transport_vendor:/opt/ros/kilted/opt/gz_rendering_vendor:/opt/ros/kilted/opt/gz_plugin_vendor:/opt/ros/kilted/opt/gz_fuel_tools_vendor:/opt/ros/kilted/opt/gz_msgs_vendor:/opt/ros/kilted/opt/gz_common_vendor:/opt/ros/kilted/opt/gz_math_vendor:/opt/ros/kilted/opt/gz_utils_vendor:/opt/ros/kilted/opt/gz_tools_vendor:/opt/ros/kilted/opt/gz_ogre_next_vendor:/opt/ros/kilted/opt/gz_dartsim_vendor:/opt/ros/kilted/opt/gz_cmake_vendor DEBUGINFOD_URLS=https://debuginfod.ubuntu.com /usr/bin/cmake --build /home/liam-bouffard/Desktop/rob599_mobile_robotics/Homework_4/pioneer_ws/build/pioneer_interfaces -- -j32 -l32
[0.373s] Invoking command in '/home/liam-bouffard/Desktop/rob599_mobile_robotics/Homework_4/pioneer_ws/build/pioneer_interfaces': CMAKE_PREFIX_PATH=/home/liam-bouffard/Desktop/rob599_mobile_robotics/Homework_4/pioneer_ws/install/stage_ros2:/home/liam-bouffard/Desktop/rob599_mobile_robotics/Homework_4/pioneer_ws/install/pioneer:/home/liam-bouffard/Desktop/rob599_mobile_robotics/Homework_3/pioneer_ws/install/start_robot:/home/liam-bouffard/Desktop/rob599_mobile_robotics/Homework_3/pioneer_ws/install/pioneer:/home/liam-bouffard/Desktop/rob599_mobile_robotics/Homework_3/pioneer_ws/install/pioneer_interfaces:/home/liam-bouffard/Desktop/rob599_mobile_robotics/Homework_3/pioneer_ws/install/goal_target:/opt/ros/kilted:/home/liam-bouffard/Desktop/rob599_mobile_robotics/Homework_4/pioneer_ws/install/stage:/home/liam-bouffard/Desktop/rob599_mobile_robotics/Homework_4/pioneer_ws/install/pioneer_interfaces:/home/liam-bouffard/Desktop/rob599_mobile_robotics/Homework_4/pioneer_ws/install/goal_target:/home/liam-bouffard/Desktop/rob599_mobile_robotics/Homework_3/pioneer_ws/install/stage_ros2:/home/liam-bouffard/Desktop/rob599_mobile_robotics/Homework_3/pioneer_ws/install/stage:/opt/ros/kilted/opt/gz_sim_vendor:/opt/ros/kilted/opt/gz_sensors_vendor:/opt/ros/kilted/opt/gz_physics_vendor:/opt/ros/kilted/opt/sdformat_vendor:/opt/ros/kilted/opt/gz_gui_vendor:/opt/ros/kilted/opt/gz_transport_vendor:/opt/ros/kilted/opt/gz_rendering_vendor:/opt/ros/kilted/opt/gz_plugin_vendor:/opt/ros/kilted/opt/gz_fuel_tools_vendor:/opt/ros/kilted/opt/gz_msgs_vendor:/opt/ros/kilted/opt/gz_common_vendor:/opt/ros/kilted/opt/gz_math_vendor:/opt/ros/kilted/opt/gz_utils_vendor:/opt/ros/kilted/opt/gz_tools_vendor:/opt/ros/kilted/opt/gz_ogre_next_vendor:/opt/ros/kilted/opt/gz_dartsim_vendor:/opt/ros/kilted/opt/gz_cmake_vendor DEBUGINFOD_URLS=https://debuginfod.ubuntu.com /usr/bin/cmake --install /home/liam-bouffard/Desktop/rob599_mobile_robotics/Homework_4/pioneer_ws/build/pioneer_interfaces
[0.379s] -- Install configuration: ""
[0.380s] -- Execute custom install script
[0.380s] -- Up-to-date symlink: /home/liam-bouffard/Desktop/rob599_mobile_robotics/Homework_4/pioneer_ws/install/pioneer_interfaces/share/ament_index/resource_index/rosidl_interfaces/pioneer_interfaces
[0.380s] -- Up-to-date symlink: /home/liam-bouffard/Desktop/rob599_mobile_robotics/Homework_4/pioneer_ws/install/pioneer_interfaces/share/pioneer_interfaces/srv/Savemap.json
[0.381s] -- Up-to-date symlink: /home/liam-bouffard/Desktop/rob599_mobile_robotics/Homework_4/pioneer_ws/install/pioneer_interfaces/share/pioneer_interfaces/srv/Getpoints.json
[0.381s] -- Up-to-date symlink: /home/liam-bouffard/Desktop/rob599_mobile_robotics/Homework_4/pioneer_ws/install/pioneer_interfaces/include/pioneer_interfaces/pioneer_interfaces/msg/rosidl_generator_c__visibility_control.h
[0.381s] -- Up-to-date symlink: /home/liam-bouffard/Desktop/rob599_mobile_robotics/Homework_4/pioneer_ws/install/pioneer_interfaces/include/pioneer_interfaces/pioneer_interfaces/srv/detail/getpoints__functions.h
[0.382s] -- Up-to-date symlink: /home/liam-bouffard/Desktop/rob599_mobile_robotics/Homework_4/pioneer_ws/install/pioneer_interfaces/include/pioneer_interfaces/pioneer_interfaces/srv/detail/getpoints__struct.h
[0.382s] -- Up-to-date symlink: /home/liam-bouffard/Desktop/rob599_mobile_robotics/Homework_4/pioneer_ws/install/pioneer_interfaces/include/pioneer_interfaces/pioneer_interfaces/srv/detail/getpoints__type_support.h
[0.382s] -- Up-to-date symlink: /home/liam-bouffard/Desktop/rob599_mobile_robotics/Homework_4/pioneer_ws/install/pioneer_interfaces/include/pioneer_interfaces/pioneer_interfaces/srv/detail/savemap__functions.h
[0.382s] -- Up-to-date symlink: /home/liam-bouffard/Desktop/rob599_mobile_robotics/Homework_4/pioneer_ws/install/pioneer_interfaces/include/pioneer_interfaces/pioneer_interfaces/srv/detail/savemap__struct.h
[0.382s] -- Up-to-date symlink: /home/liam-bouffard/Desktop/rob599_mobile_robotics/Homework_4/pioneer_ws/install/pioneer_interfaces/include/pioneer_interfaces/pioneer_interfaces/srv/detail/savemap__type_support.h
[0.382s] -- Up-to-date symlink: /home/liam-bouffard/Desktop/rob599_mobile_robotics/Homework_4/pioneer_ws/install/pioneer_interfaces/include/pioneer_interfaces/pioneer_interfaces/srv/getpoints.h
[0.382s] -- Up-to-date symlink: /home/liam-bouffard/Desktop/rob599_mobile_robotics/Homework_4/pioneer_ws/install/pioneer_interfaces/include/pioneer_interfaces/pioneer_interfaces/srv/savemap.h
[0.382s] -- Up-to-date symlink: /home/liam-bouffard/Desktop/rob599_mobile_robotics/Homework_4/pioneer_ws/install/pioneer_interfaces/share/pioneer_interfaces/environment/library_path.sh
[0.382s] -- Up-to-date symlink: /home/liam-bouffard/Desktop/rob599_mobile_robotics/Homework_4/pioneer_ws/install/pioneer_interfaces/share/pioneer_interfaces/environment/library_path.dsv
[0.382s] -- Up-to-date symlink: /home/liam-bouffard/Desktop/rob599_mobile_robotics/Homework_4/pioneer_ws/install/pioneer_interfaces/include/pioneer_interfaces/pioneer_interfaces/msg/rosidl_typesupport_fastrtps_c__visibility_control.h
[0.382s] -- Up-to-date symlink: /home/liam-bouffard/Desktop/rob599_mobile_robotics/Homework_4/pioneer_ws/install/pioneer_interfaces/include/pioneer_interfaces/pioneer_interfaces/srv/detail/getpoints__rosidl_typesupport_fastrtps_c.h
[0.383s] -- Up-to-date symlink: /home/liam-bouffard/Desktop/rob599_mobile_robotics/Homework_4/pioneer_ws/install/pioneer_interfaces/include/pioneer_interfaces/pioneer_interfaces/srv/detail/savemap__rosidl_typesupport_fastrtps_c.h
[0.383s] -- Up-to-date symlink: /home/liam-bouffard/Desktop/rob599_mobile_robotics/Homework_4/pioneer_ws/install/pioneer_interfaces/include/pioneer_interfaces/pioneer_interfaces/msg/rosidl_typesupport_introspection_c__visibility_control.h
[0.383s] -- Up-to-date symlink: /home/liam-bouffard/Desktop/rob599_mobile_robotics/Homework_4/pioneer_ws/install/pioneer_interfaces/include/pioneer_interfaces/pioneer_interfaces/srv/detail/getpoints__rosidl_typesupport_introspection_c.h
[0.383s] -- Up-to-date symlink: /home/liam-bouffard/Desktop/rob599_mobile_robotics/Homework_4/pioneer_ws/install/pioneer_interfaces/include/pioneer_interfaces/pioneer_interfaces/srv/detail/savemap__rosidl_typesupport_introspection_c.h
[0.383s] -- Up-to-date symlink: /home/liam-bouffard/Desktop/rob599_mobile_robotics/Homework_4/pioneer_ws/install/pioneer_interfaces/include/pioneer_interfaces/pioneer_interfaces/msg/rosidl_generator_cpp__visibility_control.hpp
[0.383s] -- Up-to-date symlink: /home/liam-bouffard/Desktop/rob599_mobile_robotics/Homework_4/pioneer_ws/install/pioneer_interfaces/include/pioneer_interfaces/pioneer_interfaces/srv/detail/getpoints__builder.hpp
[0.383s] -- Up-to-date symlink: /home/liam-bouffard/Desktop/rob599_mobile_robotics/Homework_4/pioneer_ws/install/pioneer_interfaces/include/pioneer_interfaces/pioneer_interfaces/srv/detail/getpoints__struct.hpp
[0.383s] -- Up-to-date symlink: /home/liam-bouffard/Desktop/rob599_mobile_robotics/Homework_4/pioneer_ws/install/pioneer_interfaces/include/pioneer_interfaces/pioneer_interfaces/srv/detail/getpoints__traits.hpp
[0.383s] -- Up-to-date symlink: /home/liam-bouffard/Desktop/rob599_mobile_robotics/Homework_4/pioneer_ws/install/pioneer_interfaces/include/pioneer_interfaces/pioneer_interfaces/srv/detail/getpoints__type_support.hpp
[0.383s] -- Up-to-date symlink: /home/liam-bouffard/Desktop/rob599_mobile_robotics/Homework_4/pioneer_ws/install/pioneer_interfaces/include/pioneer_interfaces/pioneer_interfaces/srv/detail/savemap__builder.hpp
[0.383s] -- Up-to-date symlink: /home/liam-bouffard/Desktop/rob599_mobile_robotics/Homework_4/pioneer_ws/install/pioneer_interfaces/include/pioneer_interfaces/pioneer_interfaces/srv/detail/savemap__struct.hpp
[0.383s] -- Up-to-date symlink: /home/liam-bouffard/Desktop/rob599_mobile_robotics/Homework_4/pioneer_ws/install/pioneer_interfaces/include/pioneer_interfaces/pioneer_interfaces/srv/detail/savemap__traits.hpp
[0.383s] -- Up-to-date symlink: /home/liam-bouffard/Desktop/rob599_mobile_robotics/Homework_4/pioneer_ws/install/pioneer_interfaces/include/pioneer_interfaces/pioneer_interfaces/srv/detail/savemap__type_support.hpp
[0.384s] -- Up-to-date symlink: /home/liam-bouffard/Desktop/rob599_mobile_robotics/Homework_4/pioneer_ws/install/pioneer_interfaces/include/pioneer_interfaces/pioneer_interfaces/srv/getpoints.hpp
[0.384s] -- Up-to-date symlink: /home/liam-bouffard/Desktop/rob599_mobile_robotics/Homework_4/pioneer_ws/install/pioneer_interfaces/include/pioneer_interfaces/pioneer_interfaces/srv/savemap.hpp
[0.384s] -- Up-to-date symlink: /home/liam-bouffard/Desktop/rob599_mobile_robotics/Homework_4/pioneer_ws/install/pioneer_interfaces/include/pioneer_interfaces/pioneer_interfaces/msg/rosidl_typesupport_fastrtps_cpp__visibility_control.h
[0.384s] -- Up-to-date symlink: /home/liam-bouffard/Desktop/rob599_mobile_robotics/Homework_4/pioneer_ws/install/pioneer_interfaces/include/pioneer_interfaces/pioneer_interfaces/srv/detail/getpoints__rosidl_typesupport_fastrtps_cpp.hpp
[0.384s] -- Up-to-date symlink: /home/liam-bouffard/Desktop/rob599_mobile_robotics/Homework_4/pioneer_ws/install/pioneer_interfaces/include/pioneer_interfaces/pioneer_interfaces/srv/detail/savemap__rosidl_typesupport_fastrtps_cpp.hpp
[0.384s] -- Up-to-date symlink: /home/liam-bouffard/Desktop/rob599_mobile_robotics/Homework_4/pioneer_ws/install/pioneer_interfaces/include/pioneer_interfaces/pioneer_interfaces/srv/detail/getpoints__rosidl_typesupport_introspection_cpp.hpp
[0.384s] -- Up-to-date symlink: /home/liam-bouffard/Desktop/rob599_mobile_robotics/Homework_4/pioneer_ws/install/pioneer_interfaces/include/pioneer_interfaces/pioneer_interfaces/srv/detail/savemap__rosidl_typesupport_introspection_cpp.hpp
[0.384s] -- Up-to-date symlink: /home/liam-bouffard/Desktop/rob599_mobile_robotics/Homework_4/pioneer_ws/install/pioneer_interfaces/share/pioneer_interfaces/environment/pythonpath.sh
[0.384s] -- Up-to-date symlink: /home/liam-bouffard/Desktop/rob599_mobile_robotics/Homework_4/pioneer_ws/install/pioneer_interfaces/share/pioneer_interfaces/environment/pythonpath.dsv
[0.384s] -- Up-to-date symlink: /home/liam-bouffard/Desktop/rob599_mobile_robotics/Homework_4/pioneer_ws/install/pioneer_interfaces/lib/python3.12/site-packages/pioneer_interfaces-0.0.0-py3.12.egg-info/PKG-INFO
[0.384s] -- Up-to-date symlink: /home/liam-bouffard/Desktop/rob599_mobile_robotics/Homework_4/pioneer_ws/install/pioneer_interfaces/lib/python3.12/site-packages/pioneer_interfaces-0.0.0-py3.12.egg-info/SOURCES.txt
[0.384s] -- Up-to-date symlink: /home/liam-bouffard/Desktop/rob599_mobile_robotics/Homework_4/pioneer_ws/install/pioneer_interfaces/lib/python3.12/site-packages/pioneer_interfaces-0.0.0-py3.12.egg-info/dependency_links.txt
[0.384s] -- Up-to-date symlink: /home/liam-bouffard/Desktop/rob599_mobile_robotics/Homework_4/pioneer_ws/install/pioneer_interfaces/lib/python3.12/site-packages/pioneer_interfaces-0.0.0-py3.12.egg-info/top_level.txt
[0.384s] -- Up-to-date symlink: /home/liam-bouffard/Desktop/rob599_mobile_robotics/Homework_4/pioneer_ws/install/pioneer_interfaces/lib/python3.12/site-packages/pioneer_interfaces/__init__.py
[0.384s] -- Up-to-date symlink: /home/liam-bouffard/Desktop/rob599_mobile_robotics/Homework_4/pioneer_ws/install/pioneer_interfaces/lib/python3.12/site-packages/pioneer_interfaces/_pioneer_interfaces_s.ep.rosidl_typesupport_c.c
[0.384s] -- Up-to-date symlink: /home/liam-bouffard/Desktop/rob599_mobile_robotics/Homework_4/pioneer_ws/install/pioneer_interfaces/lib/python3.12/site-packages/pioneer_interfaces/_pioneer_interfaces_s.ep.rosidl_typesupport_fastrtps_c.c
[0.384s] -- Up-to-date symlink: /home/liam-bouffard/Desktop/rob599_mobile_robotics/Homework_4/pioneer_ws/install/pioneer_interfaces/lib/python3.12/site-packages/pioneer_interfaces/_pioneer_interfaces_s.ep.rosidl_typesupport_introspection_c.c
[0.385s] -- Up-to-date symlink: /home/liam-bouffard/Desktop/rob599_mobile_robotics/Homework_4/pioneer_ws/install/pioneer_interfaces/lib/python3.12/site-packages/pioneer_interfaces/pioneer_interfaces_s__rosidl_typesupport_c.so
[0.385s] -- Up-to-date symlink: /home/liam-bouffard/Desktop/rob599_mobile_robotics/Homework_4/pioneer_ws/install/pioneer_interfaces/lib/python3.12/site-packages/pioneer_interfaces/pioneer_interfaces_s__rosidl_typesupport_fastrtps_c.so
[0.385s] -- Up-to-date symlink: /home/liam-bouffard/Desktop/rob599_mobile_robotics/Homework_4/pioneer_ws/install/pioneer_interfaces/lib/python3.12/site-packages/pioneer_interfaces/pioneer_interfaces_s__rosidl_typesupport_introspection_c.so
[0.385s] -- Up-to-date symlink: /home/liam-bouffard/Desktop/rob599_mobile_robotics/Homework_4/pioneer_ws/install/pioneer_interfaces/lib/python3.12/site-packages/pioneer_interfaces/srv/__init__.py
[0.385s] -- Up-to-date symlink: /home/liam-bouffard/Desktop/rob599_mobile_robotics/Homework_4/pioneer_ws/install/pioneer_interfaces/lib/python3.12/site-packages/pioneer_interfaces/srv/_getpoints.py
[0.385s] -- Up-to-date symlink: /home/liam-bouffard/Desktop/rob599_mobile_robotics/Homework_4/pioneer_ws/install/pioneer_interfaces/lib/python3.12/site-packages/pioneer_interfaces/srv/_getpoints_s.c
[0.385s] -- Up-to-date symlink: /home/liam-bouffard/Desktop/rob599_mobile_robotics/Homework_4/pioneer_ws/install/pioneer_interfaces/lib/python3.12/site-packages/pioneer_interfaces/srv/_savemap.py
[0.385s] -- Up-to-date symlink: /home/liam-bouffard/Desktop/rob599_mobile_robotics/Homework_4/pioneer_ws/install/pioneer_interfaces/lib/python3.12/site-packages/pioneer_interfaces/srv/_savemap_s.c
[0.385s] -- Up-to-date symlink: /home/liam-bouffard/Desktop/rob599_mobile_robotics/Homework_4/pioneer_ws/install/pioneer_interfaces/lib/python3.12/site-packages/pioneer_interfaces/pioneer_interfaces_s__rosidl_typesupport_fastrtps_c.so
[0.385s] -- Up-to-date symlink: /home/liam-bouffard/Desktop/rob599_mobile_robotics/Homework_4/pioneer_ws/install/pioneer_interfaces/lib/python3.12/site-packages/pioneer_interfaces/pioneer_interfaces_s__rosidl_typesupport_introspection_c.so
[0.385s] -- Up-to-date symlink: /home/liam-bouffard/Desktop/rob599_mobile_robotics/Homework_4/pioneer_ws/install/pioneer_interfaces/lib/python3.12/site-packages/pioneer_interfaces/pioneer_interfaces_s__rosidl_typesupport_c.so
[0.386s] -- Up-to-date symlink: /home/liam-bouffard/Desktop/rob599_mobile_robotics/Homework_4/pioneer_ws/install/pioneer_interfaces/share/pioneer_interfaces/srv/Savemap.idl
[0.386s] -- Up-to-date symlink: /home/liam-bouffard/Desktop/rob599_mobile_robotics/Homework_4/pioneer_ws/install/pioneer_interfaces/share/pioneer_interfaces/srv/Getpoints.idl
[0.386s] -- Up-to-date symlink: /home/liam-bouffard/Desktop/rob599_mobile_robotics/Homework_4/pioneer_ws/install/pioneer_interfaces/share/pioneer_interfaces/srv/Savemap.srv
[0.386s] -- Up-to-date symlink: /home/liam-bouffard/Desktop/rob599_mobile_robotics/Homework_4/pioneer_ws/install/pioneer_interfaces/share/pioneer_interfaces/srv/Getpoints.srv
[0.386s] -- Up-to-date symlink: /home/liam-bouffard/Desktop/rob599_mobile_robotics/Homework_4/pioneer_ws/install/pioneer_interfaces/share/ament_index/resource_index/package_run_dependencies/pioneer_interfaces
[0.386s] -- Up-to-date symlink: /home/liam-bouffard/Desktop/rob599_mobile_robotics/Homework_4/pioneer_ws/install/pioneer_interfaces/share/ament_index/resource_index/parent_prefix_path/pioneer_interfaces
[0.386s] -- Up-to-date symlink: /home/liam-bouffard/Desktop/rob599_mobile_robotics/Homework_4/pioneer_ws/install/pioneer_interfaces/share/pioneer_interfaces/environment/ament_prefix_path.sh
[0.387s] -- Up-to-date symlink: /home/liam-bouffard/Desktop/rob599_mobile_robotics/Homework_4/pioneer_ws/install/pioneer_interfaces/share/pioneer_interfaces/environment/ament_prefix_path.dsv
[0.387s] -- Up-to-date symlink: /home/liam-bouffard/Desktop/rob599_mobile_robotics/Homework_4/pioneer_ws/install/pioneer_interfaces/share/pioneer_interfaces/environment/path.sh
[0.387s] -- Up-to-date symlink: /home/liam-bouffard/Desktop/rob599_mobile_robotics/Homework_4/pioneer_ws/install/pioneer_interfaces/share/pioneer_interfaces/environment/path.dsv
[0.387s] -- Up-to-date symlink: /home/liam-bouffard/Desktop/rob599_mobile_robotics/Homework_4/pioneer_ws/install/pioneer_interfaces/share/pioneer_interfaces/local_setup.bash
[0.387s] -- Up-to-date symlink: /home/liam-bouffard/Desktop/rob599_mobile_robotics/Homework_4/pioneer_ws/install/pioneer_interfaces/share/pioneer_interfaces/local_setup.sh
[0.387s] -- Up-to-date symlink: /home/liam-bouffard/Desktop/rob599_mobile_robotics/Homework_4/pioneer_ws/install/pioneer_interfaces/share/pioneer_interfaces/local_setup.zsh
[0.387s] -- Up-to-date symlink: /home/liam-bouffard/Desktop/rob599_mobile_robotics/Homework_4/pioneer_ws/install/pioneer_interfaces/share/pioneer_interfaces/local_setup.dsv
[0.387s] -- Symlinking: /home/liam-bouffard/Desktop/rob599_mobile_robotics/Homework_4/pioneer_ws/install/pioneer_interfaces/share/pioneer_interfaces/package.dsv
[0.398s] -- Up-to-date symlink: /home/liam-bouffard/Desktop/rob599_mobile_robotics/Homework_4/pioneer_ws/install/pioneer_interfaces/share/ament_index/resource_index/packages/pioneer_interfaces
[0.398s] -- Up-to-date symlink: /home/liam-bouffard/Desktop/rob599_mobile_robotics/Homework_4/pioneer_ws/install/pioneer_interfaces/share/pioneer_interfaces/cmake/rosidl_cmake-extras.cmake
[0.398s] -- Up-to-date symlink: /home/liam-bouffard/Desktop/rob599_mobile_robotics/Homework_4/pioneer_ws/install/pioneer_interfaces/share/pioneer_interfaces/cmake/ament_cmake_export_dependencies-extras.cmake
[0.399s] -- Up-to-date symlink: /home/liam-bouffard/Desktop/rob599_mobile_robotics/Homework_4/pioneer_ws/install/pioneer_interfaces/share/pioneer_interfaces/cmake/ament_cmake_export_include_directories-extras.cmake
[0.399s] -- Up-to-date symlink: /home/liam-bouffard/Desktop/rob599_mobile_robotics/Homework_4/pioneer_ws/install/pioneer_interfaces/share/pioneer_interfaces/cmake/ament_cmake_export_libraries-extras.cmake
[0.399s] -- Up-to-date symlink: /home/liam-bouffard/Desktop/rob599_mobile_robotics/Homework_4/pioneer_ws/install/pioneer_interfaces/share/pioneer_interfaces/cmake/ament_cmake_export_targets-extras.cmake
[0.399s] -- Up-to-date symlink: /home/liam-bouffard/Desktop/rob599_mobile_robotics/Homework_4/pioneer_ws/install/pioneer_interfaces/share/pioneer_interfaces/cmake/rosidl_cmake_export_typesupport_targets-extras.cmake
[0.399s] -- Up-to-date symlink: /home/liam-bouffard/Desktop/rob599_mobile_robotics/Homework_4/pioneer_ws/install/pioneer_interfaces/share/pioneer_interfaces/cmake/rosidl_cmake_export_typesupport_libraries-extras.cmake
[0.400s] -- Up-to-date symlink: /home/liam-bouffard/Desktop/rob599_mobile_robotics/Homework_4/pioneer_ws/install/pioneer_interfaces/share/pioneer_interfaces/cmake/pioneer_interfacesConfig.cmake
[0.400s] -- Up-to-date symlink: /home/liam-bouffard/Desktop/rob599_mobile_robotics/Homework_4/pioneer_ws/install/pioneer_interfaces/share/pioneer_interfaces/cmake/pioneer_interfacesConfig-version.cmake
[0.400s] -- Up-to-date symlink: /home/liam-bouffard/Desktop/rob599_mobile_robotics/Homework_4/pioneer_ws/install/pioneer_interfaces/share/pioneer_interfaces/package.xml
[0.400s] -- Up-to-date: /home/liam-bouffard/Desktop/rob599_mobile_robotics/Homework_4/pioneer_ws/install/pioneer_interfaces/lib/libpioneer_interfaces__rosidl_generator_c.so
[0.400s] -- Up-to-date: /home/liam-bouffard/Desktop/rob599_mobile_robotics/Homework_4/pioneer_ws/install/pioneer_interfaces/lib/libpioneer_interfaces__rosidl_typesupport_fastrtps_c.so
[0.401s] -- Up-to-date: /home/liam-bouffard/Desktop/rob599_mobile_robotics/Homework_4/pioneer_ws/install/pioneer_interfaces/lib/libpioneer_interfaces__rosidl_typesupport_introspection_c.so
[0.401s] -- Up-to-date: /home/liam-bouffard/Desktop/rob599_mobile_robotics/Homework_4/pioneer_ws/install/pioneer_interfaces/lib/libpioneer_interfaces__rosidl_typesupport_c.so
[0.401s] -- Up-to-date: /home/liam-bouffard/Desktop/rob599_mobile_robotics/Homework_4/pioneer_ws/install/pioneer_interfaces/lib/libpioneer_interfaces__rosidl_typesupport_fastrtps_cpp.so
[0.401s] -- Up-to-date: /home/liam-bouffard/Desktop/rob599_mobile_robotics/Homework_4/pioneer_ws/install/pioneer_interfaces/lib/libpioneer_interfaces__rosidl_typesupport_introspection_cpp.so
[0.401s] -- Up-to-date: /home/liam-bouffard/Desktop/rob599_mobile_robotics/Homework_4/pioneer_ws/install/pioneer_interfaces/lib/libpioneer_interfaces__rosidl_typesupport_cpp.so
[0.430s] Listing '/home/liam-bouffard/Desktop/rob599_mobile_robotics/Homework_4/pioneer_ws/install/pioneer_interfaces/lib/python3.12/site-packages/pioneer_interfaces'...
[0.430s] Listing '/home/liam-bouffard/Desktop/rob599_mobile_robotics/Homework_4/pioneer_ws/install/pioneer_interfaces/lib/python3.12/site-packages/pioneer_interfaces/srv'...
[0.434s] -- Up-to-date: /home/liam-bouffard/Desktop/rob599_mobile_robotics/Homework_4/pioneer_ws/install/pioneer_interfaces/lib/libpioneer_interfaces__rosidl_generator_py.so
[0.434s] -- Up-to-date: /home/liam-bouffard/Desktop/rob599_mobile_robotics/Homework_4/pioneer_ws/install/pioneer_interfaces/share/pioneer_interfaces/cmake/export_pioneer_interfaces__rosidl_generator_cExport.cmake
[0.434s] -- Up-to-date: /home/liam-bouffard/Desktop/rob599_mobile_robotics/Homework_4/pioneer_ws/install/pioneer_interfaces/share/pioneer_interfaces/cmake/export_pioneer_interfaces__rosidl_generator_cExport-noconfig.cmake
[0.434s] -- Up-to-date: /home/liam-bouffard/Desktop/rob599_mobile_robotics/Homework_4/pioneer_ws/install/pioneer_interfaces/share/pioneer_interfaces/cmake/export_pioneer_interfaces__rosidl_typesupport_fastrtps_cExport.cmake
[0.434s] -- Up-to-date: /home/liam-bouffard/Desktop/rob599_mobile_robotics/Homework_4/pioneer_ws/install/pioneer_interfaces/share/pioneer_interfaces/cmake/export_pioneer_interfaces__rosidl_typesupport_fastrtps_cExport-noconfig.cmake
[0.434s] -- Up-to-date: /home/liam-bouffard/Desktop/rob599_mobile_robotics/Homework_4/pioneer_ws/install/pioneer_interfaces/share/pioneer_interfaces/cmake/pioneer_interfaces__rosidl_typesupport_introspection_cExport.cmake
[0.434s] -- Up-to-date: /home/liam-bouffard/Desktop/rob599_mobile_robotics/Homework_4/pioneer_ws/install/pioneer_interfaces/share/pioneer_interfaces/cmake/pioneer_interfaces__rosidl_typesupport_introspection_cExport-noconfig.cmake
[0.435s] -- Up-to-date: /home/liam-bouffard/Desktop/rob599_mobile_robotics/Homework_4/pioneer_ws/install/pioneer_interfaces/share/pioneer_interfaces/cmake/pioneer_interfaces__rosidl_typesupport_cExport.cmake
[0.435s] -- Up-to-date: /home/liam-bouffard/Desktop/rob599_mobile_robotics/Homework_4/pioneer_ws/install/pioneer_interfaces/share/pioneer_interfaces/cmake/pioneer_interfaces__rosidl_typesupport_cExport-noconfig.cmake
[0.435s] -- Up-to-date: /home/liam-bouffard/Desktop/rob599_mobile_robotics/Homework_4/pioneer_ws/install/pioneer_interfaces/share/pioneer_interfaces/cmake/export_pioneer_interfaces__rosidl_generator_cppExport.cmake
[0.435s] -- Up-to-date: /home/liam-bouffard/Desktop/rob599_mobile_robotics/Homework_4/pioneer_ws/install/pioneer_interfaces/share/pioneer_interfaces/cmake/export_pioneer_interfaces__rosidl_typesupport_fastrtps_cppExport.cmake
[0.435s] -- Up-to-date: /home/liam-bouffard/Desktop/rob599_mobile_robotics/Homework_4/pioneer_ws/install/pioneer_interfaces/share/pioneer_interfaces/cmake/export_pioneer_interfaces__rosidl_typesupport_fastrtps_cppExport-noconfig.cmake
[0.435s] -- Up-to-date: /home/liam-bouffard/Desktop/rob599_mobile_robotics/Homework_4/pioneer_ws/install/pioneer_interfaces/share/pioneer_interfaces/cmake/pioneer_interfaces__rosidl_typesupport_introspection_cppExport.cmake
[0.435s] -- Up-to-date: /home/liam-bouffard/Desktop/rob599_mobile_robotics/Homework_4/pioneer_ws/install/pioneer_interfaces/share/pioneer_interfaces/cmake/pioneer_interfaces__rosidl_typesupport_introspection_cppExport-noconfig.cmake
[0.435s] -- Up-to-date: /home/liam-bouffard/Desktop/rob599_mobile_robotics/Homework_4/pioneer_ws/install/pioneer_interfaces/share/pioneer_interfaces/cmake/pioneer_interfaces__rosidl_typesupport_cppExport.cmake
[0.435s] -- Up-to-date: /home/liam-bouffard/Desktop/rob599_mobile_robotics/Homework_4/pioneer_ws/install/pioneer_interfaces/share/pioneer_interfaces/cmake/pioneer_interfaces__rosidl_typesupport_cppExport-noconfig.cmake
[0.435s] -- Up-to-date: /home/liam-bouffard/Desktop/rob599_mobile_robotics/Homework_4/pioneer_ws/install/pioneer_interfaces/share/pioneer_interfaces/cmake/export_pioneer_interfaces__rosidl_generator_pyExport.cmake
[0.435s] -- Up-to-date: /home/liam-bouffard/Desktop/rob599_mobile_robotics/Homework_4/pioneer_ws/install/pioneer_interfaces/share/pioneer_interfaces/cmake/export_pioneer_interfaces__rosidl_generator_pyExport-noconfig.cmake
[0.448s] Invoked command in '/home/liam-bouffard/Desktop/rob599_mobile_robotics/Homework_4/pioneer_ws/build/pioneer_interfaces' returned '0': CMAKE_PREFIX_PATH=/home/liam-bouffard/Desktop/rob599_mobile_robotics/Homework_4/pioneer_ws/install/stage_ros2:/home/liam-bouffard/Desktop/rob599_mobile_robotics/Homework_4/pioneer_ws/install/pioneer:/home/liam-bouffard/Desktop/rob599_mobile_robotics/Homework_3/pioneer_ws/install/start_robot:/home/liam-bouffard/Desktop/rob599_mobile_robotics/Homework_3/pioneer_ws/install/pioneer:/home/liam-bouffard/Desktop/rob599_mobile_robotics/Homework_3/pioneer_ws/install/pioneer_interfaces:/home/liam-bouffard/Desktop/rob599_mobile_robotics/Homework_3/pioneer_ws/install/goal_target:/opt/ros/kilted:/home/liam-bouffard/Desktop/rob599_mobile_robotics/Homework_4/pioneer_ws/install/stage:/home/liam-bouffard/Desktop/rob599_mobile_robotics/Homework_4/pioneer_ws/install/pioneer_interfaces:/home/liam-bouffard/Desktop/rob599_mobile_robotics/Homework_4/pioneer_ws/install/goal_target:/home/liam-bouffard/Desktop/rob599_mobile_robotics/Homework_3/pioneer_ws/install/stage_ros2:/home/liam-bouffard/Desktop/rob599_mobile_robotics/Homework_3/pioneer_ws/install/stage:/opt/ros/kilted/opt/gz_sim_vendor:/opt/ros/kilted/opt/gz_sensors_vendor:/opt/ros/kilted/opt/gz_physics_vendor:/opt/ros/kilted/opt/sdformat_vendor:/opt/ros/kilted/opt/gz_gui_vendor:/opt/ros/kilted/opt/gz_transport_vendor:/opt/ros/kilted/opt/gz_rendering_vendor:/opt/ros/kilted/opt/gz_plugin_vendor:/opt/ros/kilted/opt/gz_fuel_tools_vendor:/opt/ros/kilted/opt/gz_msgs_vendor:/opt/ros/kilted/opt/gz_common_vendor:/opt/ros/kilted/opt/gz_math_vendor:/opt/ros/kilted/opt/gz_utils_vendor:/opt/ros/kilted/opt/gz_tools_vendor:/opt/ros/kilted/opt/gz_ogre_next_vendor:/opt/ros/kilted/opt/gz_dartsim_vendor:/opt/ros/kilted/opt/gz_cmake_vendor DEBUGINFOD_URLS=https://debuginfod.ubuntu.com /usr/bin/cmake --install /home/liam-bouffard/Desktop/rob599_mobile_robotics/Homework_4/pioneer_ws/build/pioneer_interfaces
