[0.015s] Invoking command in '/home/liam-bouffard/Desktop/rob599_mobile_robotics/Homework_4/pioneer_ws/build/goal_target': CMAKE_PREFIX_PATH=/home/liam-bouffard/Desktop/rob599_mobile_robotics/Homework_4/pioneer_ws/install/stage_ros2:/home/liam-bouffard/Desktop/rob599_mobile_robotics/Homework_4/pioneer_ws/install/pioneer:/home/liam-bouffard/Desktop/rob599_mobile_robotics/Homework_3/pioneer_ws/install/start_robot:/home/liam-bouffard/Desktop/rob599_mobile_robotics/Homework_3/pioneer_ws/install/pioneer:/home/liam-bouffard/Desktop/rob599_mobile_robotics/Homework_3/pioneer_ws/install/pioneer_interfaces:/home/liam-bouffard/Desktop/rob599_mobile_robotics/Homework_3/pioneer_ws/install/goal_target:/opt/ros/kilted:/home/liam-bouffard/Desktop/rob599_mobile_robotics/Homework_4/pioneer_ws/install/stage:/home/liam-bouffard/Desktop/rob599_mobile_robotics/Homework_4/pioneer_ws/install/pioneer_interfaces:/home/liam-bouffard/Desktop/rob599_mobile_robotics/Homework_4/pioneer_ws/install/goal_target:/home/liam-bouffard/Desktop/rob599_mobile_robotics/Homework_3/pioneer_ws/install/stage_ros2:/home/liam-bouffard/Desktop/rob599_mobile_robotics/Homework_3/pioneer_ws/install/stage:/opt/ros/kilted/opt/gz_sim_vendor:/opt/ros/kilted/opt/gz_sensors_vendor:/opt/ros/kilted/opt/gz_physics_vendor:/opt/ros/kilted/opt/sdformat_vendor:/opt/ros/kilted/opt/gz_gui_vendor:/opt/ros/kilted/opt/gz_transport_vendor:/opt/ros/kilted/opt/gz_rendering_vendor:/opt/ros/kilted/opt/gz_plugin_vendor:/opt/ros/kilted/opt/gz_fuel_tools_vendor:/opt/ros/kilted/opt/gz_msgs_vendor:/opt/ros/kilted/opt/gz_common_vendor:/opt/ros/kilted/opt/gz_math_vendor:/opt/ros/kilted/opt/gz_utils_vendor:/opt/ros/kilted/opt/gz_tools_vendor:/opt/ros/kilted/opt/gz_ogre_next_vendor:/opt/ros/kilted/opt/gz_dartsim_vendor:/opt/ros/kilted/opt/gz_cmake_vendor DEBUGINFOD_URLS=https://debuginfod.ubuntu.com /usr/bin/cmake /home/liam-bouffard/Desktop/rob599_mobile_robotics/Homework_4/pioneer_ws/src/goal_target -DCMAKE_INSTALL_PREFIX=/home/liam-bouffard/Desktop/rob599_mobile_robotics/Homework_4/pioneer_ws/install/goal_target
[0.034s] -- Found ament_cmake: 2.7.4 (/opt/ros/kilted/share/ament_cmake/cmake)
[0.057s] -- Found Python3: /usr/bin/python3 (found version "3.12.3") found components: Interpreter 
[0.113s] -- Override CMake install command with custom implementation using symlinks instead of copying resources
[0.125s] -- Found rosidl_default_generators: 1.7.1 (/opt/ros/kilted/share/rosidl_default_generators/cmake)
[0.130s] -- Using all available rosidl_typesupport_c: rosidl_typesupport_fastrtps_c;rosidl_typesupport_introspection_c
[0.163s] -- Using all available rosidl_typesupport_cpp: rosidl_typesupport_fastrtps_cpp;rosidl_typesupport_introspection_cpp
[0.191s] -- Found rosidl_adapter: 4.9.6 (/opt/ros/kilted/share/rosidl_adapter/cmake)
[0.192s] -- Found std_msgs: 5.5.1 (/opt/ros/kilted/share/std_msgs/cmake)
[0.216s] -- Found geometry_msgs: 5.5.1 (/opt/ros/kilted/share/geometry_msgs/cmake)
[0.496s] -- Found ament_cmake_ros_core: 0.14.7 (/opt/ros/kilted/share/ament_cmake_ros_core/cmake)
[0.628s] -- Using all available rosidl_typesupport_c: rosidl_typesupport_fastrtps_c;rosidl_typesupport_introspection_c
[0.799s] -- Using all available rosidl_typesupport_cpp: rosidl_typesupport_fastrtps_cpp;rosidl_typesupport_introspection_cpp
[1.006s] -- Found Python3: /usr/bin/python3 (found version "3.12.3") found components: Interpreter Development NumPy Development.Module Development.Embed 
[1.035s] -- Found ament_lint_auto: 0.19.2 (/opt/ros/kilted/share/ament_lint_auto/cmake)
[1.048s] -- Added test 'lint_cmake' to check CMake code style
[1.049s] -- Added test 'xmllint' to check XML markup files
[1.051s] -- Configuring done (1.0s)
[1.095s] -- Generating done (0.0s)
[1.105s] -- Build files have been written to: /home/liam-bouffard/Desktop/rob599_mobile_robotics/Homework_4/pioneer_ws/build/goal_target
[1.110s] Invoked command in '/home/liam-bouffard/Desktop/rob599_mobile_robotics/Homework_4/pioneer_ws/build/goal_target' returned '0': CMAKE_PREFIX_PATH=/home/liam-bouffard/Desktop/rob599_mobile_robotics/Homework_4/pioneer_ws/install/stage_ros2:/home/liam-bouffard/Desktop/rob599_mobile_robotics/Homework_4/pioneer_ws/install/pioneer:/home/liam-bouffard/Desktop/rob599_mobile_robotics/Homework_3/pioneer_ws/install/start_robot:/home/liam-bouffard/Desktop/rob599_mobile_robotics/Homework_3/pioneer_ws/install/pioneer:/home/liam-bouffard/Desktop/rob599_mobile_robotics/Homework_3/pioneer_ws/install/pioneer_interfaces:/home/liam-bouffard/Desktop/rob599_mobile_robotics/Homework_3/pioneer_ws/install/goal_target:/opt/ros/kilted:/home/liam-bouffard/Desktop/rob599_mobile_robotics/Homework_4/pioneer_ws/install/stage:/home/liam-bouffard/Desktop/rob599_mobile_robotics/Homework_4/pioneer_ws/install/pioneer_interfaces:/home/liam-bouffard/Desktop/rob599_mobile_robotics/Homework_4/pioneer_ws/install/goal_target:/home/liam-bouffard/Desktop/rob599_mobile_robotics/Homework_3/pioneer_ws/install/stage_ros2:/home/liam-bouffard/Desktop/rob599_mobile_robotics/Homework_3/pioneer_ws/install/stage:/opt/ros/kilted/opt/gz_sim_vendor:/opt/ros/kilted/opt/gz_sensors_vendor:/opt/ros/kilted/opt/gz_physics_vendor:/opt/ros/kilted/opt/sdformat_vendor:/opt/ros/kilted/opt/gz_gui_vendor:/opt/ros/kilted/opt/gz_transport_vendor:/opt/ros/kilted/opt/gz_rendering_vendor:/opt/ros/kilted/opt/gz_plugin_vendor:/opt/ros/kilted/opt/gz_fuel_tools_vendor:/opt/ros/kilted/opt/gz_msgs_vendor:/opt/ros/kilted/opt/gz_common_vendor:/opt/ros/kilted/opt/gz_math_vendor:/opt/ros/kilted/opt/gz_utils_vendor:/opt/ros/kilted/opt/gz_tools_vendor:/opt/ros/kilted/opt/gz_ogre_next_vendor:/opt/ros/kilted/opt/gz_dartsim_vendor:/opt/ros/kilted/opt/gz_cmake_vendor DEBUGINFOD_URLS=https://debuginfod.ubuntu.com /usr/bin/cmake /home/liam-bouffard/Desktop/rob599_mobile_robotics/Homework_4/pioneer_ws/src/goal_target -DCMAKE_INSTALL_PREFIX=/home/liam-bouffard/Desktop/rob599_mobile_robotics/Homework_4/pioneer_ws/install/goal_target
[1.111s] Invoking command in '/home/liam-bouffard/Desktop/rob599_mobile_robotics/Homework_4/pioneer_ws/build/goal_target': CMAKE_PREFIX_PATH=/home/liam-bouffard/Desktop/rob599_mobile_robotics/Homework_4/pioneer_ws/install/stage_ros2:/home/liam-bouffard/Desktop/rob599_mobile_robotics/Homework_4/pioneer_ws/install/pioneer:/home/liam-bouffard/Desktop/rob599_mobile_robotics/Homework_3/pioneer_ws/install/start_robot:/home/liam-bouffard/Desktop/rob599_mobile_robotics/Homework_3/pioneer_ws/install/pioneer:/home/liam-bouffard/Desktop/rob599_mobile_robotics/Homework_3/pioneer_ws/install/pioneer_interfaces:/home/liam-bouffard/Desktop/rob599_mobile_robotics/Homework_3/pioneer_ws/install/goal_target:/opt/ros/kilted:/home/liam-bouffard/Desktop/rob599_mobile_robotics/Homework_4/pioneer_ws/install/stage:/home/liam-bouffard/Desktop/rob599_mobile_robotics/Homework_4/pioneer_ws/install/pioneer_interfaces:/home/liam-bouffard/Desktop/rob599_mobile_robotics/Homework_4/pioneer_ws/install/goal_target:/home/liam-bouffard/Desktop/rob599_mobile_robotics/Homework_3/pioneer_ws/install/stage_ros2:/home/liam-bouffard/Desktop/rob599_mobile_robotics/Homework_3/pioneer_ws/install/stage:/opt/ros/kilted/opt/gz_sim_vendor:/opt/ros/kilted/opt/gz_sensors_vendor:/opt/ros/kilted/opt/gz_physics_vendor:/opt/ros/kilted/opt/sdformat_vendor:/opt/ros/kilted/opt/gz_gui_vendor:/opt/ros/kilted/opt/gz_transport_vendor:/opt/ros/kilted/opt/gz_rendering_vendor:/opt/ros/kilted/opt/gz_plugin_vendor:/opt/ros/kilted/opt/gz_fuel_tools_vendor:/opt/ros/kilted/opt/gz_msgs_vendor:/opt/ros/kilted/opt/gz_common_vendor:/opt/ros/kilted/opt/gz_math_vendor:/opt/ros/kilted/opt/gz_utils_vendor:/opt/ros/kilted/opt/gz_tools_vendor:/opt/ros/kilted/opt/gz_ogre_next_vendor:/opt/ros/kilted/opt/gz_dartsim_vendor:/opt/ros/kilted/opt/gz_cmake_vendor DEBUGINFOD_URLS=https://debuginfod.ubuntu.com /usr/bin/cmake --build /home/liam-bouffard/Desktop/rob599_mobile_robotics/Homework_4/pioneer_ws/build/goal_target -- -j32 -l32
[1.159s] [  2%] Built target goal_target__rosidl_generator_type_description
[1.166s] [  2%] Built target ament_cmake_python_symlink_goal_target
[1.174s] [  5%] Built target goal_target__cpp
[1.179s] [ 20%] Built target goal_target__rosidl_generator_c
[1.202s] [ 29%] Built target goal_target__rosidl_typesupport_c
[1.203s] [ 38%] Built target goal_target__rosidl_typesupport_introspection_c
[1.203s] [ 47%] Built target goal_target__rosidl_typesupport_introspection_cpp
[1.205s] [ 55%] Built target goal_target__rosidl_typesupport_fastrtps_c
[1.205s] [ 64%] Built target goal_target__rosidl_typesupport_cpp
[1.206s] [ 73%] Built target goal_target__rosidl_typesupport_fastrtps_cpp
[1.226s] [ 73%] Built target goal_target
[1.248s] [ 76%] Built target goal_target__py
[1.269s] [ 82%] Built target goal_target__rosidl_generator_py
[1.291s] [ 88%] Built target goal_target_s__rosidl_typesupport_introspection_c
[1.292s] [ 94%] Built target goal_target_s__rosidl_typesupport_fastrtps_c
[1.293s] [100%] Built target goal_target_s__rosidl_typesupport_c
[1.344s] running egg_info
[1.361s] writing goal_target.egg-info/PKG-INFO
[1.361s] writing dependency_links to goal_target.egg-info/dependency_links.txt
[1.361s] writing top-level names to goal_target.egg-info/top_level.txt
[1.411s] reading manifest file 'goal_target.egg-info/SOURCES.txt'
[1.411s] writing manifest file 'goal_target.egg-info/SOURCES.txt'
[1.434s] [100%] Built target ament_cmake_python_build_goal_target_egg
[1.447s] Invoked command in '/home/liam-bouffard/Desktop/rob599_mobile_robotics/Homework_4/pioneer_ws/build/goal_target' returned '0': CMAKE_PREFIX_PATH=/home/liam-bouffard/Desktop/rob599_mobile_robotics/Homework_4/pioneer_ws/install/stage_ros2:/home/liam-bouffard/Desktop/rob599_mobile_robotics/Homework_4/pioneer_ws/install/pioneer:/home/liam-bouffard/Desktop/rob599_mobile_robotics/Homework_3/pioneer_ws/install/start_robot:/home/liam-bouffard/Desktop/rob599_mobile_robotics/Homework_3/pioneer_ws/install/pioneer:/home/liam-bouffard/Desktop/rob599_mobile_robotics/Homework_3/pioneer_ws/install/pioneer_interfaces:/home/liam-bouffard/Desktop/rob599_mobile_robotics/Homework_3/pioneer_ws/install/goal_target:/opt/ros/kilted:/home/liam-bouffard/Desktop/rob599_mobile_robotics/Homework_4/pioneer_ws/install/stage:/home/liam-bouffard/Desktop/rob599_mobile_robotics/Homework_4/pioneer_ws/install/pioneer_interfaces:/home/liam-bouffard/Desktop/rob599_mobile_robotics/Homework_4/pioneer_ws/install/goal_target:/home/liam-bouffard/Desktop/rob599_mobile_robotics/Homework_3/pioneer_ws/install/stage_ros2:/home/liam-bouffard/Desktop/rob599_mobile_robotics/Homework_3/pioneer_ws/install/stage:/opt/ros/kilted/opt/gz_sim_vendor:/opt/ros/kilted/opt/gz_sensors_vendor:/opt/ros/kilted/opt/gz_physics_vendor:/opt/ros/kilted/opt/sdformat_vendor:/opt/ros/kilted/opt/gz_gui_vendor:/opt/ros/kilted/opt/gz_transport_vendor:/opt/ros/kilted/opt/gz_rendering_vendor:/opt/ros/kilted/opt/gz_plugin_vendor:/opt/ros/kilted/opt/gz_fuel_tools_vendor:/opt/ros/kilted/opt/gz_msgs_vendor:/opt/ros/kilted/opt/gz_common_vendor:/opt/ros/kilted/opt/gz_math_vendor:/opt/ros/kilted/opt/gz_utils_vendor:/opt/ros/kilted/opt/gz_tools_vendor:/opt/ros/kilted/opt/gz_ogre_next_vendor:/opt/ros/kilted/opt/gz_dartsim_vendor:/opt/ros/kilted/opt/gz_cmake_vendor DEBUGINFOD_URLS=https://debuginfod.ubuntu.com /usr/bin/cmake --build /home/liam-bouffard/Desktop/rob599_mobile_robotics/Homework_4/pioneer_ws/build/goal_target -- -j32 -l32
[1.449s] Invoking command in '/home/liam-bouffard/Desktop/rob599_mobile_robotics/Homework_4/pioneer_ws/build/goal_target': CMAKE_PREFIX_PATH=/home/liam-bouffard/Desktop/rob599_mobile_robotics/Homework_4/pioneer_ws/install/stage_ros2:/home/liam-bouffard/Desktop/rob599_mobile_robotics/Homework_4/pioneer_ws/install/pioneer:/home/liam-bouffard/Desktop/rob599_mobile_robotics/Homework_3/pioneer_ws/install/start_robot:/home/liam-bouffard/Desktop/rob599_mobile_robotics/Homework_3/pioneer_ws/install/pioneer:/home/liam-bouffard/Desktop/rob599_mobile_robotics/Homework_3/pioneer_ws/install/pioneer_interfaces:/home/liam-bouffard/Desktop/rob599_mobile_robotics/Homework_3/pioneer_ws/install/goal_target:/opt/ros/kilted:/home/liam-bouffard/Desktop/rob599_mobile_robotics/Homework_4/pioneer_ws/install/stage:/home/liam-bouffard/Desktop/rob599_mobile_robotics/Homework_4/pioneer_ws/install/pioneer_interfaces:/home/liam-bouffard/Desktop/rob599_mobile_robotics/Homework_4/pioneer_ws/install/goal_target:/home/liam-bouffard/Desktop/rob599_mobile_robotics/Homework_3/pioneer_ws/install/stage_ros2:/home/liam-bouffard/Desktop/rob599_mobile_robotics/Homework_3/pioneer_ws/install/stage:/opt/ros/kilted/opt/gz_sim_vendor:/opt/ros/kilted/opt/gz_sensors_vendor:/opt/ros/kilted/opt/gz_physics_vendor:/opt/ros/kilted/opt/sdformat_vendor:/opt/ros/kilted/opt/gz_gui_vendor:/opt/ros/kilted/opt/gz_transport_vendor:/opt/ros/kilted/opt/gz_rendering_vendor:/opt/ros/kilted/opt/gz_plugin_vendor:/opt/ros/kilted/opt/gz_fuel_tools_vendor:/opt/ros/kilted/opt/gz_msgs_vendor:/opt/ros/kilted/opt/gz_common_vendor:/opt/ros/kilted/opt/gz_math_vendor:/opt/ros/kilted/opt/gz_utils_vendor:/opt/ros/kilted/opt/gz_tools_vendor:/opt/ros/kilted/opt/gz_ogre_next_vendor:/opt/ros/kilted/opt/gz_dartsim_vendor:/opt/ros/kilted/opt/gz_cmake_vendor DEBUGINFOD_URLS=https://debuginfod.ubuntu.com /usr/bin/cmake --install /home/liam-bouffard/Desktop/rob599_mobile_robotics/Homework_4/pioneer_ws/build/goal_target
[1.456s] -- Install configuration: ""
[1.456s] -- Execute custom install script
[1.456s] -- Up-to-date symlink: /home/liam-bouffard/Desktop/rob599_mobile_robotics/Homework_4/pioneer_ws/install/goal_target/share/ament_index/resource_index/rosidl_interfaces/goal_target
[1.456s] -- Up-to-date symlink: /home/liam-bouffard/Desktop/rob599_mobile_robotics/Homework_4/pioneer_ws/install/goal_target/share/goal_target/action/GoalTarget.json
[1.457s] -- Up-to-date symlink: /home/liam-bouffard/Desktop/rob599_mobile_robotics/Homework_4/pioneer_ws/install/goal_target/include/goal_target/goal_target/action/detail/goal_target__functions.h
[1.457s] -- Up-to-date symlink: /home/liam-bouffard/Desktop/rob599_mobile_robotics/Homework_4/pioneer_ws/install/goal_target/include/goal_target/goal_target/action/detail/goal_target__struct.h
[1.457s] -- Up-to-date symlink: /home/liam-bouffard/Desktop/rob599_mobile_robotics/Homework_4/pioneer_ws/install/goal_target/include/goal_target/goal_target/action/detail/goal_target__type_support.h
[1.457s] -- Up-to-date symlink: /home/liam-bouffard/Desktop/rob599_mobile_robotics/Homework_4/pioneer_ws/install/goal_target/include/goal_target/goal_target/action/goal_target.h
[1.457s] -- Up-to-date symlink: /home/liam-bouffard/Desktop/rob599_mobile_robotics/Homework_4/pioneer_ws/install/goal_target/include/goal_target/goal_target/msg/rosidl_generator_c__visibility_control.h
[1.457s] -- Up-to-date symlink: /home/liam-bouffard/Desktop/rob599_mobile_robotics/Homework_4/pioneer_ws/install/goal_target/share/goal_target/environment/library_path.sh
[1.457s] -- Up-to-date symlink: /home/liam-bouffard/Desktop/rob599_mobile_robotics/Homework_4/pioneer_ws/install/goal_target/share/goal_target/environment/library_path.dsv
[1.457s] -- Up-to-date symlink: /home/liam-bouffard/Desktop/rob599_mobile_robotics/Homework_4/pioneer_ws/install/goal_target/include/goal_target/goal_target/action/detail/goal_target__rosidl_typesupport_fastrtps_c.h
[1.457s] -- Up-to-date symlink: /home/liam-bouffard/Desktop/rob599_mobile_robotics/Homework_4/pioneer_ws/install/goal_target/include/goal_target/goal_target/msg/rosidl_typesupport_fastrtps_c__visibility_control.h
[1.458s] -- Up-to-date symlink: /home/liam-bouffard/Desktop/rob599_mobile_robotics/Homework_4/pioneer_ws/install/goal_target/include/goal_target/goal_target/action/detail/goal_target__rosidl_typesupport_introspection_c.h
[1.458s] -- Up-to-date symlink: /home/liam-bouffard/Desktop/rob599_mobile_robotics/Homework_4/pioneer_ws/install/goal_target/include/goal_target/goal_target/msg/rosidl_typesupport_introspection_c__visibility_control.h
[1.458s] -- Up-to-date symlink: /home/liam-bouffard/Desktop/rob599_mobile_robotics/Homework_4/pioneer_ws/install/goal_target/include/goal_target/goal_target/action/detail/goal_target__builder.hpp
[1.458s] -- Up-to-date symlink: /home/liam-bouffard/Desktop/rob599_mobile_robotics/Homework_4/pioneer_ws/install/goal_target/include/goal_target/goal_target/action/detail/goal_target__struct.hpp
[1.458s] -- Up-to-date symlink: /home/liam-bouffard/Desktop/rob599_mobile_robotics/Homework_4/pioneer_ws/install/goal_target/include/goal_target/goal_target/action/detail/goal_target__traits.hpp
[1.458s] -- Up-to-date symlink: /home/liam-bouffard/Desktop/rob599_mobile_robotics/Homework_4/pioneer_ws/install/goal_target/include/goal_target/goal_target/action/detail/goal_target__type_support.hpp
[1.458s] -- Up-to-date symlink: /home/liam-bouffard/Desktop/rob599_mobile_robotics/Homework_4/pioneer_ws/install/goal_target/include/goal_target/goal_target/action/goal_target.hpp
[1.458s] -- Up-to-date symlink: /home/liam-bouffard/Desktop/rob599_mobile_robotics/Homework_4/pioneer_ws/install/goal_target/include/goal_target/goal_target/msg/rosidl_generator_cpp__visibility_control.hpp
[1.458s] -- Up-to-date symlink: /home/liam-bouffard/Desktop/rob599_mobile_robotics/Homework_4/pioneer_ws/install/goal_target/include/goal_target/goal_target/action/detail/goal_target__rosidl_typesupport_fastrtps_cpp.hpp
[1.458s] -- Up-to-date symlink: /home/liam-bouffard/Desktop/rob599_mobile_robotics/Homework_4/pioneer_ws/install/goal_target/include/goal_target/goal_target/msg/rosidl_typesupport_fastrtps_cpp__visibility_control.h
[1.459s] -- Up-to-date symlink: /home/liam-bouffard/Desktop/rob599_mobile_robotics/Homework_4/pioneer_ws/install/goal_target/include/goal_target/goal_target/action/detail/goal_target__rosidl_typesupport_introspection_cpp.hpp
[1.459s] -- Up-to-date symlink: /home/liam-bouffard/Desktop/rob599_mobile_robotics/Homework_4/pioneer_ws/install/goal_target/share/goal_target/environment/pythonpath.sh
[1.459s] -- Up-to-date symlink: /home/liam-bouffard/Desktop/rob599_mobile_robotics/Homework_4/pioneer_ws/install/goal_target/share/goal_target/environment/pythonpath.dsv
[1.459s] -- Up-to-date symlink: /home/liam-bouffard/Desktop/rob599_mobile_robotics/Homework_4/pioneer_ws/install/goal_target/lib/python3.12/site-packages/goal_target-0.0.0-py3.12.egg-info/PKG-INFO
[1.459s] -- Up-to-date symlink: /home/liam-bouffard/Desktop/rob599_mobile_robotics/Homework_4/pioneer_ws/install/goal_target/lib/python3.12/site-packages/goal_target-0.0.0-py3.12.egg-info/SOURCES.txt
[1.459s] -- Up-to-date symlink: /home/liam-bouffard/Desktop/rob599_mobile_robotics/Homework_4/pioneer_ws/install/goal_target/lib/python3.12/site-packages/goal_target-0.0.0-py3.12.egg-info/dependency_links.txt
[1.459s] -- Up-to-date symlink: /home/liam-bouffard/Desktop/rob599_mobile_robotics/Homework_4/pioneer_ws/install/goal_target/lib/python3.12/site-packages/goal_target-0.0.0-py3.12.egg-info/top_level.txt
[1.460s] -- Up-to-date symlink: /home/liam-bouffard/Desktop/rob599_mobile_robotics/Homework_4/pioneer_ws/install/goal_target/lib/python3.12/site-packages/goal_target/__init__.py
[1.460s] -- Up-to-date symlink: /home/liam-bouffard/Desktop/rob599_mobile_robotics/Homework_4/pioneer_ws/install/goal_target/lib/python3.12/site-packages/goal_target/_goal_target_s.ep.rosidl_typesupport_c.c
[1.460s] -- Up-to-date symlink: /home/liam-bouffard/Desktop/rob599_mobile_robotics/Homework_4/pioneer_ws/install/goal_target/lib/python3.12/site-packages/goal_target/_goal_target_s.ep.rosidl_typesupport_fastrtps_c.c
[1.460s] -- Up-to-date symlink: /home/liam-bouffard/Desktop/rob599_mobile_robotics/Homework_4/pioneer_ws/install/goal_target/lib/python3.12/site-packages/goal_target/_goal_target_s.ep.rosidl_typesupport_introspection_c.c
[1.460s] -- Up-to-date symlink: /home/liam-bouffard/Desktop/rob599_mobile_robotics/Homework_4/pioneer_ws/install/goal_target/lib/python3.12/site-packages/goal_target/action/__init__.py
[1.460s] -- Up-to-date symlink: /home/liam-bouffard/Desktop/rob599_mobile_robotics/Homework_4/pioneer_ws/install/goal_target/lib/python3.12/site-packages/goal_target/action/_goal_target.py
[1.460s] -- Up-to-date symlink: /home/liam-bouffard/Desktop/rob599_mobile_robotics/Homework_4/pioneer_ws/install/goal_target/lib/python3.12/site-packages/goal_target/action/_goal_target_s.c
[1.460s] -- Up-to-date symlink: /home/liam-bouffard/Desktop/rob599_mobile_robotics/Homework_4/pioneer_ws/install/goal_target/lib/python3.12/site-packages/goal_target/goal_target_s__rosidl_typesupport_c.so
[1.460s] -- Up-to-date symlink: /home/liam-bouffard/Desktop/rob599_mobile_robotics/Homework_4/pioneer_ws/install/goal_target/lib/python3.12/site-packages/goal_target/goal_target_s__rosidl_typesupport_fastrtps_c.so
[1.460s] -- Up-to-date symlink: /home/liam-bouffard/Desktop/rob599_mobile_robotics/Homework_4/pioneer_ws/install/goal_target/lib/python3.12/site-packages/goal_target/goal_target_s__rosidl_typesupport_introspection_c.so
[1.460s] -- Up-to-date symlink: /home/liam-bouffard/Desktop/rob599_mobile_robotics/Homework_4/pioneer_ws/install/goal_target/lib/python3.12/site-packages/goal_target/goal_target_s__rosidl_typesupport_fastrtps_c.so
[1.460s] -- Up-to-date symlink: /home/liam-bouffard/Desktop/rob599_mobile_robotics/Homework_4/pioneer_ws/install/goal_target/lib/python3.12/site-packages/goal_target/goal_target_s__rosidl_typesupport_introspection_c.so
[1.461s] -- Up-to-date symlink: /home/liam-bouffard/Desktop/rob599_mobile_robotics/Homework_4/pioneer_ws/install/goal_target/lib/python3.12/site-packages/goal_target/goal_target_s__rosidl_typesupport_c.so
[1.461s] -- Up-to-date symlink: /home/liam-bouffard/Desktop/rob599_mobile_robotics/Homework_4/pioneer_ws/install/goal_target/share/goal_target/action/GoalTarget.idl
[1.461s] -- Up-to-date symlink: /home/liam-bouffard/Desktop/rob599_mobile_robotics/Homework_4/pioneer_ws/install/goal_target/share/goal_target/action/GoalTarget.action
[1.461s] -- Up-to-date symlink: /home/liam-bouffard/Desktop/rob599_mobile_robotics/Homework_4/pioneer_ws/install/goal_target/share/ament_index/resource_index/package_run_dependencies/goal_target
[1.461s] -- Up-to-date symlink: /home/liam-bouffard/Desktop/rob599_mobile_robotics/Homework_4/pioneer_ws/install/goal_target/share/ament_index/resource_index/parent_prefix_path/goal_target
[1.461s] -- Up-to-date symlink: /home/liam-bouffard/Desktop/rob599_mobile_robotics/Homework_4/pioneer_ws/install/goal_target/share/goal_target/environment/ament_prefix_path.sh
[1.461s] -- Up-to-date symlink: /home/liam-bouffard/Desktop/rob599_mobile_robotics/Homework_4/pioneer_ws/install/goal_target/share/goal_target/environment/ament_prefix_path.dsv
[1.461s] -- Up-to-date symlink: /home/liam-bouffard/Desktop/rob599_mobile_robotics/Homework_4/pioneer_ws/install/goal_target/share/goal_target/environment/path.sh
[1.461s] -- Up-to-date symlink: /home/liam-bouffard/Desktop/rob599_mobile_robotics/Homework_4/pioneer_ws/install/goal_target/share/goal_target/environment/path.dsv
[1.462s] -- Up-to-date symlink: /home/liam-bouffard/Desktop/rob599_mobile_robotics/Homework_4/pioneer_ws/install/goal_target/share/goal_target/local_setup.bash
[1.462s] -- Up-to-date symlink: /home/liam-bouffard/Desktop/rob599_mobile_robotics/Homework_4/pioneer_ws/install/goal_target/share/goal_target/local_setup.sh
[1.462s] -- Up-to-date symlink: /home/liam-bouffard/Desktop/rob599_mobile_robotics/Homework_4/pioneer_ws/install/goal_target/share/goal_target/local_setup.zsh
[1.462s] -- Up-to-date symlink: /home/liam-bouffard/Desktop/rob599_mobile_robotics/Homework_4/pioneer_ws/install/goal_target/share/goal_target/local_setup.dsv
[1.462s] -- Symlinking: /home/liam-bouffard/Desktop/rob599_mobile_robotics/Homework_4/pioneer_ws/install/goal_target/share/goal_target/package.dsv
[1.472s] -- Up-to-date symlink: /home/liam-bouffard/Desktop/rob599_mobile_robotics/Homework_4/pioneer_ws/install/goal_target/share/ament_index/resource_index/packages/goal_target
[1.472s] -- Up-to-date symlink: /home/liam-bouffard/Desktop/rob599_mobile_robotics/Homework_4/pioneer_ws/install/goal_target/share/goal_target/cmake/rosidl_cmake-extras.cmake
[1.472s] -- Up-to-date symlink: /home/liam-bouffard/Desktop/rob599_mobile_robotics/Homework_4/pioneer_ws/install/goal_target/share/goal_target/cmake/ament_cmake_export_dependencies-extras.cmake
[1.472s] -- Up-to-date symlink: /home/liam-bouffard/Desktop/rob599_mobile_robotics/Homework_4/pioneer_ws/install/goal_target/share/goal_target/cmake/ament_cmake_export_include_directories-extras.cmake
[1.472s] -- Up-to-date symlink: /home/liam-bouffard/Desktop/rob599_mobile_robotics/Homework_4/pioneer_ws/install/goal_target/share/goal_target/cmake/ament_cmake_export_libraries-extras.cmake
[1.472s] -- Up-to-date symlink: /home/liam-bouffard/Desktop/rob599_mobile_robotics/Homework_4/pioneer_ws/install/goal_target/share/goal_target/cmake/ament_cmake_export_targets-extras.cmake
[1.473s] -- Up-to-date symlink: /home/liam-bouffard/Desktop/rob599_mobile_robotics/Homework_4/pioneer_ws/install/goal_target/share/goal_target/cmake/rosidl_cmake_export_typesupport_targets-extras.cmake
[1.473s] -- Up-to-date symlink: /home/liam-bouffard/Desktop/rob599_mobile_robotics/Homework_4/pioneer_ws/install/goal_target/share/goal_target/cmake/rosidl_cmake_export_typesupport_libraries-extras.cmake
[1.473s] -- Up-to-date symlink: /home/liam-bouffard/Desktop/rob599_mobile_robotics/Homework_4/pioneer_ws/install/goal_target/share/goal_target/cmake/goal_targetConfig.cmake
[1.473s] -- Up-to-date symlink: /home/liam-bouffard/Desktop/rob599_mobile_robotics/Homework_4/pioneer_ws/install/goal_target/share/goal_target/cmake/goal_targetConfig-version.cmake
[1.473s] -- Up-to-date symlink: /home/liam-bouffard/Desktop/rob599_mobile_robotics/Homework_4/pioneer_ws/install/goal_target/share/goal_target/package.xml
[1.473s] -- Up-to-date: /home/liam-bouffard/Desktop/rob599_mobile_robotics/Homework_4/pioneer_ws/install/goal_target/lib/libgoal_target__rosidl_generator_c.so
[1.474s] -- Up-to-date: /home/liam-bouffard/Desktop/rob599_mobile_robotics/Homework_4/pioneer_ws/install/goal_target/lib/libgoal_target__rosidl_typesupport_fastrtps_c.so
[1.474s] -- Up-to-date: /home/liam-bouffard/Desktop/rob599_mobile_robotics/Homework_4/pioneer_ws/install/goal_target/lib/libgoal_target__rosidl_typesupport_introspection_c.so
[1.475s] -- Up-to-date: /home/liam-bouffard/Desktop/rob599_mobile_robotics/Homework_4/pioneer_ws/install/goal_target/lib/libgoal_target__rosidl_typesupport_c.so
[1.475s] -- Up-to-date: /home/liam-bouffard/Desktop/rob599_mobile_robotics/Homework_4/pioneer_ws/install/goal_target/lib/libgoal_target__rosidl_typesupport_fastrtps_cpp.so
[1.475s] -- Up-to-date: /home/liam-bouffard/Desktop/rob599_mobile_robotics/Homework_4/pioneer_ws/install/goal_target/lib/libgoal_target__rosidl_typesupport_introspection_cpp.so
[1.476s] -- Up-to-date: /home/liam-bouffard/Desktop/rob599_mobile_robotics/Homework_4/pioneer_ws/install/goal_target/lib/libgoal_target__rosidl_typesupport_cpp.so
[1.506s] Listing '/home/liam-bouffard/Desktop/rob599_mobile_robotics/Homework_4/pioneer_ws/install/goal_target/lib/python3.12/site-packages/goal_target'...
[1.506s] Compiling '/home/liam-bouffard/Desktop/rob599_mobile_robotics/Homework_4/pioneer_ws/install/goal_target/lib/python3.12/site-packages/goal_target/__init__.py'...
[1.506s] Listing '/home/liam-bouffard/Desktop/rob599_mobile_robotics/Homework_4/pioneer_ws/install/goal_target/lib/python3.12/site-packages/goal_target/action'...
[1.511s] -- Up-to-date: /home/liam-bouffard/Desktop/rob599_mobile_robotics/Homework_4/pioneer_ws/install/goal_target/lib/libgoal_target__rosidl_generator_py.so
[1.511s] -- Up-to-date: /home/liam-bouffard/Desktop/rob599_mobile_robotics/Homework_4/pioneer_ws/install/goal_target/share/goal_target/cmake/export_goal_target__rosidl_generator_cExport.cmake
[1.511s] -- Up-to-date: /home/liam-bouffard/Desktop/rob599_mobile_robotics/Homework_4/pioneer_ws/install/goal_target/share/goal_target/cmake/export_goal_target__rosidl_generator_cExport-noconfig.cmake
[1.511s] -- Up-to-date: /home/liam-bouffard/Desktop/rob599_mobile_robotics/Homework_4/pioneer_ws/install/goal_target/share/goal_target/cmake/export_goal_target__rosidl_typesupport_fastrtps_cExport.cmake
[1.511s] -- Up-to-date: /home/liam-bouffard/Desktop/rob599_mobile_robotics/Homework_4/pioneer_ws/install/goal_target/share/goal_target/cmake/export_goal_target__rosidl_typesupport_fastrtps_cExport-noconfig.cmake
[1.511s] -- Up-to-date: /home/liam-bouffard/Desktop/rob599_mobile_robotics/Homework_4/pioneer_ws/install/goal_target/share/goal_target/cmake/goal_target__rosidl_typesupport_introspection_cExport.cmake
[1.511s] -- Up-to-date: /home/liam-bouffard/Desktop/rob599_mobile_robotics/Homework_4/pioneer_ws/install/goal_target/share/goal_target/cmake/goal_target__rosidl_typesupport_introspection_cExport-noconfig.cmake
[1.511s] -- Up-to-date: /home/liam-bouffard/Desktop/rob599_mobile_robotics/Homework_4/pioneer_ws/install/goal_target/share/goal_target/cmake/goal_target__rosidl_typesupport_cExport.cmake
[1.511s] -- Up-to-date: /home/liam-bouffard/Desktop/rob599_mobile_robotics/Homework_4/pioneer_ws/install/goal_target/share/goal_target/cmake/goal_target__rosidl_typesupport_cExport-noconfig.cmake
[1.511s] -- Up-to-date: /home/liam-bouffard/Desktop/rob599_mobile_robotics/Homework_4/pioneer_ws/install/goal_target/share/goal_target/cmake/export_goal_target__rosidl_generator_cppExport.cmake
[1.511s] -- Up-to-date: /home/liam-bouffard/Desktop/rob599_mobile_robotics/Homework_4/pioneer_ws/install/goal_target/share/goal_target/cmake/export_goal_target__rosidl_typesupport_fastrtps_cppExport.cmake
[1.511s] -- Up-to-date: /home/liam-bouffard/Desktop/rob599_mobile_robotics/Homework_4/pioneer_ws/install/goal_target/share/goal_target/cmake/export_goal_target__rosidl_typesupport_fastrtps_cppExport-noconfig.cmake
[1.511s] -- Up-to-date: /home/liam-bouffard/Desktop/rob599_mobile_robotics/Homework_4/pioneer_ws/install/goal_target/share/goal_target/cmake/goal_target__rosidl_typesupport_introspection_cppExport.cmake
[1.511s] -- Up-to-date: /home/liam-bouffard/Desktop/rob599_mobile_robotics/Homework_4/pioneer_ws/install/goal_target/share/goal_target/cmake/goal_target__rosidl_typesupport_introspection_cppExport-noconfig.cmake
[1.511s] -- Up-to-date: /home/liam-bouffard/Desktop/rob599_mobile_robotics/Homework_4/pioneer_ws/install/goal_target/share/goal_target/cmake/goal_target__rosidl_typesupport_cppExport.cmake
[1.511s] -- Up-to-date: /home/liam-bouffard/Desktop/rob599_mobile_robotics/Homework_4/pioneer_ws/install/goal_target/share/goal_target/cmake/goal_target__rosidl_typesupport_cppExport-noconfig.cmake
[1.512s] -- Up-to-date: /home/liam-bouffard/Desktop/rob599_mobile_robotics/Homework_4/pioneer_ws/install/goal_target/share/goal_target/cmake/export_goal_target__rosidl_generator_pyExport.cmake
[1.512s] -- Up-to-date: /home/liam-bouffard/Desktop/rob599_mobile_robotics/Homework_4/pioneer_ws/install/goal_target/share/goal_target/cmake/export_goal_target__rosidl_generator_pyExport-noconfig.cmake
[1.513s] Invoked command in '/home/liam-bouffard/Desktop/rob599_mobile_robotics/Homework_4/pioneer_ws/build/goal_target' returned '0': CMAKE_PREFIX_PATH=/home/liam-bouffard/Desktop/rob599_mobile_robotics/Homework_4/pioneer_ws/install/stage_ros2:/home/liam-bouffard/Desktop/rob599_mobile_robotics/Homework_4/pioneer_ws/install/pioneer:/home/liam-bouffard/Desktop/rob599_mobile_robotics/Homework_3/pioneer_ws/install/start_robot:/home/liam-bouffard/Desktop/rob599_mobile_robotics/Homework_3/pioneer_ws/install/pioneer:/home/liam-bouffard/Desktop/rob599_mobile_robotics/Homework_3/pioneer_ws/install/pioneer_interfaces:/home/liam-bouffard/Desktop/rob599_mobile_robotics/Homework_3/pioneer_ws/install/goal_target:/opt/ros/kilted:/home/liam-bouffard/Desktop/rob599_mobile_robotics/Homework_4/pioneer_ws/install/stage:/home/liam-bouffard/Desktop/rob599_mobile_robotics/Homework_4/pioneer_ws/install/pioneer_interfaces:/home/liam-bouffard/Desktop/rob599_mobile_robotics/Homework_4/pioneer_ws/install/goal_target:/home/liam-bouffard/Desktop/rob599_mobile_robotics/Homework_3/pioneer_ws/install/stage_ros2:/home/liam-bouffard/Desktop/rob599_mobile_robotics/Homework_3/pioneer_ws/install/stage:/opt/ros/kilted/opt/gz_sim_vendor:/opt/ros/kilted/opt/gz_sensors_vendor:/opt/ros/kilted/opt/gz_physics_vendor:/opt/ros/kilted/opt/sdformat_vendor:/opt/ros/kilted/opt/gz_gui_vendor:/opt/ros/kilted/opt/gz_transport_vendor:/opt/ros/kilted/opt/gz_rendering_vendor:/opt/ros/kilted/opt/gz_plugin_vendor:/opt/ros/kilted/opt/gz_fuel_tools_vendor:/opt/ros/kilted/opt/gz_msgs_vendor:/opt/ros/kilted/opt/gz_common_vendor:/opt/ros/kilted/opt/gz_math_vendor:/opt/ros/kilted/opt/gz_utils_vendor:/opt/ros/kilted/opt/gz_tools_vendor:/opt/ros/kilted/opt/gz_ogre_next_vendor:/opt/ros/kilted/opt/gz_dartsim_vendor:/opt/ros/kilted/opt/gz_cmake_vendor DEBUGINFOD_URLS=https://debuginfod.ubuntu.com /usr/bin/cmake --install /home/liam-bouffard/Desktop/rob599_mobile_robotics/Homework_4/pioneer_ws/build/goal_target
