[0.654s] Invoking command in '/home/liam-bouffard/Desktop/rob599_mobile_robotics/Homework_5/ros_ws/build/hw5': DEBUGINFOD_URLS=https://debuginfod.ubuntu.com PYTHONPATH=/home/liam-bouffard/Desktop/rob599_mobile_robotics/Homework_5/ros_ws/build/hw5/prefix_override:/usr/lib/python3/dist-packages/colcon_core/task/python/colcon_distutils_commands:/home/liam-bouffard/Desktop/rob599_mobile_robotics/Homework_5/ros_ws/install/hw5/lib/python3.12/site-packages:${PYTHONPATH} /usr/bin/python3 -W ignore:setup.py install is deprecated -W ignore:easy_install command is deprecated setup.py develop --editable --build-directory /home/liam-bouffard/Desktop/rob599_mobile_robotics/Homework_5/ros_ws/build/hw5/build --no-deps symlink_data --force
[0.917s] running develop
[1.088s] running egg_info
[1.105s] writing hw5.egg-info/PKG-INFO
[1.105s] writing dependency_links to hw5.egg-info/dependency_links.txt
[1.106s] writing entry points to hw5.egg-info/entry_points.txt
[1.106s] writing requirements to hw5.egg-info/requires.txt
[1.106s] writing top-level names to hw5.egg-info/top_level.txt
[1.140s] reading manifest file 'hw5.egg-info/SOURCES.txt'
[1.141s] writing manifest file 'hw5.egg-info/SOURCES.txt'
[1.159s] running build_ext
[1.159s] Creating /home/liam-bouffard/Desktop/rob599_mobile_robotics/Homework_5/ros_ws/install/hw5/lib/python3.12/site-packages/hw5.egg-link (link to .)
[1.160s] Installing path_planning script to /home/liam-bouffard/Desktop/rob599_mobile_robotics/Homework_5/ros_ws/install/hw5/lib/hw5
[1.161s] 
[1.161s] Installed /home/liam-bouffard/Desktop/rob599_mobile_robotics/Homework_5/ros_ws/build/hw5
[1.161s] running symlink_data
[1.161s] symbolically linking /home/liam-bouffard/Desktop/rob599_mobile_robotics/Homework_5/ros_ws/build/hw5/resource/hw5 -> /home/liam-bouffard/Desktop/rob599_mobile_robotics/Homework_5/ros_ws/install/hw5/share/ament_index/resource_index/packages
[1.161s] symbolically linking /home/liam-bouffard/Desktop/rob599_mobile_robotics/Homework_5/ros_ws/build/hw5/package.xml -> /home/liam-bouffard/Desktop/rob599_mobile_robotics/Homework_5/ros_ws/install/hw5/share/hw5
[1.161s] symbolically linking /home/liam-bouffard/Desktop/rob599_mobile_robotics/Homework_5/ros_ws/build/hw5/launch/ex_launch.py -> /home/liam-bouffard/Desktop/rob599_mobile_robotics/Homework_5/ros_ws/install/hw5/share/hw5/launch
[1.161s] symbolically linking /home/liam-bouffard/Desktop/rob599_mobile_robotics/Homework_5/ros_ws/build/hw5/launch/tb3_cimulation_launch.py -> /home/liam-bouffard/Desktop/rob599_mobile_robotics/Homework_5/ros_ws/install/hw5/share/hw5/launch
[1.161s] symbolically linking /home/liam-bouffard/Desktop/rob599_mobile_robotics/Homework_5/ros_ws/build/hw5/launch/hw5.launch.py -> /home/liam-bouffard/Desktop/rob599_mobile_robotics/Homework_5/ros_ws/install/hw5/share/hw5/launch
[1.161s] symbolically linking /home/liam-bouffard/Desktop/rob599_mobile_robotics/Homework_5/ros_ws/build/hw5/maps/map.yaml -> /home/liam-bouffard/Desktop/rob599_mobile_robotics/Homework_5/ros_ws/install/hw5/share/hw5/maps
[1.161s] symbolically linking /home/liam-bouffard/Desktop/rob599_mobile_robotics/Homework_5/ros_ws/build/hw5/maps/map.pgm -> /home/liam-bouffard/Desktop/rob599_mobile_robotics/Homework_5/ros_ws/install/hw5/share/hw5/maps
[1.185s] Invoked command in '/home/liam-bouffard/Desktop/rob599_mobile_robotics/Homework_5/ros_ws/build/hw5' returned '0': DEBUGINFOD_URLS=https://debuginfod.ubuntu.com PYTHONPATH=/home/liam-bouffard/Desktop/rob599_mobile_robotics/Homework_5/ros_ws/build/hw5/prefix_override:/usr/lib/python3/dist-packages/colcon_core/task/python/colcon_distutils_commands:/home/liam-bouffard/Desktop/rob599_mobile_robotics/Homework_5/ros_ws/install/hw5/lib/python3.12/site-packages:${PYTHONPATH} /usr/bin/python3 -W ignore:setup.py install is deprecated -W ignore:easy_install command is deprecated setup.py develop --editable --build-directory /home/liam-bouffard/Desktop/rob599_mobile_robotics/Homework_5/ros_ws/build/hw5/build --no-deps symlink_data --force
