[0.014s] Invoking command in '/home/liam-bouffard/Desktop/rob599_mobile_robotics/Homework_4/pioneer_ws/build/goal_target': CMAKE_PREFIX_PATH=/home/liam-bouffard/Desktop/rob599_mobile_robotics/Homework_4/pioneer_ws/install/stage_ros2:/home/liam-bouffard/Desktop/rob599_mobile_robotics/Homework_4/pioneer_ws/install/pioneer:/home/liam-bouffard/Desktop/rob599_mobile_robotics/Homework_3/pioneer_ws/install/start_robot:/home/liam-bouffard/Desktop/rob599_mobile_robotics/Homework_3/pioneer_ws/install/pioneer:/home/liam-bouffard/Desktop/rob599_mobile_robotics/Homework_3/pioneer_ws/install/pioneer_interfaces:/home/liam-bouffard/Desktop/rob599_mobile_robotics/Homework_3/pioneer_ws/install/goal_target:/opt/ros/kilted:/home/liam-bouffard/Desktop/rob599_mobile_robotics/Homework_4/pioneer_ws/install/stage:/home/liam-bouffard/Desktop/rob599_mobile_robotics/Homework_4/pioneer_ws/install/pioneer_interfaces:/home/liam-bouffard/Desktop/rob599_mobile_robotics/Homework_4/pioneer_ws/install/goal_target:/home/liam-bouffard/Desktop/rob599_mobile_robotics/Homework_3/pioneer_ws/install/stage_ros2:/home/liam-bouffard/Desktop/rob599_mobile_robotics/Homework_3/pioneer_ws/install/stage:/opt/ros/kilted/opt/gz_sim_vendor:/opt/ros/kilted/opt/gz_sensors_vendor:/opt/ros/kilted/opt/gz_physics_vendor:/opt/ros/kilted/opt/sdformat_vendor:/opt/ros/kilted/opt/gz_gui_vendor:/opt/ros/kilted/opt/gz_transport_vendor:/opt/ros/kilted/opt/gz_rendering_vendor:/opt/ros/kilted/opt/gz_plugin_vendor:/opt/ros/kilted/opt/gz_fuel_tools_vendor:/opt/ros/kilted/opt/gz_msgs_vendor:/opt/ros/kilted/opt/gz_common_vendor:/opt/ros/kilted/opt/gz_math_vendor:/opt/ros/kilted/opt/gz_utils_vendor:/opt/ros/kilted/opt/gz_tools_vendor:/opt/ros/kilted/opt/gz_ogre_next_vendor:/opt/ros/kilted/opt/gz_dartsim_vendor:/opt/ros/kilted/opt/gz_cmake_vendor DEBUGINFOD_URLS=https://debuginfod.ubuntu.com /usr/bin/cmake --build /home/liam-bouffard/Desktop/rob599_mobile_robotics/Homework_4/pioneer_ws/build/goal_target -- -j32 -l32
[0.057s] [  2%] Built target goal_target__rosidl_generator_type_description
[0.066s] [  2%] Built target ament_cmake_python_symlink_goal_target
[0.077s] [  5%] Built target goal_target__cpp
[0.079s] [ 20%] Built target goal_target__rosidl_generator_c
[0.104s] [ 29%] Built target goal_target__rosidl_typesupport_fastrtps_c
[0.107s] [ 38%] Built target goal_target__rosidl_typesupport_introspection_cpp
[0.108s] [ 47%] Built target goal_target__rosidl_typesupport_c
[0.109s] [ 55%] Built target goal_target__rosidl_typesupport_fastrtps_cpp
[0.109s] [ 70%] Built target goal_target__rosidl_typesupport_cpp
[0.110s] [ 73%] Built target goal_target__rosidl_typesupport_introspection_c
[0.126s] [ 73%] Built target goal_target
[0.144s] [ 76%] Built target goal_target__py
[0.169s] [ 82%] Built target goal_target__rosidl_generator_py
[0.192s] [ 88%] Built target goal_target_s__rosidl_typesupport_c
[0.193s] [100%] Built target goal_target_s__rosidl_typesupport_introspection_c
[0.193s] [100%] Built target goal_target_s__rosidl_typesupport_fastrtps_c
[0.270s] running egg_info
[0.287s] writing goal_target.egg-info/PKG-INFO
[0.288s] writing dependency_links to goal_target.egg-info/dependency_links.txt
[0.288s] writing top-level names to goal_target.egg-info/top_level.txt
[0.340s] reading manifest file 'goal_target.egg-info/SOURCES.txt'
[0.341s] writing manifest file 'goal_target.egg-info/SOURCES.txt'
[0.362s] [100%] Built target ament_cmake_python_build_goal_target_egg
[0.374s] Invoked command in '/home/liam-bouffard/Desktop/rob599_mobile_robotics/Homework_4/pioneer_ws/build/goal_target' returned '0': CMAKE_PREFIX_PATH=/home/liam-bouffard/Desktop/rob599_mobile_robotics/Homework_4/pioneer_ws/install/stage_ros2:/home/liam-bouffard/Desktop/rob599_mobile_robotics/Homework_4/pioneer_ws/install/pioneer:/home/liam-bouffard/Desktop/rob599_mobile_robotics/Homework_3/pioneer_ws/install/start_robot:/home/liam-bouffard/Desktop/rob599_mobile_robotics/Homework_3/pioneer_ws/install/pioneer:/home/liam-bouffard/Desktop/rob599_mobile_robotics/Homework_3/pioneer_ws/install/pioneer_interfaces:/home/liam-bouffard/Desktop/rob599_mobile_robotics/Homework_3/pioneer_ws/install/goal_target:/opt/ros/kilted:/home/liam-bouffard/Desktop/rob599_mobile_robotics/Homework_4/pioneer_ws/install/stage:/home/liam-bouffard/Desktop/rob599_mobile_robotics/Homework_4/pioneer_ws/install/pioneer_interfaces:/home/liam-bouffard/Desktop/rob599_mobile_robotics/Homework_4/pioneer_ws/install/goal_target:/home/liam-bouffard/Desktop/rob599_mobile_robotics/Homework_3/pioneer_ws/install/stage_ros2:/home/liam-bouffard/Desktop/rob599_mobile_robotics/Homework_3/pioneer_ws/install/stage:/opt/ros/kilted/opt/gz_sim_vendor:/opt/ros/kilted/opt/gz_sensors_vendor:/opt/ros/kilted/opt/gz_physics_vendor:/opt/ros/kilted/opt/sdformat_vendor:/opt/ros/kilted/opt/gz_gui_vendor:/opt/ros/kilted/opt/gz_transport_vendor:/opt/ros/kilted/opt/gz_rendering_vendor:/opt/ros/kilted/opt/gz_plugin_vendor:/opt/ros/kilted/opt/gz_fuel_tools_vendor:/opt/ros/kilted/opt/gz_msgs_vendor:/opt/ros/kilted/opt/gz_common_vendor:/opt/ros/kilted/opt/gz_math_vendor:/opt/ros/kilted/opt/gz_utils_vendor:/opt/ros/kilted/opt/gz_tools_vendor:/opt/ros/kilted/opt/gz_ogre_next_vendor:/opt/ros/kilted/opt/gz_dartsim_vendor:/opt/ros/kilted/opt/gz_cmake_vendor DEBUGINFOD_URLS=https://debuginfod.ubuntu.com /usr/bin/cmake --build /home/liam-bouffard/Desktop/rob599_mobile_robotics/Homework_4/pioneer_ws/build/goal_target -- -j32 -l32
[0.375s] Invoking command in '/home/liam-bouffard/Desktop/rob599_mobile_robotics/Homework_4/pioneer_ws/build/goal_target': CMAKE_PREFIX_PATH=/home/liam-bouffard/Desktop/rob599_mobile_robotics/Homework_4/pioneer_ws/install/stage_ros2:/home/liam-bouffard/Desktop/rob599_mobile_robotics/Homework_4/pioneer_ws/install/pioneer:/home/liam-bouffard/Desktop/rob599_mobile_robotics/Homework_3/pioneer_ws/install/start_robot:/home/liam-bouffard/Desktop/rob599_mobile_robotics/Homework_3/pioneer_ws/install/pioneer:/home/liam-bouffard/Desktop/rob599_mobile_robotics/Homework_3/pioneer_ws/install/pioneer_interfaces:/home/liam-bouffard/Desktop/rob599_mobile_robotics/Homework_3/pioneer_ws/install/goal_target:/opt/ros/kilted:/home/liam-bouffard/Desktop/rob599_mobile_robotics/Homework_4/pioneer_ws/install/stage:/home/liam-bouffard/Desktop/rob599_mobile_robotics/Homework_4/pioneer_ws/install/pioneer_interfaces:/home/liam-bouffard/Desktop/rob599_mobile_robotics/Homework_4/pioneer_ws/install/goal_target:/home/liam-bouffard/Desktop/rob599_mobile_robotics/Homework_3/pioneer_ws/install/stage_ros2:/home/liam-bouffard/Desktop/rob599_mobile_robotics/Homework_3/pioneer_ws/install/stage:/opt/ros/kilted/opt/gz_sim_vendor:/opt/ros/kilted/opt/gz_sensors_vendor:/opt/ros/kilted/opt/gz_physics_vendor:/opt/ros/kilted/opt/sdformat_vendor:/opt/ros/kilted/opt/gz_gui_vendor:/opt/ros/kilted/opt/gz_transport_vendor:/opt/ros/kilted/opt/gz_rendering_vendor:/opt/ros/kilted/opt/gz_plugin_vendor:/opt/ros/kilted/opt/gz_fuel_tools_vendor:/opt/ros/kilted/opt/gz_msgs_vendor:/opt/ros/kilted/opt/gz_common_vendor:/opt/ros/kilted/opt/gz_math_vendor:/opt/ros/kilted/opt/gz_utils_vendor:/opt/ros/kilted/opt/gz_tools_vendor:/opt/ros/kilted/opt/gz_ogre_next_vendor:/opt/ros/kilted/opt/gz_dartsim_vendor:/opt/ros/kilted/opt/gz_cmake_vendor DEBUGINFOD_URLS=https://debuginfod.ubuntu.com /usr/bin/cmake --install /home/liam-bouffard/Desktop/rob599_mobile_robotics/Homework_4/pioneer_ws/build/goal_target
[0.380s] -- Install configuration: ""
[0.381s] -- Execute custom install script
[0.381s] -- Up-to-date symlink: /home/liam-bouffard/Desktop/rob599_mobile_robotics/Homework_4/pioneer_ws/install/goal_target/share/ament_index/resource_index/rosidl_interfaces/goal_target
[0.381s] -- Up-to-date symlink: /home/liam-bouffard/Desktop/rob599_mobile_robotics/Homework_4/pioneer_ws/install/goal_target/share/goal_target/action/GoalTarget.json
[0.381s] -- Up-to-date symlink: /home/liam-bouffard/Desktop/rob599_mobile_robotics/Homework_4/pioneer_ws/install/goal_target/include/goal_target/goal_target/action/detail/goal_target__functions.h
[0.381s] -- Up-to-date symlink: /home/liam-bouffard/Desktop/rob599_mobile_robotics/Homework_4/pioneer_ws/install/goal_target/include/goal_target/goal_target/action/detail/goal_target__struct.h
[0.382s] -- Up-to-date symlink: /home/liam-bouffard/Desktop/rob599_mobile_robotics/Homework_4/pioneer_ws/install/goal_target/include/goal_target/goal_target/action/detail/goal_target__type_support.h
[0.382s] -- Up-to-date symlink: /home/liam-bouffard/Desktop/rob599_mobile_robotics/Homework_4/pioneer_ws/install/goal_target/include/goal_target/goal_target/action/goal_target.h
[0.382s] -- Up-to-date symlink: /home/liam-bouffard/Desktop/rob599_mobile_robotics/Homework_4/pioneer_ws/install/goal_target/include/goal_target/goal_target/msg/rosidl_generator_c__visibility_control.h
[0.382s] -- Up-to-date symlink: /home/liam-bouffard/Desktop/rob599_mobile_robotics/Homework_4/pioneer_ws/install/goal_target/share/goal_target/environment/library_path.sh
[0.382s] -- Up-to-date symlink: /home/liam-bouffard/Desktop/rob599_mobile_robotics/Homework_4/pioneer_ws/install/goal_target/share/goal_target/environment/library_path.dsv
[0.382s] -- Up-to-date symlink: /home/liam-bouffard/Desktop/rob599_mobile_robotics/Homework_4/pioneer_ws/install/goal_target/include/goal_target/goal_target/action/detail/goal_target__rosidl_typesupport_fastrtps_c.h
[0.382s] -- Up-to-date symlink: /home/liam-bouffard/Desktop/rob599_mobile_robotics/Homework_4/pioneer_ws/install/goal_target/include/goal_target/goal_target/msg/rosidl_typesupport_fastrtps_c__visibility_control.h
[0.382s] -- Up-to-date symlink: /home/liam-bouffard/Desktop/rob599_mobile_robotics/Homework_4/pioneer_ws/install/goal_target/include/goal_target/goal_target/action/detail/goal_target__rosidl_typesupport_introspection_c.h
[0.382s] -- Up-to-date symlink: /home/liam-bouffard/Desktop/rob599_mobile_robotics/Homework_4/pioneer_ws/install/goal_target/include/goal_target/goal_target/msg/rosidl_typesupport_introspection_c__visibility_control.h
[0.383s] -- Up-to-date symlink: /home/liam-bouffard/Desktop/rob599_mobile_robotics/Homework_4/pioneer_ws/install/goal_target/include/goal_target/goal_target/action/detail/goal_target__builder.hpp
[0.383s] -- Up-to-date symlink: /home/liam-bouffard/Desktop/rob599_mobile_robotics/Homework_4/pioneer_ws/install/goal_target/include/goal_target/goal_target/action/detail/goal_target__struct.hpp
[0.383s] -- Up-to-date symlink: /home/liam-bouffard/Desktop/rob599_mobile_robotics/Homework_4/pioneer_ws/install/goal_target/include/goal_target/goal_target/action/detail/goal_target__traits.hpp
[0.383s] -- Up-to-date symlink: /home/liam-bouffard/Desktop/rob599_mobile_robotics/Homework_4/pioneer_ws/install/goal_target/include/goal_target/goal_target/action/detail/goal_target__type_support.hpp
[0.383s] -- Up-to-date symlink: /home/liam-bouffard/Desktop/rob599_mobile_robotics/Homework_4/pioneer_ws/install/goal_target/include/goal_target/goal_target/action/goal_target.hpp
[0.383s] -- Up-to-date symlink: /home/liam-bouffard/Desktop/rob599_mobile_robotics/Homework_4/pioneer_ws/install/goal_target/include/goal_target/goal_target/msg/rosidl_generator_cpp__visibility_control.hpp
[0.383s] -- Up-to-date symlink: /home/liam-bouffard/Desktop/rob599_mobile_robotics/Homework_4/pioneer_ws/install/goal_target/include/goal_target/goal_target/action/detail/goal_target__rosidl_typesupport_fastrtps_cpp.hpp
[0.383s] -- Up-to-date symlink: /home/liam-bouffard/Desktop/rob599_mobile_robotics/Homework_4/pioneer_ws/install/goal_target/include/goal_target/goal_target/msg/rosidl_typesupport_fastrtps_cpp__visibility_control.h
[0.384s] -- Up-to-date symlink: /home/liam-bouffard/Desktop/rob599_mobile_robotics/Homework_4/pioneer_ws/install/goal_target/include/goal_target/goal_target/action/detail/goal_target__rosidl_typesupport_introspection_cpp.hpp
[0.384s] -- Up-to-date symlink: /home/liam-bouffard/Desktop/rob599_mobile_robotics/Homework_4/pioneer_ws/install/goal_target/share/goal_target/environment/pythonpath.sh
[0.384s] -- Up-to-date symlink: /home/liam-bouffard/Desktop/rob599_mobile_robotics/Homework_4/pioneer_ws/install/goal_target/share/goal_target/environment/pythonpath.dsv
[0.384s] -- Up-to-date symlink: /home/liam-bouffard/Desktop/rob599_mobile_robotics/Homework_4/pioneer_ws/install/goal_target/lib/python3.12/site-packages/goal_target-0.0.0-py3.12.egg-info/PKG-INFO
[0.384s] -- Up-to-date symlink: /home/liam-bouffard/Desktop/rob599_mobile_robotics/Homework_4/pioneer_ws/install/goal_target/lib/python3.12/site-packages/goal_target-0.0.0-py3.12.egg-info/SOURCES.txt
[0.384s] -- Up-to-date symlink: /home/liam-bouffard/Desktop/rob599_mobile_robotics/Homework_4/pioneer_ws/install/goal_target/lib/python3.12/site-packages/goal_target-0.0.0-py3.12.egg-info/dependency_links.txt
[0.384s] -- Up-to-date symlink: /home/liam-bouffard/Desktop/rob599_mobile_robotics/Homework_4/pioneer_ws/install/goal_target/lib/python3.12/site-packages/goal_target-0.0.0-py3.12.egg-info/top_level.txt
[0.385s] -- Up-to-date symlink: /home/liam-bouffard/Desktop/rob599_mobile_robotics/Homework_4/pioneer_ws/install/goal_target/lib/python3.12/site-packages/goal_target/__init__.py
[0.385s] -- Up-to-date symlink: /home/liam-bouffard/Desktop/rob599_mobile_robotics/Homework_4/pioneer_ws/install/goal_target/lib/python3.12/site-packages/goal_target/_goal_target_s.ep.rosidl_typesupport_c.c
[0.385s] -- Up-to-date symlink: /home/liam-bouffard/Desktop/rob599_mobile_robotics/Homework_4/pioneer_ws/install/goal_target/lib/python3.12/site-packages/goal_target/_goal_target_s.ep.rosidl_typesupport_fastrtps_c.c
[0.385s] -- Up-to-date symlink: /home/liam-bouffard/Desktop/rob599_mobile_robotics/Homework_4/pioneer_ws/install/goal_target/lib/python3.12/site-packages/goal_target/_goal_target_s.ep.rosidl_typesupport_introspection_c.c
[0.385s] -- Up-to-date symlink: /home/liam-bouffard/Desktop/rob599_mobile_robotics/Homework_4/pioneer_ws/install/goal_target/lib/python3.12/site-packages/goal_target/action/__init__.py
[0.386s] -- Up-to-date symlink: /home/liam-bouffard/Desktop/rob599_mobile_robotics/Homework_4/pioneer_ws/install/goal_target/lib/python3.12/site-packages/goal_target/action/_goal_target.py
[0.386s] -- Up-to-date symlink: /home/liam-bouffard/Desktop/rob599_mobile_robotics/Homework_4/pioneer_ws/install/goal_target/lib/python3.12/site-packages/goal_target/action/_goal_target_s.c
[0.386s] -- Up-to-date symlink: /home/liam-bouffard/Desktop/rob599_mobile_robotics/Homework_4/pioneer_ws/install/goal_target/lib/python3.12/site-packages/goal_target/goal_target_s__rosidl_typesupport_c.so
[0.386s] -- Up-to-date symlink: /home/liam-bouffard/Desktop/rob599_mobile_robotics/Homework_4/pioneer_ws/install/goal_target/lib/python3.12/site-packages/goal_target/goal_target_s__rosidl_typesupport_fastrtps_c.so
[0.386s] -- Up-to-date symlink: /home/liam-bouffard/Desktop/rob599_mobile_robotics/Homework_4/pioneer_ws/install/goal_target/lib/python3.12/site-packages/goal_target/goal_target_s__rosidl_typesupport_introspection_c.so
[0.386s] -- Up-to-date symlink: /home/liam-bouffard/Desktop/rob599_mobile_robotics/Homework_4/pioneer_ws/install/goal_target/lib/python3.12/site-packages/goal_target/goal_target_s__rosidl_typesupport_fastrtps_c.so
[0.386s] -- Up-to-date symlink: /home/liam-bouffard/Desktop/rob599_mobile_robotics/Homework_4/pioneer_ws/install/goal_target/lib/python3.12/site-packages/goal_target/goal_target_s__rosidl_typesupport_introspection_c.so
[0.387s] -- Up-to-date symlink: /home/liam-bouffard/Desktop/rob599_mobile_robotics/Homework_4/pioneer_ws/install/goal_target/lib/python3.12/site-packages/goal_target/goal_target_s__rosidl_typesupport_c.so
[0.387s] -- Up-to-date symlink: /home/liam-bouffard/Desktop/rob599_mobile_robotics/Homework_4/pioneer_ws/install/goal_target/share/goal_target/action/GoalTarget.idl
[0.387s] -- Up-to-date symlink: /home/liam-bouffard/Desktop/rob599_mobile_robotics/Homework_4/pioneer_ws/install/goal_target/share/goal_target/action/GoalTarget.action
[0.387s] -- Up-to-date symlink: /home/liam-bouffard/Desktop/rob599_mobile_robotics/Homework_4/pioneer_ws/install/goal_target/share/ament_index/resource_index/package_run_dependencies/goal_target
[0.387s] -- Up-to-date symlink: /home/liam-bouffard/Desktop/rob599_mobile_robotics/Homework_4/pioneer_ws/install/goal_target/share/ament_index/resource_index/parent_prefix_path/goal_target
[0.387s] -- Up-to-date symlink: /home/liam-bouffard/Desktop/rob599_mobile_robotics/Homework_4/pioneer_ws/install/goal_target/share/goal_target/environment/ament_prefix_path.sh
[0.387s] -- Up-to-date symlink: /home/liam-bouffard/Desktop/rob599_mobile_robotics/Homework_4/pioneer_ws/install/goal_target/share/goal_target/environment/ament_prefix_path.dsv
[0.387s] -- Up-to-date symlink: /home/liam-bouffard/Desktop/rob599_mobile_robotics/Homework_4/pioneer_ws/install/goal_target/share/goal_target/environment/path.sh
[0.387s] -- Up-to-date symlink: /home/liam-bouffard/Desktop/rob599_mobile_robotics/Homework_4/pioneer_ws/install/goal_target/share/goal_target/environment/path.dsv
[0.387s] -- Up-to-date symlink: /home/liam-bouffard/Desktop/rob599_mobile_robotics/Homework_4/pioneer_ws/install/goal_target/share/goal_target/local_setup.bash
[0.387s] -- Up-to-date symlink: /home/liam-bouffard/Desktop/rob599_mobile_robotics/Homework_4/pioneer_ws/install/goal_target/share/goal_target/local_setup.sh
[0.387s] -- Up-to-date symlink: /home/liam-bouffard/Desktop/rob599_mobile_robotics/Homework_4/pioneer_ws/install/goal_target/share/goal_target/local_setup.zsh
[0.388s] -- Up-to-date symlink: /home/liam-bouffard/Desktop/rob599_mobile_robotics/Homework_4/pioneer_ws/install/goal_target/share/goal_target/local_setup.dsv
[0.388s] -- Symlinking: /home/liam-bouffard/Desktop/rob599_mobile_robotics/Homework_4/pioneer_ws/install/goal_target/share/goal_target/package.dsv
[0.396s] -- Up-to-date symlink: /home/liam-bouffard/Desktop/rob599_mobile_robotics/Homework_4/pioneer_ws/install/goal_target/share/ament_index/resource_index/packages/goal_target
[0.396s] -- Up-to-date symlink: /home/liam-bouffard/Desktop/rob599_mobile_robotics/Homework_4/pioneer_ws/install/goal_target/share/goal_target/cmake/rosidl_cmake-extras.cmake
[0.396s] -- Up-to-date symlink: /home/liam-bouffard/Desktop/rob599_mobile_robotics/Homework_4/pioneer_ws/install/goal_target/share/goal_target/cmake/ament_cmake_export_dependencies-extras.cmake
[0.397s] -- Up-to-date symlink: /home/liam-bouffard/Desktop/rob599_mobile_robotics/Homework_4/pioneer_ws/install/goal_target/share/goal_target/cmake/ament_cmake_export_include_directories-extras.cmake
[0.397s] -- Up-to-date symlink: /home/liam-bouffard/Desktop/rob599_mobile_robotics/Homework_4/pioneer_ws/install/goal_target/share/goal_target/cmake/ament_cmake_export_libraries-extras.cmake
[0.397s] -- Up-to-date symlink: /home/liam-bouffard/Desktop/rob599_mobile_robotics/Homework_4/pioneer_ws/install/goal_target/share/goal_target/cmake/ament_cmake_export_targets-extras.cmake
[0.397s] -- Up-to-date symlink: /home/liam-bouffard/Desktop/rob599_mobile_robotics/Homework_4/pioneer_ws/install/goal_target/share/goal_target/cmake/rosidl_cmake_export_typesupport_targets-extras.cmake
[0.397s] -- Up-to-date symlink: /home/liam-bouffard/Desktop/rob599_mobile_robotics/Homework_4/pioneer_ws/install/goal_target/share/goal_target/cmake/rosidl_cmake_export_typesupport_libraries-extras.cmake
[0.397s] -- Up-to-date symlink: /home/liam-bouffard/Desktop/rob599_mobile_robotics/Homework_4/pioneer_ws/install/goal_target/share/goal_target/cmake/goal_targetConfig.cmake
[0.397s] -- Up-to-date symlink: /home/liam-bouffard/Desktop/rob599_mobile_robotics/Homework_4/pioneer_ws/install/goal_target/share/goal_target/cmake/goal_targetConfig-version.cmake
[0.397s] -- Up-to-date symlink: /home/liam-bouffard/Desktop/rob599_mobile_robotics/Homework_4/pioneer_ws/install/goal_target/share/goal_target/package.xml
[0.397s] -- Up-to-date: /home/liam-bouffard/Desktop/rob599_mobile_robotics/Homework_4/pioneer_ws/install/goal_target/lib/libgoal_target__rosidl_generator_c.so
[0.397s] -- Up-to-date: /home/liam-bouffard/Desktop/rob599_mobile_robotics/Homework_4/pioneer_ws/install/goal_target/lib/libgoal_target__rosidl_typesupport_fastrtps_c.so
[0.397s] -- Up-to-date: /home/liam-bouffard/Desktop/rob599_mobile_robotics/Homework_4/pioneer_ws/install/goal_target/lib/libgoal_target__rosidl_typesupport_introspection_c.so
[0.397s] -- Up-to-date: /home/liam-bouffard/Desktop/rob599_mobile_robotics/Homework_4/pioneer_ws/install/goal_target/lib/libgoal_target__rosidl_typesupport_c.so
[0.397s] -- Up-to-date: /home/liam-bouffard/Desktop/rob599_mobile_robotics/Homework_4/pioneer_ws/install/goal_target/lib/libgoal_target__rosidl_typesupport_fastrtps_cpp.so
[0.398s] -- Up-to-date: /home/liam-bouffard/Desktop/rob599_mobile_robotics/Homework_4/pioneer_ws/install/goal_target/lib/libgoal_target__rosidl_typesupport_introspection_cpp.so
[0.398s] -- Up-to-date: /home/liam-bouffard/Desktop/rob599_mobile_robotics/Homework_4/pioneer_ws/install/goal_target/lib/libgoal_target__rosidl_typesupport_cpp.so
[0.431s] Listing '/home/liam-bouffard/Desktop/rob599_mobile_robotics/Homework_4/pioneer_ws/install/goal_target/lib/python3.12/site-packages/goal_target'...
[0.431s] Listing '/home/liam-bouffard/Desktop/rob599_mobile_robotics/Homework_4/pioneer_ws/install/goal_target/lib/python3.12/site-packages/goal_target/action'...
[0.435s] -- Up-to-date: /home/liam-bouffard/Desktop/rob599_mobile_robotics/Homework_4/pioneer_ws/install/goal_target/lib/libgoal_target__rosidl_generator_py.so
[0.435s] -- Up-to-date: /home/liam-bouffard/Desktop/rob599_mobile_robotics/Homework_4/pioneer_ws/install/goal_target/share/goal_target/cmake/export_goal_target__rosidl_generator_cExport.cmake
[0.435s] -- Up-to-date: /home/liam-bouffard/Desktop/rob599_mobile_robotics/Homework_4/pioneer_ws/install/goal_target/share/goal_target/cmake/export_goal_target__rosidl_generator_cExport-noconfig.cmake
[0.436s] -- Up-to-date: /home/liam-bouffard/Desktop/rob599_mobile_robotics/Homework_4/pioneer_ws/install/goal_target/share/goal_target/cmake/export_goal_target__rosidl_typesupport_fastrtps_cExport.cmake
[0.436s] -- Up-to-date: /home/liam-bouffard/Desktop/rob599_mobile_robotics/Homework_4/pioneer_ws/install/goal_target/share/goal_target/cmake/export_goal_target__rosidl_typesupport_fastrtps_cExport-noconfig.cmake
[0.436s] -- Up-to-date: /home/liam-bouffard/Desktop/rob599_mobile_robotics/Homework_4/pioneer_ws/install/goal_target/share/goal_target/cmake/goal_target__rosidl_typesupport_introspection_cExport.cmake
[0.436s] -- Up-to-date: /home/liam-bouffard/Desktop/rob599_mobile_robotics/Homework_4/pioneer_ws/install/goal_target/share/goal_target/cmake/goal_target__rosidl_typesupport_introspection_cExport-noconfig.cmake
[0.436s] -- Up-to-date: /home/liam-bouffard/Desktop/rob599_mobile_robotics/Homework_4/pioneer_ws/install/goal_target/share/goal_target/cmake/goal_target__rosidl_typesupport_cExport.cmake
[0.436s] -- Up-to-date: /home/liam-bouffard/Desktop/rob599_mobile_robotics/Homework_4/pioneer_ws/install/goal_target/share/goal_target/cmake/goal_target__rosidl_typesupport_cExport-noconfig.cmake
[0.436s] -- Up-to-date: /home/liam-bouffard/Desktop/rob599_mobile_robotics/Homework_4/pioneer_ws/install/goal_target/share/goal_target/cmake/export_goal_target__rosidl_generator_cppExport.cmake
[0.436s] -- Up-to-date: /home/liam-bouffard/Desktop/rob599_mobile_robotics/Homework_4/pioneer_ws/install/goal_target/share/goal_target/cmake/export_goal_target__rosidl_typesupport_fastrtps_cppExport.cmake
[0.436s] -- Up-to-date: /home/liam-bouffard/Desktop/rob599_mobile_robotics/Homework_4/pioneer_ws/install/goal_target/share/goal_target/cmake/export_goal_target__rosidl_typesupport_fastrtps_cppExport-noconfig.cmake
[0.437s] -- Up-to-date: /home/liam-bouffard/Desktop/rob599_mobile_robotics/Homework_4/pioneer_ws/install/goal_target/share/goal_target/cmake/goal_target__rosidl_typesupport_introspection_cppExport.cmake
[0.437s] -- Up-to-date: /home/liam-bouffard/Desktop/rob599_mobile_robotics/Homework_4/pioneer_ws/install/goal_target/share/goal_target/cmake/goal_target__rosidl_typesupport_introspection_cppExport-noconfig.cmake
[0.437s] -- Up-to-date: /home/liam-bouffard/Desktop/rob599_mobile_robotics/Homework_4/pioneer_ws/install/goal_target/share/goal_target/cmake/goal_target__rosidl_typesupport_cppExport.cmake
[0.438s] -- Up-to-date: /home/liam-bouffard/Desktop/rob599_mobile_robotics/Homework_4/pioneer_ws/install/goal_target/share/goal_target/cmake/goal_target__rosidl_typesupport_cppExport-noconfig.cmake
[0.438s] -- Up-to-date: /home/liam-bouffard/Desktop/rob599_mobile_robotics/Homework_4/pioneer_ws/install/goal_target/share/goal_target/cmake/export_goal_target__rosidl_generator_pyExport.cmake
[0.438s] -- Up-to-date: /home/liam-bouffard/Desktop/rob599_mobile_robotics/Homework_4/pioneer_ws/install/goal_target/share/goal_target/cmake/export_goal_target__rosidl_generator_pyExport-noconfig.cmake
[0.438s] Invoked command in '/home/liam-bouffard/Desktop/rob599_mobile_robotics/Homework_4/pioneer_ws/build/goal_target' returned '0': CMAKE_PREFIX_PATH=/home/liam-bouffard/Desktop/rob599_mobile_robotics/Homework_4/pioneer_ws/install/stage_ros2:/home/liam-bouffard/Desktop/rob599_mobile_robotics/Homework_4/pioneer_ws/install/pioneer:/home/liam-bouffard/Desktop/rob599_mobile_robotics/Homework_3/pioneer_ws/install/start_robot:/home/liam-bouffard/Desktop/rob599_mobile_robotics/Homework_3/pioneer_ws/install/pioneer:/home/liam-bouffard/Desktop/rob599_mobile_robotics/Homework_3/pioneer_ws/install/pioneer_interfaces:/home/liam-bouffard/Desktop/rob599_mobile_robotics/Homework_3/pioneer_ws/install/goal_target:/opt/ros/kilted:/home/liam-bouffard/Desktop/rob599_mobile_robotics/Homework_4/pioneer_ws/install/stage:/home/liam-bouffard/Desktop/rob599_mobile_robotics/Homework_4/pioneer_ws/install/pioneer_interfaces:/home/liam-bouffard/Desktop/rob599_mobile_robotics/Homework_4/pioneer_ws/install/goal_target:/home/liam-bouffard/Desktop/rob599_mobile_robotics/Homework_3/pioneer_ws/install/stage_ros2:/home/liam-bouffard/Desktop/rob599_mobile_robotics/Homework_3/pioneer_ws/install/stage:/opt/ros/kilted/opt/gz_sim_vendor:/opt/ros/kilted/opt/gz_sensors_vendor:/opt/ros/kilted/opt/gz_physics_vendor:/opt/ros/kilted/opt/sdformat_vendor:/opt/ros/kilted/opt/gz_gui_vendor:/opt/ros/kilted/opt/gz_transport_vendor:/opt/ros/kilted/opt/gz_rendering_vendor:/opt/ros/kilted/opt/gz_plugin_vendor:/opt/ros/kilted/opt/gz_fuel_tools_vendor:/opt/ros/kilted/opt/gz_msgs_vendor:/opt/ros/kilted/opt/gz_common_vendor:/opt/ros/kilted/opt/gz_math_vendor:/opt/ros/kilted/opt/gz_utils_vendor:/opt/ros/kilted/opt/gz_tools_vendor:/opt/ros/kilted/opt/gz_ogre_next_vendor:/opt/ros/kilted/opt/gz_dartsim_vendor:/opt/ros/kilted/opt/gz_cmake_vendor DEBUGINFOD_URLS=https://debuginfod.ubuntu.com /usr/bin/cmake --install /home/liam-bouffard/Desktop/rob599_mobile_robotics/Homework_4/pioneer_ws/build/goal_target
