[0.011s] Invoking command in '/home/liam-bouffard/Desktop/rob599_mobile_robotics/Homework_3/pioneer_ws/build/pioneer_interfaces': CMAKE_PREFIX_PATH=${CMAKE_PREFIX_PATH}:/home/liam-bouffard/Desktop/rob599_mobile_robotics/Homework_3/pioneer_ws/install/start_robot:/home/liam-bouffard/Desktop/rob599_mobile_robotics/Homework_3/pioneer_ws/install/pioneer:/opt/ros/kilted DEBUGINFOD_URLS=https://debuginfod.ubuntu.com /usr/bin/cmake /home/liam-bouffard/Desktop/rob599_mobile_robotics/Homework_3/pioneer_ws/src/pioneer_interfaces -DAMENT_CMAKE_SYMLINK_INSTALL=1 -DCMAKE_INSTALL_PREFIX=/home/liam-bouffard/Desktop/rob599_mobile_robotics/Homework_3/pioneer_ws/install/pioneer_interfaces
[0.062s] -- The C compiler identification is GNU 13.3.0
[0.108s] -- The CXX compiler identification is GNU 13.3.0
[0.121s] -- Detecting C compiler ABI info
[0.193s] -- Detecting C compiler ABI info - done
[0.200s] -- Check for working C compiler: /usr/bin/cc - skipped
[0.200s] -- Detecting C compile features
[0.200s] -- Detecting C compile features - done
[0.209s] -- Detecting CXX compiler ABI info
[0.292s] -- Detecting CXX compiler ABI info - done
[0.302s] -- Check for working CXX compiler: /usr/bin/c++ - skipped
[0.302s] -- Detecting CXX compile features
[0.303s] -- Detecting CXX compile features - done
[0.305s] -- Found ament_cmake: 2.7.4 (/opt/ros/kilted/share/ament_cmake/cmake)
[0.428s] -- Found Python3: /usr/bin/python3 (found version "3.12.3") found components: Interpreter 
[0.480s] -- Override CMake install command with custom implementation using symlinks instead of copying resources
[0.512s] -- Found rosidl_default_generators: 1.7.1 (/opt/ros/kilted/share/rosidl_default_generators/cmake)
[0.517s] -- Using all available rosidl_typesupport_c: rosidl_typesupport_fastrtps_c;rosidl_typesupport_introspection_c
[0.554s] -- Using all available rosidl_typesupport_cpp: rosidl_typesupport_fastrtps_cpp;rosidl_typesupport_introspection_cpp
[0.590s] -- Found rosidl_adapter: 4.9.6 (/opt/ros/kilted/share/rosidl_adapter/cmake)
[0.593s] -- Found rosidl_default_runtime: 1.7.1 (/opt/ros/kilted/share/rosidl_default_runtime/cmake)
[0.598s] -- Found nav_msgs: 5.5.1 (/opt/ros/kilted/share/nav_msgs/cmake)
[1.183s] -- Found ament_cmake_ros_core: 0.14.7 (/opt/ros/kilted/share/ament_cmake_ros_core/cmake)
[2.111s] -- Using all available rosidl_typesupport_c: rosidl_typesupport_fastrtps_c;rosidl_typesupport_introspection_c
[2.728s] -- Using all available rosidl_typesupport_cpp: rosidl_typesupport_fastrtps_cpp;rosidl_typesupport_introspection_cpp
[3.064s] -- Found Python3: /usr/bin/python3 (found version "3.12.3") found components: Interpreter Development NumPy Development.Module Development.Embed 
[3.119s] -- Configuring done (3.1s)
[3.148s] -- Generating done (0.0s)
[3.156s] -- Build files have been written to: /home/liam-bouffard/Desktop/rob599_mobile_robotics/Homework_3/pioneer_ws/build/pioneer_interfaces
[3.164s] Invoked command in '/home/liam-bouffard/Desktop/rob599_mobile_robotics/Homework_3/pioneer_ws/build/pioneer_interfaces' returned '0': CMAKE_PREFIX_PATH=${CMAKE_PREFIX_PATH}:/home/liam-bouffard/Desktop/rob599_mobile_robotics/Homework_3/pioneer_ws/install/start_robot:/home/liam-bouffard/Desktop/rob599_mobile_robotics/Homework_3/pioneer_ws/install/pioneer:/opt/ros/kilted DEBUGINFOD_URLS=https://debuginfod.ubuntu.com /usr/bin/cmake /home/liam-bouffard/Desktop/rob599_mobile_robotics/Homework_3/pioneer_ws/src/pioneer_interfaces -DAMENT_CMAKE_SYMLINK_INSTALL=1 -DCMAKE_INSTALL_PREFIX=/home/liam-bouffard/Desktop/rob599_mobile_robotics/Homework_3/pioneer_ws/install/pioneer_interfaces
[3.165s] Invoking command in '/home/liam-bouffard/Desktop/rob599_mobile_robotics/Homework_3/pioneer_ws/build/pioneer_interfaces': CMAKE_PREFIX_PATH=${CMAKE_PREFIX_PATH}:/home/liam-bouffard/Desktop/rob599_mobile_robotics/Homework_3/pioneer_ws/install/start_robot:/home/liam-bouffard/Desktop/rob599_mobile_robotics/Homework_3/pioneer_ws/install/pioneer:/opt/ros/kilted DEBUGINFOD_URLS=https://debuginfod.ubuntu.com /usr/bin/cmake --build /home/liam-bouffard/Desktop/rob599_mobile_robotics/Homework_3/pioneer_ws/build/pioneer_interfaces -- -j32 -l32
[3.212s] [  2%] [34m[1mGenerating type hashes for ROS interfaces[0m
[3.223s] [  2%] Built target ament_cmake_python_symlink_pioneer_interfaces
[3.388s] [  2%] Built target pioneer_interfaces__rosidl_generator_type_description
[3.399s] [  4%] [34m[1mGenerating C code for ROS interfaces[0m
[3.412s] [  6%] [34m[1mGenerating C++ code for ROS interfaces[0m
[3.519s] running egg_info
[3.519s] creating pioneer_interfaces.egg-info
[3.552s] writing pioneer_interfaces.egg-info/PKG-INFO
[3.552s] writing dependency_links to pioneer_interfaces.egg-info/dependency_links.txt
[3.552s] writing top-level names to pioneer_interfaces.egg-info/top_level.txt
[3.552s] writing manifest file 'pioneer_interfaces.egg-info/SOURCES.txt'
[3.650s] reading manifest file 'pioneer_interfaces.egg-info/SOURCES.txt'
[3.650s] writing manifest file 'pioneer_interfaces.egg-info/SOURCES.txt'
[3.678s] [  6%] Built target ament_cmake_python_build_pioneer_interfaces_egg
[3.709s] [ 11%] [32mBuilding C object CMakeFiles/pioneer_interfaces__rosidl_generator_c.dir/rosidl_generator_c/pioneer_interfaces/srv/detail/getpoints__description.c.o[0m
[3.709s] [ 11%] [32mBuilding C object CMakeFiles/pioneer_interfaces__rosidl_generator_c.dir/rosidl_generator_c/pioneer_interfaces/srv/detail/savemap__functions.c.o[0m
[3.711s] [ 13%] [32mBuilding C object CMakeFiles/pioneer_interfaces__rosidl_generator_c.dir/rosidl_generator_c/pioneer_interfaces/srv/detail/savemap__description.c.o[0m
[3.711s] [ 15%] [32mBuilding C object CMakeFiles/pioneer_interfaces__rosidl_generator_c.dir/rosidl_generator_c/pioneer_interfaces/srv/detail/savemap__type_support.c.o[0m
[3.711s] [ 18%] [32mBuilding C object CMakeFiles/pioneer_interfaces__rosidl_generator_c.dir/rosidl_generator_c/pioneer_interfaces/srv/detail/getpoints__functions.c.o[0m
[3.711s] [ 20%] [32mBuilding C object CMakeFiles/pioneer_interfaces__rosidl_generator_c.dir/rosidl_generator_c/pioneer_interfaces/srv/detail/getpoints__type_support.c.o[0m
[3.772s] [ 22%] [32m[1mLinking C shared library libpioneer_interfaces__rosidl_generator_c.so[0m
[3.797s] [ 22%] Built target pioneer_interfaces__cpp
[3.805s] [ 22%] Built target pioneer_interfaces__rosidl_generator_c
[3.813s] [ 27%] [34m[1mGenerating C type support dispatch for ROS interfaces[0m
[3.813s] [ 27%] [34m[1mGenerating C type support for eProsima Fast-RTPS[0m
[3.813s] [ 29%] [34m[1mGenerating C++ introspection for ROS interfaces[0m
[3.814s] [ 31%] [34m[1mGenerating C++ type support for eProsima Fast-RTPS[0m
[3.815s] [ 34%] [34m[1mGenerating C++ type support dispatch for ROS interfaces[0m
[3.816s] [ 36%] [34m[1mGenerating C introspection for ROS interfaces[0m
[4.022s] [ 40%] [32mBuilding CXX object CMakeFiles/pioneer_interfaces__rosidl_typesupport_c.dir/rosidl_typesupport_c/pioneer_interfaces/srv/savemap__type_support.cpp.o[0m
[4.022s] [ 40%] [32mBuilding CXX object CMakeFiles/pioneer_interfaces__rosidl_typesupport_c.dir/rosidl_typesupport_c/pioneer_interfaces/srv/getpoints__type_support.cpp.o[0m
[4.022s] [ 45%] [32mBuilding CXX object CMakeFiles/pioneer_interfaces__rosidl_typesupport_cpp.dir/rosidl_typesupport_cpp/pioneer_interfaces/srv/savemap__type_support.cpp.o[0m
[4.023s] [ 45%] [32mBuilding CXX object CMakeFiles/pioneer_interfaces__rosidl_typesupport_cpp.dir/rosidl_typesupport_cpp/pioneer_interfaces/srv/getpoints__type_support.cpp.o[0m
[4.034s] [ 47%] [32mBuilding CXX object CMakeFiles/pioneer_interfaces__rosidl_typesupport_introspection_cpp.dir/rosidl_typesupport_introspection_cpp/pioneer_interfaces/srv/detail/savemap__type_support.cpp.o[0m
[4.034s] [ 50%] [32mBuilding CXX object CMakeFiles/pioneer_interfaces__rosidl_typesupport_introspection_cpp.dir/rosidl_typesupport_introspection_cpp/pioneer_interfaces/srv/detail/getpoints__type_support.cpp.o[0m
[4.042s] [ 52%] [32mBuilding C object CMakeFiles/pioneer_interfaces__rosidl_typesupport_introspection_c.dir/rosidl_typesupport_introspection_c/pioneer_interfaces/srv/detail/getpoints__type_support.c.o[0m
[4.043s] [ 54%] [32mBuilding C object CMakeFiles/pioneer_interfaces__rosidl_typesupport_introspection_c.dir/rosidl_typesupport_introspection_c/pioneer_interfaces/srv/detail/savemap__type_support.c.o[0m
[4.070s] [ 56%] [32m[1mLinking CXX shared library libpioneer_interfaces__rosidl_typesupport_c.so[0m
[4.090s] [ 61%] [32mBuilding CXX object CMakeFiles/pioneer_interfaces__rosidl_typesupport_fastrtps_cpp.dir/rosidl_typesupport_fastrtps_cpp/pioneer_interfaces/srv/detail/dds_fastrtps/savemap__type_support.cpp.o[0m
[4.090s] [ 61%] [32mBuilding CXX object CMakeFiles/pioneer_interfaces__rosidl_typesupport_fastrtps_c.dir/rosidl_typesupport_fastrtps_c/pioneer_interfaces/srv/detail/savemap__type_support_c.cpp.o[0m
[4.090s] [ 63%] [32mBuilding CXX object CMakeFiles/pioneer_interfaces__rosidl_typesupport_fastrtps_c.dir/rosidl_typesupport_fastrtps_c/pioneer_interfaces/srv/detail/getpoints__type_support_c.cpp.o[0m
[4.090s] [ 65%] [32mBuilding CXX object CMakeFiles/pioneer_interfaces__rosidl_typesupport_fastrtps_cpp.dir/rosidl_typesupport_fastrtps_cpp/pioneer_interfaces/srv/detail/dds_fastrtps/getpoints__type_support.cpp.o[0m
[4.091s] [ 68%] [32m[1mLinking C shared library libpioneer_interfaces__rosidl_typesupport_introspection_c.so[0m
[4.111s] [ 68%] Built target pioneer_interfaces__rosidl_typesupport_c
[4.124s] [ 68%] Built target pioneer_interfaces__rosidl_typesupport_introspection_c
[4.285s] [ 70%] [32m[1mLinking CXX shared library libpioneer_interfaces__rosidl_typesupport_cpp.so[0m
[4.342s] [ 70%] Built target pioneer_interfaces__rosidl_typesupport_cpp
[4.356s] [ 72%] [32m[1mLinking CXX shared library libpioneer_interfaces__rosidl_typesupport_introspection_cpp.so[0m
[4.433s] [ 72%] Built target pioneer_interfaces__rosidl_typesupport_introspection_cpp
[4.562s] [ 75%] [32m[1mLinking CXX shared library libpioneer_interfaces__rosidl_typesupport_fastrtps_c.so[0m
[4.610s] [ 75%] Built target pioneer_interfaces__rosidl_typesupport_fastrtps_c
[4.657s] [ 77%] [32m[1mLinking CXX shared library libpioneer_interfaces__rosidl_typesupport_fastrtps_cpp.so[0m
[4.726s] [ 77%] Built target pioneer_interfaces__rosidl_typesupport_fastrtps_cpp
[4.747s] [ 77%] Built target pioneer_interfaces
[4.768s] [ 79%] [34m[1mGenerating Python code for ROS interfaces[0m
[5.113s] [ 79%] Built target pioneer_interfaces__py
[5.132s] [ 81%] [32mBuilding C object CMakeFiles/pioneer_interfaces__rosidl_generator_py.dir/rosidl_generator_py/pioneer_interfaces/srv/_savemap_s.c.o[0m
[5.134s] [ 84%] [32mBuilding C object CMakeFiles/pioneer_interfaces__rosidl_generator_py.dir/rosidl_generator_py/pioneer_interfaces/srv/_getpoints_s.c.o[0m
[5.233s] [ 86%] [32m[1mLinking C shared library libpioneer_interfaces__rosidl_generator_py.so[0m
[5.276s] [ 86%] Built target pioneer_interfaces__rosidl_generator_py
[5.295s] [ 88%] [32mBuilding C object CMakeFiles/pioneer_interfaces_s__rosidl_typesupport_fastrtps_c.dir/rosidl_generator_py/pioneer_interfaces/_pioneer_interfaces_s.ep.rosidl_typesupport_fastrtps_c.c.o[0m
[5.296s] [ 93%] [32mBuilding C object CMakeFiles/pioneer_interfaces_s__rosidl_typesupport_c.dir/rosidl_generator_py/pioneer_interfaces/_pioneer_interfaces_s.ep.rosidl_typesupport_c.c.o[0m
[5.296s] [ 93%] [32mBuilding C object CMakeFiles/pioneer_interfaces_s__rosidl_typesupport_introspection_c.dir/rosidl_generator_py/pioneer_interfaces/_pioneer_interfaces_s.ep.rosidl_typesupport_introspection_c.c.o[0m
[5.381s] [ 95%] [32m[1mLinking C shared module rosidl_generator_py/pioneer_interfaces/pioneer_interfaces_s__rosidl_typesupport_fastrtps_c.so[0m
[5.381s] [100%] [32m[1mLinking C shared module rosidl_generator_py/pioneer_interfaces/pioneer_interfaces_s__rosidl_typesupport_c.so[0m
[5.381s] [100%] [32m[1mLinking C shared module rosidl_generator_py/pioneer_interfaces/pioneer_interfaces_s__rosidl_typesupport_introspection_c.so[0m
[5.414s] [100%] Built target pioneer_interfaces_s__rosidl_typesupport_c
[5.414s] [100%] Built target pioneer_interfaces_s__rosidl_typesupport_introspection_c
[5.415s] [100%] Built target pioneer_interfaces_s__rosidl_typesupport_fastrtps_c
[5.427s] Invoked command in '/home/liam-bouffard/Desktop/rob599_mobile_robotics/Homework_3/pioneer_ws/build/pioneer_interfaces' returned '0': CMAKE_PREFIX_PATH=${CMAKE_PREFIX_PATH}:/home/liam-bouffard/Desktop/rob599_mobile_robotics/Homework_3/pioneer_ws/install/start_robot:/home/liam-bouffard/Desktop/rob599_mobile_robotics/Homework_3/pioneer_ws/install/pioneer:/opt/ros/kilted DEBUGINFOD_URLS=https://debuginfod.ubuntu.com /usr/bin/cmake --build /home/liam-bouffard/Desktop/rob599_mobile_robotics/Homework_3/pioneer_ws/build/pioneer_interfaces -- -j32 -l32
[5.428s] Invoking command in '/home/liam-bouffard/Desktop/rob599_mobile_robotics/Homework_3/pioneer_ws/build/pioneer_interfaces': CMAKE_PREFIX_PATH=${CMAKE_PREFIX_PATH}:/home/liam-bouffard/Desktop/rob599_mobile_robotics/Homework_3/pioneer_ws/install/start_robot:/home/liam-bouffard/Desktop/rob599_mobile_robotics/Homework_3/pioneer_ws/install/pioneer:/opt/ros/kilted DEBUGINFOD_URLS=https://debuginfod.ubuntu.com /usr/bin/cmake --install /home/liam-bouffard/Desktop/rob599_mobile_robotics/Homework_3/pioneer_ws/build/pioneer_interfaces
[5.436s] -- Install configuration: ""
[5.437s] -- Execute custom install script
[5.437s] -- Symlinking: /home/liam-bouffard/Desktop/rob599_mobile_robotics/Homework_3/pioneer_ws/install/pioneer_interfaces/share/ament_index/resource_index/rosidl_interfaces/pioneer_interfaces
[5.444s] -- Symlinking: /home/liam-bouffard/Desktop/rob599_mobile_robotics/Homework_3/pioneer_ws/install/pioneer_interfaces/share/pioneer_interfaces/srv/Savemap.json
[5.451s] -- Symlinking: /home/liam-bouffard/Desktop/rob599_mobile_robotics/Homework_3/pioneer_ws/install/pioneer_interfaces/share/pioneer_interfaces/srv/Getpoints.json
[5.458s] -- Symlinking: /home/liam-bouffard/Desktop/rob599_mobile_robotics/Homework_3/pioneer_ws/install/pioneer_interfaces/include/pioneer_interfaces/pioneer_interfaces/msg/rosidl_generator_c__visibility_control.h
[5.468s] -- Symlinking: /home/liam-bouffard/Desktop/rob599_mobile_robotics/Homework_3/pioneer_ws/install/pioneer_interfaces/include/pioneer_interfaces/pioneer_interfaces/srv/detail/getpoints__functions.h
[5.477s] -- Symlinking: /home/liam-bouffard/Desktop/rob599_mobile_robotics/Homework_3/pioneer_ws/install/pioneer_interfaces/include/pioneer_interfaces/pioneer_interfaces/srv/detail/getpoints__struct.h
[5.485s] -- Symlinking: /home/liam-bouffard/Desktop/rob599_mobile_robotics/Homework_3/pioneer_ws/install/pioneer_interfaces/include/pioneer_interfaces/pioneer_interfaces/srv/detail/getpoints__type_support.h
[5.494s] -- Symlinking: /home/liam-bouffard/Desktop/rob599_mobile_robotics/Homework_3/pioneer_ws/install/pioneer_interfaces/include/pioneer_interfaces/pioneer_interfaces/srv/detail/savemap__functions.h
[5.500s] -- Symlinking: /home/liam-bouffard/Desktop/rob599_mobile_robotics/Homework_3/pioneer_ws/install/pioneer_interfaces/include/pioneer_interfaces/pioneer_interfaces/srv/detail/savemap__struct.h
[5.510s] -- Symlinking: /home/liam-bouffard/Desktop/rob599_mobile_robotics/Homework_3/pioneer_ws/install/pioneer_interfaces/include/pioneer_interfaces/pioneer_interfaces/srv/detail/savemap__type_support.h
[5.519s] -- Symlinking: /home/liam-bouffard/Desktop/rob599_mobile_robotics/Homework_3/pioneer_ws/install/pioneer_interfaces/include/pioneer_interfaces/pioneer_interfaces/srv/getpoints.h
[5.527s] -- Symlinking: /home/liam-bouffard/Desktop/rob599_mobile_robotics/Homework_3/pioneer_ws/install/pioneer_interfaces/include/pioneer_interfaces/pioneer_interfaces/srv/savemap.h
[5.534s] -- Symlinking: /home/liam-bouffard/Desktop/rob599_mobile_robotics/Homework_3/pioneer_ws/install/pioneer_interfaces/share/pioneer_interfaces/environment/library_path.sh
[5.544s] -- Symlinking: /home/liam-bouffard/Desktop/rob599_mobile_robotics/Homework_3/pioneer_ws/install/pioneer_interfaces/share/pioneer_interfaces/environment/library_path.dsv
[5.554s] -- Symlinking: /home/liam-bouffard/Desktop/rob599_mobile_robotics/Homework_3/pioneer_ws/install/pioneer_interfaces/include/pioneer_interfaces/pioneer_interfaces/msg/rosidl_typesupport_fastrtps_c__visibility_control.h
[5.562s] -- Symlinking: /home/liam-bouffard/Desktop/rob599_mobile_robotics/Homework_3/pioneer_ws/install/pioneer_interfaces/include/pioneer_interfaces/pioneer_interfaces/srv/detail/getpoints__rosidl_typesupport_fastrtps_c.h
[5.571s] -- Symlinking: /home/liam-bouffard/Desktop/rob599_mobile_robotics/Homework_3/pioneer_ws/install/pioneer_interfaces/include/pioneer_interfaces/pioneer_interfaces/srv/detail/savemap__rosidl_typesupport_fastrtps_c.h
[5.578s] -- Symlinking: /home/liam-bouffard/Desktop/rob599_mobile_robotics/Homework_3/pioneer_ws/install/pioneer_interfaces/include/pioneer_interfaces/pioneer_interfaces/msg/rosidl_typesupport_introspection_c__visibility_control.h
[5.586s] -- Symlinking: /home/liam-bouffard/Desktop/rob599_mobile_robotics/Homework_3/pioneer_ws/install/pioneer_interfaces/include/pioneer_interfaces/pioneer_interfaces/srv/detail/getpoints__rosidl_typesupport_introspection_c.h
[5.594s] -- Symlinking: /home/liam-bouffard/Desktop/rob599_mobile_robotics/Homework_3/pioneer_ws/install/pioneer_interfaces/include/pioneer_interfaces/pioneer_interfaces/srv/detail/savemap__rosidl_typesupport_introspection_c.h
[5.602s] -- Symlinking: /home/liam-bouffard/Desktop/rob599_mobile_robotics/Homework_3/pioneer_ws/install/pioneer_interfaces/include/pioneer_interfaces/pioneer_interfaces/msg/rosidl_generator_cpp__visibility_control.hpp
[5.610s] -- Symlinking: /home/liam-bouffard/Desktop/rob599_mobile_robotics/Homework_3/pioneer_ws/install/pioneer_interfaces/include/pioneer_interfaces/pioneer_interfaces/srv/detail/getpoints__builder.hpp
[5.616s] -- Symlinking: /home/liam-bouffard/Desktop/rob599_mobile_robotics/Homework_3/pioneer_ws/install/pioneer_interfaces/include/pioneer_interfaces/pioneer_interfaces/srv/detail/getpoints__struct.hpp
[5.626s] -- Symlinking: /home/liam-bouffard/Desktop/rob599_mobile_robotics/Homework_3/pioneer_ws/install/pioneer_interfaces/include/pioneer_interfaces/pioneer_interfaces/srv/detail/getpoints__traits.hpp
[5.635s] -- Symlinking: /home/liam-bouffard/Desktop/rob599_mobile_robotics/Homework_3/pioneer_ws/install/pioneer_interfaces/include/pioneer_interfaces/pioneer_interfaces/srv/detail/getpoints__type_support.hpp
[5.645s] -- Symlinking: /home/liam-bouffard/Desktop/rob599_mobile_robotics/Homework_3/pioneer_ws/install/pioneer_interfaces/include/pioneer_interfaces/pioneer_interfaces/srv/detail/savemap__builder.hpp
[5.653s] -- Symlinking: /home/liam-bouffard/Desktop/rob599_mobile_robotics/Homework_3/pioneer_ws/install/pioneer_interfaces/include/pioneer_interfaces/pioneer_interfaces/srv/detail/savemap__struct.hpp
[5.661s] -- Symlinking: /home/liam-bouffard/Desktop/rob599_mobile_robotics/Homework_3/pioneer_ws/install/pioneer_interfaces/include/pioneer_interfaces/pioneer_interfaces/srv/detail/savemap__traits.hpp
[5.670s] -- Symlinking: /home/liam-bouffard/Desktop/rob599_mobile_robotics/Homework_3/pioneer_ws/install/pioneer_interfaces/include/pioneer_interfaces/pioneer_interfaces/srv/detail/savemap__type_support.hpp
[5.679s] -- Symlinking: /home/liam-bouffard/Desktop/rob599_mobile_robotics/Homework_3/pioneer_ws/install/pioneer_interfaces/include/pioneer_interfaces/pioneer_interfaces/srv/getpoints.hpp
[5.688s] -- Symlinking: /home/liam-bouffard/Desktop/rob599_mobile_robotics/Homework_3/pioneer_ws/install/pioneer_interfaces/include/pioneer_interfaces/pioneer_interfaces/srv/savemap.hpp
[5.695s] -- Symlinking: /home/liam-bouffard/Desktop/rob599_mobile_robotics/Homework_3/pioneer_ws/install/pioneer_interfaces/include/pioneer_interfaces/pioneer_interfaces/msg/rosidl_typesupport_fastrtps_cpp__visibility_control.h
[5.704s] -- Symlinking: /home/liam-bouffard/Desktop/rob599_mobile_robotics/Homework_3/pioneer_ws/install/pioneer_interfaces/include/pioneer_interfaces/pioneer_interfaces/srv/detail/getpoints__rosidl_typesupport_fastrtps_cpp.hpp
[5.714s] -- Symlinking: /home/liam-bouffard/Desktop/rob599_mobile_robotics/Homework_3/pioneer_ws/install/pioneer_interfaces/include/pioneer_interfaces/pioneer_interfaces/srv/detail/savemap__rosidl_typesupport_fastrtps_cpp.hpp
[5.723s] -- Symlinking: /home/liam-bouffard/Desktop/rob599_mobile_robotics/Homework_3/pioneer_ws/install/pioneer_interfaces/include/pioneer_interfaces/pioneer_interfaces/srv/detail/getpoints__rosidl_typesupport_introspection_cpp.hpp
[5.729s] -- Symlinking: /home/liam-bouffard/Desktop/rob599_mobile_robotics/Homework_3/pioneer_ws/install/pioneer_interfaces/include/pioneer_interfaces/pioneer_interfaces/srv/detail/savemap__rosidl_typesupport_introspection_cpp.hpp
[5.737s] -- Symlinking: /home/liam-bouffard/Desktop/rob599_mobile_robotics/Homework_3/pioneer_ws/install/pioneer_interfaces/share/pioneer_interfaces/environment/pythonpath.sh
[5.744s] -- Symlinking: /home/liam-bouffard/Desktop/rob599_mobile_robotics/Homework_3/pioneer_ws/install/pioneer_interfaces/share/pioneer_interfaces/environment/pythonpath.dsv
[5.751s] -- Symlinking: /home/liam-bouffard/Desktop/rob599_mobile_robotics/Homework_3/pioneer_ws/install/pioneer_interfaces/lib/python3.12/site-packages/pioneer_interfaces-0.0.0-py3.12.egg-info/PKG-INFO
[5.759s] -- Symlinking: /home/liam-bouffard/Desktop/rob599_mobile_robotics/Homework_3/pioneer_ws/install/pioneer_interfaces/lib/python3.12/site-packages/pioneer_interfaces-0.0.0-py3.12.egg-info/SOURCES.txt
[5.768s] -- Symlinking: /home/liam-bouffard/Desktop/rob599_mobile_robotics/Homework_3/pioneer_ws/install/pioneer_interfaces/lib/python3.12/site-packages/pioneer_interfaces-0.0.0-py3.12.egg-info/dependency_links.txt
[5.776s] -- Symlinking: /home/liam-bouffard/Desktop/rob599_mobile_robotics/Homework_3/pioneer_ws/install/pioneer_interfaces/lib/python3.12/site-packages/pioneer_interfaces-0.0.0-py3.12.egg-info/top_level.txt
[5.785s] -- Symlinking: /home/liam-bouffard/Desktop/rob599_mobile_robotics/Homework_3/pioneer_ws/install/pioneer_interfaces/lib/python3.12/site-packages/pioneer_interfaces/__init__.py
[5.795s] -- Symlinking: /home/liam-bouffard/Desktop/rob599_mobile_robotics/Homework_3/pioneer_ws/install/pioneer_interfaces/lib/python3.12/site-packages/pioneer_interfaces/_pioneer_interfaces_s.ep.rosidl_typesupport_c.c
[5.803s] -- Symlinking: /home/liam-bouffard/Desktop/rob599_mobile_robotics/Homework_3/pioneer_ws/install/pioneer_interfaces/lib/python3.12/site-packages/pioneer_interfaces/_pioneer_interfaces_s.ep.rosidl_typesupport_fastrtps_c.c
[5.813s] -- Symlinking: /home/liam-bouffard/Desktop/rob599_mobile_robotics/Homework_3/pioneer_ws/install/pioneer_interfaces/lib/python3.12/site-packages/pioneer_interfaces/_pioneer_interfaces_s.ep.rosidl_typesupport_introspection_c.c
[5.821s] -- Symlinking: /home/liam-bouffard/Desktop/rob599_mobile_robotics/Homework_3/pioneer_ws/install/pioneer_interfaces/lib/python3.12/site-packages/pioneer_interfaces/pioneer_interfaces_s__rosidl_typesupport_c.so
[5.831s] -- Symlinking: /home/liam-bouffard/Desktop/rob599_mobile_robotics/Homework_3/pioneer_ws/install/pioneer_interfaces/lib/python3.12/site-packages/pioneer_interfaces/pioneer_interfaces_s__rosidl_typesupport_fastrtps_c.so
[5.838s] -- Symlinking: /home/liam-bouffard/Desktop/rob599_mobile_robotics/Homework_3/pioneer_ws/install/pioneer_interfaces/lib/python3.12/site-packages/pioneer_interfaces/pioneer_interfaces_s__rosidl_typesupport_introspection_c.so
[5.847s] -- Symlinking: /home/liam-bouffard/Desktop/rob599_mobile_robotics/Homework_3/pioneer_ws/install/pioneer_interfaces/lib/python3.12/site-packages/pioneer_interfaces/srv/__init__.py
[5.854s] -- Symlinking: /home/liam-bouffard/Desktop/rob599_mobile_robotics/Homework_3/pioneer_ws/install/pioneer_interfaces/lib/python3.12/site-packages/pioneer_interfaces/srv/_getpoints.py
[5.862s] -- Symlinking: /home/liam-bouffard/Desktop/rob599_mobile_robotics/Homework_3/pioneer_ws/install/pioneer_interfaces/lib/python3.12/site-packages/pioneer_interfaces/srv/_getpoints_s.c
[5.871s] -- Symlinking: /home/liam-bouffard/Desktop/rob599_mobile_robotics/Homework_3/pioneer_ws/install/pioneer_interfaces/lib/python3.12/site-packages/pioneer_interfaces/srv/_savemap.py
[5.880s] -- Symlinking: /home/liam-bouffard/Desktop/rob599_mobile_robotics/Homework_3/pioneer_ws/install/pioneer_interfaces/lib/python3.12/site-packages/pioneer_interfaces/srv/_savemap_s.c
[5.889s] -- Up-to-date symlink: /home/liam-bouffard/Desktop/rob599_mobile_robotics/Homework_3/pioneer_ws/install/pioneer_interfaces/lib/python3.12/site-packages/pioneer_interfaces/pioneer_interfaces_s__rosidl_typesupport_fastrtps_c.so
[5.889s] -- Up-to-date symlink: /home/liam-bouffard/Desktop/rob599_mobile_robotics/Homework_3/pioneer_ws/install/pioneer_interfaces/lib/python3.12/site-packages/pioneer_interfaces/pioneer_interfaces_s__rosidl_typesupport_introspection_c.so
[5.890s] -- Up-to-date symlink: /home/liam-bouffard/Desktop/rob599_mobile_robotics/Homework_3/pioneer_ws/install/pioneer_interfaces/lib/python3.12/site-packages/pioneer_interfaces/pioneer_interfaces_s__rosidl_typesupport_c.so
[5.890s] -- Symlinking: /home/liam-bouffard/Desktop/rob599_mobile_robotics/Homework_3/pioneer_ws/install/pioneer_interfaces/share/pioneer_interfaces/srv/Savemap.idl
[5.899s] -- Symlinking: /home/liam-bouffard/Desktop/rob599_mobile_robotics/Homework_3/pioneer_ws/install/pioneer_interfaces/share/pioneer_interfaces/srv/Getpoints.idl
[5.908s] -- Symlinking: /home/liam-bouffard/Desktop/rob599_mobile_robotics/Homework_3/pioneer_ws/install/pioneer_interfaces/share/pioneer_interfaces/srv/Savemap.srv
[5.915s] -- Symlinking: /home/liam-bouffard/Desktop/rob599_mobile_robotics/Homework_3/pioneer_ws/install/pioneer_interfaces/share/pioneer_interfaces/srv/Getpoints.srv
[5.925s] -- Symlinking: /home/liam-bouffard/Desktop/rob599_mobile_robotics/Homework_3/pioneer_ws/install/pioneer_interfaces/share/ament_index/resource_index/package_run_dependencies/pioneer_interfaces
[5.933s] -- Symlinking: /home/liam-bouffard/Desktop/rob599_mobile_robotics/Homework_3/pioneer_ws/install/pioneer_interfaces/share/ament_index/resource_index/parent_prefix_path/pioneer_interfaces
[5.943s] -- Symlinking: /home/liam-bouffard/Desktop/rob599_mobile_robotics/Homework_3/pioneer_ws/install/pioneer_interfaces/share/pioneer_interfaces/environment/ament_prefix_path.sh
[5.952s] -- Symlinking: /home/liam-bouffard/Desktop/rob599_mobile_robotics/Homework_3/pioneer_ws/install/pioneer_interfaces/share/pioneer_interfaces/environment/ament_prefix_path.dsv
[5.961s] -- Symlinking: /home/liam-bouffard/Desktop/rob599_mobile_robotics/Homework_3/pioneer_ws/install/pioneer_interfaces/share/pioneer_interfaces/environment/path.sh
[5.970s] -- Symlinking: /home/liam-bouffard/Desktop/rob599_mobile_robotics/Homework_3/pioneer_ws/install/pioneer_interfaces/share/pioneer_interfaces/environment/path.dsv
[5.981s] -- Symlinking: /home/liam-bouffard/Desktop/rob599_mobile_robotics/Homework_3/pioneer_ws/install/pioneer_interfaces/share/pioneer_interfaces/local_setup.bash
[5.990s] -- Symlinking: /home/liam-bouffard/Desktop/rob599_mobile_robotics/Homework_3/pioneer_ws/install/pioneer_interfaces/share/pioneer_interfaces/local_setup.sh
[5.999s] -- Symlinking: /home/liam-bouffard/Desktop/rob599_mobile_robotics/Homework_3/pioneer_ws/install/pioneer_interfaces/share/pioneer_interfaces/local_setup.zsh
[6.008s] -- Symlinking: /home/liam-bouffard/Desktop/rob599_mobile_robotics/Homework_3/pioneer_ws/install/pioneer_interfaces/share/pioneer_interfaces/local_setup.dsv
[6.016s] -- Symlinking: /home/liam-bouffard/Desktop/rob599_mobile_robotics/Homework_3/pioneer_ws/install/pioneer_interfaces/share/pioneer_interfaces/package.dsv
[6.023s] -- Symlinking: /home/liam-bouffard/Desktop/rob599_mobile_robotics/Homework_3/pioneer_ws/install/pioneer_interfaces/share/ament_index/resource_index/packages/pioneer_interfaces
[6.031s] -- Symlinking: /home/liam-bouffard/Desktop/rob599_mobile_robotics/Homework_3/pioneer_ws/install/pioneer_interfaces/share/pioneer_interfaces/cmake/rosidl_cmake-extras.cmake
[6.039s] -- Symlinking: /home/liam-bouffard/Desktop/rob599_mobile_robotics/Homework_3/pioneer_ws/install/pioneer_interfaces/share/pioneer_interfaces/cmake/ament_cmake_export_dependencies-extras.cmake
[6.047s] -- Symlinking: /home/liam-bouffard/Desktop/rob599_mobile_robotics/Homework_3/pioneer_ws/install/pioneer_interfaces/share/pioneer_interfaces/cmake/ament_cmake_export_include_directories-extras.cmake
[6.054s] -- Symlinking: /home/liam-bouffard/Desktop/rob599_mobile_robotics/Homework_3/pioneer_ws/install/pioneer_interfaces/share/pioneer_interfaces/cmake/ament_cmake_export_libraries-extras.cmake
[6.062s] -- Symlinking: /home/liam-bouffard/Desktop/rob599_mobile_robotics/Homework_3/pioneer_ws/install/pioneer_interfaces/share/pioneer_interfaces/cmake/ament_cmake_export_targets-extras.cmake
[6.071s] -- Symlinking: /home/liam-bouffard/Desktop/rob599_mobile_robotics/Homework_3/pioneer_ws/install/pioneer_interfaces/share/pioneer_interfaces/cmake/rosidl_cmake_export_typesupport_targets-extras.cmake
[6.081s] -- Symlinking: /home/liam-bouffard/Desktop/rob599_mobile_robotics/Homework_3/pioneer_ws/install/pioneer_interfaces/share/pioneer_interfaces/cmake/rosidl_cmake_export_typesupport_libraries-extras.cmake
[6.090s] -- Symlinking: /home/liam-bouffard/Desktop/rob599_mobile_robotics/Homework_3/pioneer_ws/install/pioneer_interfaces/share/pioneer_interfaces/cmake/pioneer_interfacesConfig.cmake
[6.096s] -- Symlinking: /home/liam-bouffard/Desktop/rob599_mobile_robotics/Homework_3/pioneer_ws/install/pioneer_interfaces/share/pioneer_interfaces/cmake/pioneer_interfacesConfig-version.cmake
[6.104s] -- Symlinking: /home/liam-bouffard/Desktop/rob599_mobile_robotics/Homework_3/pioneer_ws/install/pioneer_interfaces/share/pioneer_interfaces/package.xml
[6.113s] -- Installing: /home/liam-bouffard/Desktop/rob599_mobile_robotics/Homework_3/pioneer_ws/install/pioneer_interfaces/lib/libpioneer_interfaces__rosidl_generator_c.so
[6.114s] -- Set non-toolchain portion of runtime path of "/home/liam-bouffard/Desktop/rob599_mobile_robotics/Homework_3/pioneer_ws/install/pioneer_interfaces/lib/libpioneer_interfaces__rosidl_generator_c.so" to ""
[6.114s] -- Installing: /home/liam-bouffard/Desktop/rob599_mobile_robotics/Homework_3/pioneer_ws/install/pioneer_interfaces/lib/libpioneer_interfaces__rosidl_typesupport_fastrtps_c.so
[6.114s] -- Set non-toolchain portion of runtime path of "/home/liam-bouffard/Desktop/rob599_mobile_robotics/Homework_3/pioneer_ws/install/pioneer_interfaces/lib/libpioneer_interfaces__rosidl_typesupport_fastrtps_c.so" to ""
[6.114s] -- Installing: /home/liam-bouffard/Desktop/rob599_mobile_robotics/Homework_3/pioneer_ws/install/pioneer_interfaces/lib/libpioneer_interfaces__rosidl_typesupport_introspection_c.so
[6.114s] -- Set non-toolchain portion of runtime path of "/home/liam-bouffard/Desktop/rob599_mobile_robotics/Homework_3/pioneer_ws/install/pioneer_interfaces/lib/libpioneer_interfaces__rosidl_typesupport_introspection_c.so" to ""
[6.115s] -- Installing: /home/liam-bouffard/Desktop/rob599_mobile_robotics/Homework_3/pioneer_ws/install/pioneer_interfaces/lib/libpioneer_interfaces__rosidl_typesupport_c.so
[6.115s] -- Set non-toolchain portion of runtime path of "/home/liam-bouffard/Desktop/rob599_mobile_robotics/Homework_3/pioneer_ws/install/pioneer_interfaces/lib/libpioneer_interfaces__rosidl_typesupport_c.so" to ""
[6.115s] -- Installing: /home/liam-bouffard/Desktop/rob599_mobile_robotics/Homework_3/pioneer_ws/install/pioneer_interfaces/lib/libpioneer_interfaces__rosidl_typesupport_fastrtps_cpp.so
[6.115s] -- Set non-toolchain portion of runtime path of "/home/liam-bouffard/Desktop/rob599_mobile_robotics/Homework_3/pioneer_ws/install/pioneer_interfaces/lib/libpioneer_interfaces__rosidl_typesupport_fastrtps_cpp.so" to ""
[6.115s] -- Installing: /home/liam-bouffard/Desktop/rob599_mobile_robotics/Homework_3/pioneer_ws/install/pioneer_interfaces/lib/libpioneer_interfaces__rosidl_typesupport_introspection_cpp.so
[6.116s] -- Set non-toolchain portion of runtime path of "/home/liam-bouffard/Desktop/rob599_mobile_robotics/Homework_3/pioneer_ws/install/pioneer_interfaces/lib/libpioneer_interfaces__rosidl_typesupport_introspection_cpp.so" to ""
[6.116s] -- Installing: /home/liam-bouffard/Desktop/rob599_mobile_robotics/Homework_3/pioneer_ws/install/pioneer_interfaces/lib/libpioneer_interfaces__rosidl_typesupport_cpp.so
[6.116s] -- Set non-toolchain portion of runtime path of "/home/liam-bouffard/Desktop/rob599_mobile_robotics/Homework_3/pioneer_ws/install/pioneer_interfaces/lib/libpioneer_interfaces__rosidl_typesupport_cpp.so" to ""
[6.150s] Listing '/home/liam-bouffard/Desktop/rob599_mobile_robotics/Homework_3/pioneer_ws/install/pioneer_interfaces/lib/python3.12/site-packages/pioneer_interfaces'...
[6.150s] Compiling '/home/liam-bouffard/Desktop/rob599_mobile_robotics/Homework_3/pioneer_ws/install/pioneer_interfaces/lib/python3.12/site-packages/pioneer_interfaces/__init__.py'...
[6.150s] Listing '/home/liam-bouffard/Desktop/rob599_mobile_robotics/Homework_3/pioneer_ws/install/pioneer_interfaces/lib/python3.12/site-packages/pioneer_interfaces/srv'...
[6.150s] Compiling '/home/liam-bouffard/Desktop/rob599_mobile_robotics/Homework_3/pioneer_ws/install/pioneer_interfaces/lib/python3.12/site-packages/pioneer_interfaces/srv/__init__.py'...
[6.150s] Compiling '/home/liam-bouffard/Desktop/rob599_mobile_robotics/Homework_3/pioneer_ws/install/pioneer_interfaces/lib/python3.12/site-packages/pioneer_interfaces/srv/_getpoints.py'...
[6.150s] Compiling '/home/liam-bouffard/Desktop/rob599_mobile_robotics/Homework_3/pioneer_ws/install/pioneer_interfaces/lib/python3.12/site-packages/pioneer_interfaces/srv/_savemap.py'...
[6.154s] -- Installing: /home/liam-bouffard/Desktop/rob599_mobile_robotics/Homework_3/pioneer_ws/install/pioneer_interfaces/lib/libpioneer_interfaces__rosidl_generator_py.so
[6.154s] -- Set non-toolchain portion of runtime path of "/home/liam-bouffard/Desktop/rob599_mobile_robotics/Homework_3/pioneer_ws/install/pioneer_interfaces/lib/libpioneer_interfaces__rosidl_generator_py.so" to ""
[6.154s] -- Installing: /home/liam-bouffard/Desktop/rob599_mobile_robotics/Homework_3/pioneer_ws/install/pioneer_interfaces/share/pioneer_interfaces/cmake/export_pioneer_interfaces__rosidl_generator_cExport.cmake
[6.155s] -- Installing: /home/liam-bouffard/Desktop/rob599_mobile_robotics/Homework_3/pioneer_ws/install/pioneer_interfaces/share/pioneer_interfaces/cmake/export_pioneer_interfaces__rosidl_generator_cExport-noconfig.cmake
[6.155s] -- Installing: /home/liam-bouffard/Desktop/rob599_mobile_robotics/Homework_3/pioneer_ws/install/pioneer_interfaces/share/pioneer_interfaces/cmake/export_pioneer_interfaces__rosidl_typesupport_fastrtps_cExport.cmake
[6.155s] -- Installing: /home/liam-bouffard/Desktop/rob599_mobile_robotics/Homework_3/pioneer_ws/install/pioneer_interfaces/share/pioneer_interfaces/cmake/export_pioneer_interfaces__rosidl_typesupport_fastrtps_cExport-noconfig.cmake
[6.155s] -- Installing: /home/liam-bouffard/Desktop/rob599_mobile_robotics/Homework_3/pioneer_ws/install/pioneer_interfaces/share/pioneer_interfaces/cmake/pioneer_interfaces__rosidl_typesupport_introspection_cExport.cmake
[6.155s] -- Installing: /home/liam-bouffard/Desktop/rob599_mobile_robotics/Homework_3/pioneer_ws/install/pioneer_interfaces/share/pioneer_interfaces/cmake/pioneer_interfaces__rosidl_typesupport_introspection_cExport-noconfig.cmake
[6.155s] -- Installing: /home/liam-bouffard/Desktop/rob599_mobile_robotics/Homework_3/pioneer_ws/install/pioneer_interfaces/share/pioneer_interfaces/cmake/pioneer_interfaces__rosidl_typesupport_cExport.cmake
[6.155s] -- Installing: /home/liam-bouffard/Desktop/rob599_mobile_robotics/Homework_3/pioneer_ws/install/pioneer_interfaces/share/pioneer_interfaces/cmake/pioneer_interfaces__rosidl_typesupport_cExport-noconfig.cmake
[6.155s] -- Installing: /home/liam-bouffard/Desktop/rob599_mobile_robotics/Homework_3/pioneer_ws/install/pioneer_interfaces/share/pioneer_interfaces/cmake/export_pioneer_interfaces__rosidl_generator_cppExport.cmake
[6.155s] -- Installing: /home/liam-bouffard/Desktop/rob599_mobile_robotics/Homework_3/pioneer_ws/install/pioneer_interfaces/share/pioneer_interfaces/cmake/export_pioneer_interfaces__rosidl_typesupport_fastrtps_cppExport.cmake
[6.155s] -- Installing: /home/liam-bouffard/Desktop/rob599_mobile_robotics/Homework_3/pioneer_ws/install/pioneer_interfaces/share/pioneer_interfaces/cmake/export_pioneer_interfaces__rosidl_typesupport_fastrtps_cppExport-noconfig.cmake
[6.156s] -- Installing: /home/liam-bouffard/Desktop/rob599_mobile_robotics/Homework_3/pioneer_ws/install/pioneer_interfaces/share/pioneer_interfaces/cmake/pioneer_interfaces__rosidl_typesupport_introspection_cppExport.cmake
[6.156s] -- Installing: /home/liam-bouffard/Desktop/rob599_mobile_robotics/Homework_3/pioneer_ws/install/pioneer_interfaces/share/pioneer_interfaces/cmake/pioneer_interfaces__rosidl_typesupport_introspection_cppExport-noconfig.cmake
[6.156s] -- Installing: /home/liam-bouffard/Desktop/rob599_mobile_robotics/Homework_3/pioneer_ws/install/pioneer_interfaces/share/pioneer_interfaces/cmake/pioneer_interfaces__rosidl_typesupport_cppExport.cmake
[6.156s] -- Installing: /home/liam-bouffard/Desktop/rob599_mobile_robotics/Homework_3/pioneer_ws/install/pioneer_interfaces/share/pioneer_interfaces/cmake/pioneer_interfaces__rosidl_typesupport_cppExport-noconfig.cmake
[6.156s] -- Installing: /home/liam-bouffard/Desktop/rob599_mobile_robotics/Homework_3/pioneer_ws/install/pioneer_interfaces/share/pioneer_interfaces/cmake/export_pioneer_interfaces__rosidl_generator_pyExport.cmake
[6.156s] -- Installing: /home/liam-bouffard/Desktop/rob599_mobile_robotics/Homework_3/pioneer_ws/install/pioneer_interfaces/share/pioneer_interfaces/cmake/export_pioneer_interfaces__rosidl_generator_pyExport-noconfig.cmake
[6.157s] Invoked command in '/home/liam-bouffard/Desktop/rob599_mobile_robotics/Homework_3/pioneer_ws/build/pioneer_interfaces' returned '0': CMAKE_PREFIX_PATH=${CMAKE_PREFIX_PATH}:/home/liam-bouffard/Desktop/rob599_mobile_robotics/Homework_3/pioneer_ws/install/start_robot:/home/liam-bouffard/Desktop/rob599_mobile_robotics/Homework_3/pioneer_ws/install/pioneer:/opt/ros/kilted DEBUGINFOD_URLS=https://debuginfod.ubuntu.com /usr/bin/cmake --install /home/liam-bouffard/Desktop/rob599_mobile_robotics/Homework_3/pioneer_ws/build/pioneer_interfaces
