[1.250s] Invoking command in '/home/liam-bouffard/Desktop/rob599_mobile_robotics/Homework_4/pioneer_ws/build/pioneer': DEBUGINFOD_URLS=https://debuginfod.ubuntu.com PYTHONPATH=/home/liam-bouffard/Desktop/rob599_mobile_robotics/Homework_4/pioneer_ws/build/pioneer/prefix_override:/usr/lib/python3/dist-packages/colcon_core/task/python/colcon_distutils_commands:/home/liam-bouffard/Desktop/rob599_mobile_robotics/Homework_4/pioneer_ws/install/pioneer/lib/python3.12/site-packages:${PYTHONPATH} /usr/bin/python3 -W ignore:setup.py install is deprecated -W ignore:easy_install command is deprecated setup.py develop --editable --build-directory /home/liam-bouffard/Desktop/rob599_mobile_robotics/Homework_4/pioneer_ws/build/pioneer/build --no-deps symlink_data
[1.774s] running develop
[2.075s] running egg_info
[2.075s] creating pioneer.egg-info
[2.105s] writing pioneer.egg-info/PKG-INFO
[2.105s] writing dependency_links to pioneer.egg-info/dependency_links.txt
[2.105s] writing entry points to pioneer.egg-info/entry_points.txt
[2.105s] writing requirements to pioneer.egg-info/requires.txt
[2.106s] writing top-level names to pioneer.egg-info/top_level.txt
[2.106s] writing manifest file 'pioneer.egg-info/SOURCES.txt'
[2.165s] reading manifest file 'pioneer.egg-info/SOURCES.txt'
[2.166s] writing manifest file 'pioneer.egg-info/SOURCES.txt'
[2.198s] running build_ext
[2.198s] Creating /home/liam-bouffard/Desktop/rob599_mobile_robotics/Homework_4/pioneer_ws/install/pioneer/lib/python3.12/site-packages/pioneer.egg-link (link to .)
[2.199s] Installing driver script to /home/liam-bouffard/Desktop/rob599_mobile_robotics/Homework_4/pioneer_ws/install/pioneer/lib/pioneer
[2.199s] Installing localization script to /home/liam-bouffard/Desktop/rob599_mobile_robotics/Homework_4/pioneer_ws/install/pioneer/lib/pioneer
[2.200s] Installing mapping script to /home/liam-bouffard/Desktop/rob599_mobile_robotics/Homework_4/pioneer_ws/install/pioneer/lib/pioneer
[2.200s] Installing path_planning script to /home/liam-bouffard/Desktop/rob599_mobile_robotics/Homework_4/pioneer_ws/install/pioneer/lib/pioneer
[2.201s] Installing savemap script to /home/liam-bouffard/Desktop/rob599_mobile_robotics/Homework_4/pioneer_ws/install/pioneer/lib/pioneer
[2.202s] Installing world_tf script to /home/liam-bouffard/Desktop/rob599_mobile_robotics/Homework_4/pioneer_ws/install/pioneer/lib/pioneer
[2.202s] 
[2.202s] Installed /home/liam-bouffard/Desktop/rob599_mobile_robotics/Homework_4/pioneer_ws/build/pioneer
[2.202s] running symlink_data
[2.202s] creating /home/liam-bouffard/Desktop/rob599_mobile_robotics/Homework_4/pioneer_ws/install/pioneer/share/ament_index
[2.202s] creating /home/liam-bouffard/Desktop/rob599_mobile_robotics/Homework_4/pioneer_ws/install/pioneer/share/ament_index/resource_index
[2.203s] creating /home/liam-bouffard/Desktop/rob599_mobile_robotics/Homework_4/pioneer_ws/install/pioneer/share/ament_index/resource_index/packages
[2.203s] symbolically linking /home/liam-bouffard/Desktop/rob599_mobile_robotics/Homework_4/pioneer_ws/build/pioneer/resource/pioneer -> /home/liam-bouffard/Desktop/rob599_mobile_robotics/Homework_4/pioneer_ws/install/pioneer/share/ament_index/resource_index/packages
[2.203s] symbolically linking /home/liam-bouffard/Desktop/rob599_mobile_robotics/Homework_4/pioneer_ws/build/pioneer/package.xml -> /home/liam-bouffard/Desktop/rob599_mobile_robotics/Homework_4/pioneer_ws/install/pioneer/share/pioneer
[2.203s] creating /home/liam-bouffard/Desktop/rob599_mobile_robotics/Homework_4/pioneer_ws/install/pioneer/share/pioneer/launch
[2.203s] symbolically linking /home/liam-bouffard/Desktop/rob599_mobile_robotics/Homework_4/pioneer_ws/build/pioneer/launch/robot_launch.py -> /home/liam-bouffard/Desktop/rob599_mobile_robotics/Homework_4/pioneer_ws/install/pioneer/share/pioneer/launch
[2.203s] creating /home/liam-bouffard/Desktop/rob599_mobile_robotics/Homework_4/pioneer_ws/install/pioneer/share/pioneer/saved_maps
[2.204s] symbolically linking /home/liam-bouffard/Desktop/rob599_mobile_robotics/Homework_4/pioneer_ws/build/pioneer/pioneer/saved_maps/rink.png -> /home/liam-bouffard/Desktop/rob599_mobile_robotics/Homework_4/pioneer_ws/install/pioneer/share/pioneer/saved_maps
[2.204s] symbolically linking /home/liam-bouffard/Desktop/rob599_mobile_robotics/Homework_4/pioneer_ws/build/pioneer/pioneer/saved_maps/warehouse.png -> /home/liam-bouffard/Desktop/rob599_mobile_robotics/Homework_4/pioneer_ws/install/pioneer/share/pioneer/saved_maps
[2.204s] symbolically linking /home/liam-bouffard/Desktop/rob599_mobile_robotics/Homework_4/pioneer_ws/build/pioneer/pioneer/saved_maps/office_easy.png -> /home/liam-bouffard/Desktop/rob599_mobile_robotics/Homework_4/pioneer_ws/install/pioneer/share/pioneer/saved_maps
[2.204s] symbolically linking /home/liam-bouffard/Desktop/rob599_mobile_robotics/Homework_4/pioneer_ws/build/pioneer/pioneer/saved_maps/cave.png -> /home/liam-bouffard/Desktop/rob599_mobile_robotics/Homework_4/pioneer_ws/install/pioneer/share/pioneer/saved_maps
[2.204s] symbolically linking /home/liam-bouffard/Desktop/rob599_mobile_robotics/Homework_4/pioneer_ws/build/pioneer/pioneer/saved_maps/map.png -> /home/liam-bouffard/Desktop/rob599_mobile_robotics/Homework_4/pioneer_ws/install/pioneer/share/pioneer/saved_maps
[2.204s] symbolically linking /home/liam-bouffard/Desktop/rob599_mobile_robotics/Homework_4/pioneer_ws/build/pioneer/pioneer/saved_maps/buffed_occ_grid.png -> /home/liam-bouffard/Desktop/rob599_mobile_robotics/Homework_4/pioneer_ws/install/pioneer/share/pioneer/saved_maps
[2.205s] symbolically linking /home/liam-bouffard/Desktop/rob599_mobile_robotics/Homework_4/pioneer_ws/build/pioneer/pioneer/saved_maps/occ_grid.png -> /home/liam-bouffard/Desktop/rob599_mobile_robotics/Homework_4/pioneer_ws/install/pioneer/share/pioneer/saved_maps
[2.205s] symbolically linking /home/liam-bouffard/Desktop/rob599_mobile_robotics/Homework_4/pioneer_ws/build/pioneer/pioneer/saved_maps/path_planned.png -> /home/liam-bouffard/Desktop/rob599_mobile_robotics/Homework_4/pioneer_ws/install/pioneer/share/pioneer/saved_maps
[2.205s] symbolically linking /home/liam-bouffard/Desktop/rob599_mobile_robotics/Homework_4/pioneer_ws/build/pioneer/pioneer/saved_maps/office_cropped.png -> /home/liam-bouffard/Desktop/rob599_mobile_robotics/Homework_4/pioneer_ws/install/pioneer/share/pioneer/saved_maps
[2.205s] symbolically linking /home/liam-bouffard/Desktop/rob599_mobile_robotics/Homework_4/pioneer_ws/build/pioneer/pioneer/saved_maps/autolab.png -> /home/liam-bouffard/Desktop/rob599_mobile_robotics/Homework_4/pioneer_ws/install/pioneer/share/pioneer/saved_maps
[2.205s] symbolically linking /home/liam-bouffard/Desktop/rob599_mobile_robotics/Homework_4/pioneer_ws/build/pioneer/pioneer/saved_maps/office_hard.png -> /home/liam-bouffard/Desktop/rob599_mobile_robotics/Homework_4/pioneer_ws/install/pioneer/share/pioneer/saved_maps
[2.205s] symbolically linking /home/liam-bouffard/Desktop/rob599_mobile_robotics/Homework_4/pioneer_ws/build/pioneer/pioneer/saved_maps/warehouse_obstacle.png -> /home/liam-bouffard/Desktop/rob599_mobile_robotics/Homework_4/pioneer_ws/install/pioneer/share/pioneer/saved_maps
[2.205s] symbolically linking /home/liam-bouffard/Desktop/rob599_mobile_robotics/Homework_4/pioneer_ws/build/pioneer/pioneer/saved_maps/office.png -> /home/liam-bouffard/Desktop/rob599_mobile_robotics/Homework_4/pioneer_ws/install/pioneer/share/pioneer/saved_maps
[2.243s] Invoked command in '/home/liam-bouffard/Desktop/rob599_mobile_robotics/Homework_4/pioneer_ws/build/pioneer' returned '0': DEBUGINFOD_URLS=https://debuginfod.ubuntu.com PYTHONPATH=/home/liam-bouffard/Desktop/rob599_mobile_robotics/Homework_4/pioneer_ws/build/pioneer/prefix_override:/usr/lib/python3/dist-packages/colcon_core/task/python/colcon_distutils_commands:/home/liam-bouffard/Desktop/rob599_mobile_robotics/Homework_4/pioneer_ws/install/pioneer/lib/python3.12/site-packages:${PYTHONPATH} /usr/bin/python3 -W ignore:setup.py install is deprecated -W ignore:easy_install command is deprecated setup.py develop --editable --build-directory /home/liam-bouffard/Desktop/rob599_mobile_robotics/Homework_4/pioneer_ws/build/pioneer/build --no-deps symlink_data
